== ① 审计规模处方表（80 任务池，超几何） ==
K1(N=4): n=8:0.35 n=16:0.60 n=32:0.88 n=48:0.98 n=64:1.00 n=72:1.00 | 90%需n=35 95%需n=42
T1(N=5): n=8:0.42 n=16:0.68 n=32:0.93 n=48:0.99 n=64:1.00 n=72:1.00 | 90%需n=29 95%需n=36
任一毒(N=9): n=8:0.63 n=16:0.88 n=32:0.99 n=48:1.00 n=64:1.00 n=72:1.00 | 90%需n=18 95%需n=22
== ② 前瞻组演化 seeds 25–40 ==
build: 生成 spec.md / 提示词速查.md / citations.md → D:\临时工作区\大审查-工作包-20260909\衔尾蛇\sandbox\lib-x10-ng-s25（手改生成区=违例）
install: L2 + [] → D:\临时工作区\大审查-工作包-20260909\衔尾蛇\sandbox\lib-x10-ng-s25
  交付内容体 29 个（含 {SLOT} 待填文件 11 个——按 install 指南填槽）
  待填槽文件（示例）: modules/m-core/install.md, modules/m-core/template/ROOT-README.md, modules/m-index/install.md, modules/m-index/template/knowledge/_index.md, modules/m-tools/install.md…
  Merkle 根（排除 state.json）: 20463969009ebe8168368e6286db0873f779a5cf897100d6d2838175f6a42fe2
  请将此根抄录至人侧（公理E）
append: e0 事件哈希 89d2831927d1ae63…
append: e1 事件哈希 31533129e4881262…
append: e2 事件哈希 9bd4eaaa2343b73e…
append: e3 事件哈希 badd00fc3ec8ec09…
append: e4 事件哈希 5704d0136f18c999…
append: e5 事件哈希 fae1648f31fd88ad…
append: e6 事件哈希 a53c75dff695236d…
append: e7 事件哈希 d81b4515e7364db1…
append: e8 事件哈希 63ac73650200954e…
append: e9 事件哈希 c4cf0da425fd4e39…
append: e10 事件哈希 a50331e44227f6bc…
append: e11 事件哈希 a969db7a585d6fe3…
append: e12 事件哈希 e28c84c7bbe7a04a…
append: e13 事件哈希 35952c96ac1102f6…
append: e14 事件哈希 16210facce6072f3…
append: e15 事件哈希 f327f4817892789b…
append: e16 事件哈希 8cd559fa62bfb832…
append: e17 事件哈希 6ab80f183c01ba2c…
append: e18 事件哈希 800be79dda8c94fa…
append: e19 事件哈希 a12688db1d5278d7…
append: e20 事件哈希 c7b7d31533d0336e…
append: e21 事件哈希 0f726b489d5753b1…
append: e22 事件哈希 20f25887f1964737…
append: e23 事件哈希 be404733539ad5b1…
append: e24 事件哈希 2faf8ac1641108b8…
append: e25 事件哈希 52d515937e75f8e8…
append: e26 事件哈希 b07a56e0c895b08f…
append: e27 事件哈希 523c7367e53542ba…
append: e28 事件哈希 16fc1d18dae36065…
append: e29 事件哈希 c3995bb5dd9e257f…
append: e30 事件哈希 8826be2156059972…
append: e31 事件哈希 57a0b4eee44eee82…
append: e32 事件哈希 ca93a62793f01662…
append: e33 事件哈希 0c44358b1a59fec1…
append: e34 事件哈希 d4f1a465e7e35151…
append: e35 事件哈希 a6397383710df469…
append: e36 事件哈希 e07187991d456a0c…
append: e37 事件哈希 5ef940c6ce578bea…
append: e38 事件哈希 3cbe9667abcd7fff…
append: e39 事件哈希 158ce7e9e2931961…
append: e40 事件哈希 026b6e8f4aabab89…
append: e41 事件哈希 629cd8d7afb18913…
append: e42 事件哈希 a95efbd524eb40b1…
append: e43 事件哈希 78478b719b61758f…
append: e44 事件哈希 5364cd0855082d3e…
append: e45 事件哈希 1516f248507bf728…
append: e46 事件哈希 4b7c44ab2efb6857…
append: e47 事件哈希 ee07c427a79fb017…
append: e48 事件哈希 8244226e540ad0e2…
append: e49 事件哈希 abbb0950b87c132f…
append: e50 事件哈希 a479e471c60cdeb5…
append: e51 事件哈希 2cd1891a347c88a7…
append: e52 事件哈希 7f30d86196747c7f…
append: e53 事件哈希 22faaac607e2db92…
append: e54 事件哈希 62fc837aea8cd866…
append: e55 事件哈希 0fbaebab6c31a71d…
append: e56 事件哈希 0d8fb9228c040778…
append: e57 事件哈希 a98052cfc03ece99…
append: e58 事件哈希 4d8aeff75fe8f11f…
append: e59 事件哈希 e6fc2fa55b56786c…
append: e60 事件哈希 54f5cc5051346325…
append: e61 事件哈希 ec064ed001f8f55a…
append: e62 事件哈希 def39f82f5b7a58c…
append: e63 事件哈希 ccfafabe57eff396…
append: e64 事件哈希 5851715ef2582408…
append: e65 事件哈希 1de48285e6c77521…
append: e66 事件哈希 b980e311547d8fd3…
append: e67 事件哈希 0b00945152a7e147…
append: e68 事件哈希 ac9488f6d68ad9e6…
append: e69 事件哈希 245c907ff00a8338…
append: e70 事件哈希 100954180dcf1ec1…
append: e71 事件哈希 fb0c758373abe3ab…
append: e72 事件哈希 7c52d2e4698ac303…
append: e73 事件哈希 8fd1a198ac89262c…
append: e74 事件哈希 3e4490d8a4c3dcda…
append: e75 事件哈希 c887563d4ee019d2…
append: e76 事件哈希 f622cb37ec9e1d96…
append: e77 事件哈希 7b1cf412003d78d5…
append: e78 事件哈希 9605deadd1785091…
append: e79 事件哈希 71d06a296d9d8d55…
[s25] task=1.00 {'w_kw': 5.1, 'w_content': 6.75, 'w_imp': 0.0, 'w_age': 0.0425, 'filter_zero': 1} doctor=OK
build: 生成 spec.md / 提示词速查.md / citations.md → D:\临时工作区\大审查-工作包-20260909\衔尾蛇\sandbox\lib-x10-ng-s26（手改生成区=违例）
install: L2 + [] → D:\临时工作区\大审查-工作包-20260909\衔尾蛇\sandbox\lib-x10-ng-s26
  交付内容体 29 个（含 {SLOT} 待填文件 11 个——按 install 指南填槽）
  待填槽文件（示例）: modules/m-core/install.md, modules/m-core/template/ROOT-README.md, modules/m-index/install.md, modules/m-index/template/knowledge/_index.md, modules/m-tools/install.md…
  Merkle 根（排除 state.json）: 0ede223b9c50a6d11b5695c347c77269a5dd238f06100566cf855a52a10f0a75
  请将此根抄录至人侧（公理E）
append: e0 事件哈希 89d2831927d1ae63…
append: e1 事件哈希 31533129e4881262…
append: e2 事件哈希 9bd4eaaa2343b73e…
append: e3 事件哈希 badd00fc3ec8ec09…
append: e4 事件哈希 9f9b54d519bce609…
append: e5 事件哈希 8a57c1d4f6ab2a30…
append: e6 事件哈希 a9c5c82da1ad88a7…
append: e7 事件哈希 6c38ed97de30b5ca…
append: e8 事件哈希 09faeedc9728b758…
append: e9 事件哈希 dabda95b25f76832…
append: e10 事件哈希 f8b9579f10d979b8…
append: e11 事件哈希 15d9f50ff01cf071…
append: e12 事件哈希 fa8cf6507f4f9194…
append: e13 事件哈希 4eb73182d6cc5364…
append: e14 事件哈希 3296e20f12569093…
append: e15 事件哈希 0ae6f9a0ee762d1d…
append: e16 事件哈希 5111c0165232f8e0…
append: e17 事件哈希 63da01a06c680523…
append: e18 事件哈希 7cdb60a9dab4e114…
append: e19 事件哈希 cce72fb70136adf4…
append: e20 事件哈希 3a9a58e3ea499386…
append: e21 事件哈希 2579e0e63db4c9ba…
append: e22 事件哈希 dbbaaf15428d4ed9…
append: e23 事件哈希 35b7c98d08f0e61d…
append: e24 事件哈希 81fb86d465850d50…
append: e25 事件哈希 c7249280b1b85974…
append: e26 事件哈希 19644094538d15a2…
append: e27 事件哈希 6729993158099630…
append: e28 事件哈希 6351fdaa4c307b95…
append: e29 事件哈希 919cafdda9bd6395…
append: e30 事件哈希 f0f8b0b2b777c40d…
append: e31 事件哈希 b5eb46424787a91c…
append: e32 事件哈希 7f0be94ada7b3a49…
append: e33 事件哈希 f5d895318170116e…
append: e34 事件哈希 147b09821a7d1efb…
append: e35 事件哈希 508427ebca7999a1…
append: e36 事件哈希 32acc1c4691b3aae…
append: e37 事件哈希 8e3fccccc5434659…
append: e38 事件哈希 2309491477bc7288…
append: e39 事件哈希 669b9ceadb1b1e1b…
append: e40 事件哈希 56e4b04d31bd5711…
append: e41 事件哈希 4de89ba3b462ae1d…
append: e42 事件哈希 93638da1bd9ed532…
append: e43 事件哈希 fa7b188b5e8b9741…
append: e44 事件哈希 60c27dc383eddfe0…
append: e45 事件哈希 8fbd79fda4988c35…
append: e46 事件哈希 3ec4a626c084418a…
append: e47 事件哈希 97a68b84e3799bdd…
append: e48 事件哈希 bc9a8f569012f408…
append: e49 事件哈希 d9e95d1dd041b9d9…
append: e50 事件哈希 0f2c16317ca2a627…
append: e51 事件哈希 ab0e0de3439d1841…
append: e52 事件哈希 188fc539e1060b1e…
append: e53 事件哈希 e8ca847b811840da…
append: e54 事件哈希 5dca37858f8f49cf…
append: e55 事件哈希 5d01dfca4cc63287…
append: e56 事件哈希 4a40ff3e60e7bd63…
append: e57 事件哈希 25c8a514acc7701a…
append: e58 事件哈希 7b240bec735b0d98…
append: e59 事件哈希 cc2b4c349a9bb7ac…
append: e60 事件哈希 1e9e23db436c73d5…
append: e61 事件哈希 f583ea61bdc726b5…
append: e62 事件哈希 c2e18037d69d37da…
append: e63 事件哈希 2a48e39630e8cd8f…
append: e64 事件哈希 b2acc79e2e5850ea…
append: e65 事件哈希 357a3e6d0e99269c…
append: e66 事件哈希 96b768febfaab57f…
append: e67 事件哈希 fa1c3846a93c8402…
append: e68 事件哈希 360c1a94dd68b0fd…
append: e69 事件哈希 1fa26cc251626582…
append: e70 事件哈希 2d3c4b46eb55cd4f…
append: e71 事件哈希 ba66b8a45cd80550…
append: e72 事件哈希 c21719fa03673627…
append: e73 事件哈希 07fa3e6fcd4c017d…
append: e74 事件哈希 877f92f08aec14e8…
append: e75 事件哈希 62a5e18d4e20fe84…
append: e76 事件哈希 f6176a6686035132…
append: e77 事件哈希 87c92cfd71270d8b…
append: e78 事件哈希 54c47b1a4a38917e…
append: e79 事件哈希 7ced492f118d53b0…
[s26] task=1.00 {'w_kw': 3.0, 'w_content': 1.0, 'w_imp': 0.0, 'w_age': 0.0, 'filter_zero': 1} doctor=OK
build: 生成 spec.md / 提示词速查.md / citations.md → D:\临时工作区\大审查-工作包-20260909\衔尾蛇\sandbox\lib-x10-ng-s27（手改生成区=违例）
install: L2 + [] → D:\临时工作区\大审查-工作包-20260909\衔尾蛇\sandbox\lib-x10-ng-s27
  交付内容体 29 个（含 {SLOT} 待填文件 11 个——按 install 指南填槽）
  待填槽文件（示例）: modules/m-core/install.md, modules/m-core/template/ROOT-README.md, modules/m-index/install.md, modules/m-index/template/knowledge/_index.md, modules/m-tools/install.md…
  Merkle 根（排除 state.json）: 42a548fd348a6908710b08cd67a3833218e5115c47853c71b6dee413aa647347
  请将此根抄录至人侧（公理E）
append: e0 事件哈希 aa6cb4371edac1b5…
append: e1 事件哈希 c18cfad4c15f8340…
append: e2 事件哈希 aaa4cd6b4967640a…
append: e3 事件哈希 20d5c7f471067b22…
append: e4 事件哈希 3b1182316359f936…
append: e5 事件哈希 45359d4fd4f27a12…
append: e6 事件哈希 13c960d609171fb4…
append: e7 事件哈希 101ae75d06ba9d14…
append: e8 事件哈希 28f5a0b0726f3fc1…
append: e9 事件哈希 e128130b384f120b…
append: e10 事件哈希 50b2a0df71ab6f38…
append: e11 事件哈希 e7b4300881679fad…
append: e12 事件哈希 3fdd6160a2c94910…
append: e13 事件哈希 3f487f1aa5891e67…
append: e14 事件哈希 504464b6aeee3c53…
append: e15 事件哈希 e4f98cea08809c2a…
append: e16 事件哈希 c6ea2536d6b157ed…
append: e17 事件哈希 bacc81a7451b330f…
append: e18 事件哈希 5a7334143c1e1a98…
append: e19 事件哈希 291d71253f031d80…
append: e20 事件哈希 cb9cc3ebf9acc2d4…
append: e21 事件哈希 56cba280517ae1bd…
append: e22 事件哈希 aa182e8e2aaf6bdf…
append: e23 事件哈希 5564fa170c3e32d8…
append: e24 事件哈希 abfa041dd168c02e…
append: e25 事件哈希 a3a29531b4b908d1…
append: e26 事件哈希 1a12e27f1e014921…
append: e27 事件哈希 09c29ab2154210f7…
append: e28 事件哈希 68bd63f6571019bf…
append: e29 事件哈希 6cfa39259cdd965f…
append: e30 事件哈希 af34822d5fc737bc…
append: e31 事件哈希 314737792505f675…
append: e32 事件哈希 d83a272c380e7a62…
append: e33 事件哈希 4db2816f31e3264d…
append: e34 事件哈希 d9cc9cd1d7dba497…
append: e35 事件哈希 17233ac639881c65…
append: e36 事件哈希 1fdf11ff1f12761c…
append: e37 事件哈希 c5f3f29b7fc67ba0…
append: e38 事件哈希 9c098fd8fb4608b2…
append: e39 事件哈希 10a0dcc6caaab406…
append: e40 事件哈希 afe5ed799f428911…
append: e41 事件哈希 dfeb20913feaded2…
append: e42 事件哈希 4d138bfb98cfdb6e…
append: e43 事件哈希 d4ef74b69b1e3612…
append: e44 事件哈希 d429ffe8cbbde523…
append: e45 事件哈希 b0217443ca0c33d6…
append: e46 事件哈希 a7040667c90f1477…
append: e47 事件哈希 53f6c8cfa5aecb44…
append: e48 事件哈希 0ba073c31bc5ccf0…
append: e49 事件哈希 02edeed0f3dd4c7b…
append: e50 事件哈希 52de2e79a7c67a2f…
append: e51 事件哈希 b9c45160a5cb57b7…
append: e52 事件哈希 e5d81e678baba999…
append: e53 事件哈希 1f5a772a22252a2b…
append: e54 事件哈希 f2ae5ac7e08344b3…
append: e55 事件哈希 b02e48d174d90b93…
append: e56 事件哈希 eea4ea0380def431…
append: e57 事件哈希 b4ca72160e70b435…
append: e58 事件哈希 857442c6f5c00a3e…
append: e59 事件哈希 68df468eb0533d17…
append: e60 事件哈希 3bda09fb2561859e…
append: e61 事件哈希 ae07af6058944fab…
append: e62 事件哈希 8c7eeb9abd2935fc…
append: e63 事件哈希 7832dd856f1f710c…
append: e64 事件哈希 3aa3a7c10d4ae261…
append: e65 事件哈希 85df5b41e20a947e…
append: e66 事件哈希 a922f35ef9fd3ff5…
append: e67 事件哈希 bcd669c5dc296346…
append: e68 事件哈希 527777aa722463ae…
append: e69 事件哈希 f40284772d1a6a06…
append: e70 事件哈希 2404c58e52a715f4…
append: e71 事件哈希 510f6b1fe1b22ab1…
append: e72 事件哈希 b18a4ad5ed9182ae…
append: e73 事件哈希 58c4da0382472aa4…
append: e74 事件哈希 e1b5d3044acefa41…
append: e75 事件哈希 0131550ca2aea4a9…
append: e76 事件哈希 d86f9d0df1e9b8ff…
append: e77 事件哈希 b5d3eda6b9d3f760…
append: e78 事件哈希 10fc28c52ff98f7e…
append: e79 事件哈希 4e6a46cf40c89c08…
[s27] task=1.00 {'w_kw': 9.0, 'w_content': 1.0, 'w_imp': 0.85, 'w_age': 0.0, 'filter_zero': 1} doctor=OK
build: 生成 spec.md / 提示词速查.md / citations.md → D:\临时工作区\大审查-工作包-20260909\衔尾蛇\sandbox\lib-x10-ng-s28（手改生成区=违例）
install: L2 + [] → D:\临时工作区\大审查-工作包-20260909\衔尾蛇\sandbox\lib-x10-ng-s28
  交付内容体 29 个（含 {SLOT} 待填文件 11 个——按 install 指南填槽）
  待填槽文件（示例）: modules/m-core/install.md, modules/m-core/template/ROOT-README.md, modules/m-index/install.md, modules/m-index/template/knowledge/_index.md, modules/m-tools/install.md…
  Merkle 根（排除 state.json）: 7fe1e22d293cd5b488f066de5a7ed83de4dc3d3ccaa9a02bd43035b77546bc2b
  请将此根抄录至人侧（公理E）
append: e0 事件哈希 89d2831927d1ae63…
append: e1 事件哈希 3af96412fb37a076…
append: e2 事件哈希 92fa724fb8bd2fe3…
append: e3 事件哈希 3614cf50271ed3ff…
append: e4 事件哈希 77bc3397ac36f0a7…
append: e5 事件哈希 44a3ec70787df2bf…
append: e6 事件哈希 529bcf95b3f571a0…
append: e7 事件哈希 b140aed3485fcc83…
append: e8 事件哈希 ad140866ffd00808…
append: e9 事件哈希 9a28f3b4771ad33d…
append: e10 事件哈希 50730459d08ec088…
append: e11 事件哈希 3c3a6dda3a4f8150…
append: e12 事件哈希 015d8dab4b43d67b…
append: e13 事件哈希 81de043d48b72fe0…
append: e14 事件哈希 1c0ef7aab826f506…
append: e15 事件哈希 bc95fa30a6cbf5b3…
append: e16 事件哈希 69c28241b62e8126…
append: e17 事件哈希 34c287bf45fd3f44…
append: e18 事件哈希 059a2215fe107b6a…
append: e19 事件哈希 1b710718ac8fa8c5…
append: e20 事件哈希 9051c477b74e4b37…
append: e21 事件哈希 a0e4ac5d36b11a62…
append: e22 事件哈希 3965e655655ada98…
append: e23 事件哈希 424ed296b8e4c9cc…
append: e24 事件哈希 ac078d4defdfaa73…
append: e25 事件哈希 fe3e92e791cef153…
append: e26 事件哈希 1d7fe01cf187aaed…
append: e27 事件哈希 277aa6ec05d0c563…
append: e28 事件哈希 944d7745d3f3114f…
append: e29 事件哈希 c2cdf24b0c148325…
append: e30 事件哈希 95922b01cfafad26…
append: e31 事件哈希 d6f68da1d2177125…
append: e32 事件哈希 bd77a404a15c5073…
append: e33 事件哈希 5cf135ddbc4855c1…
append: e34 事件哈希 bddfbb7ae8ed350d…
append: e35 事件哈希 d72ac586b3642866…
append: e36 事件哈希 47374bcd26d934b8…
append: e37 事件哈希 0e06a0d3a1b78548…
append: e38 事件哈希 cf8303681a3fd646…
append: e39 事件哈希 a40bcb1614d0dbc0…
append: e40 事件哈希 d0c6d6bc68760a16…
append: e41 事件哈希 c5ec4e0979622432…
append: e42 事件哈希 b028a59028135321…
append: e43 事件哈希 08158ec78300f304…
append: e44 事件哈希 64a0b2e7cbfdc4c9…
append: e45 事件哈希 ffc83dadc1714529…
append: e46 事件哈希 07080edba8b0d063…
append: e47 事件哈希 3f8fbf6043573eed…
append: e48 事件哈希 484a083339bf49cd…
append: e49 事件哈希 33ef52db6e10312e…
append: e50 事件哈希 3eebd95a7b377b64…
append: e51 事件哈希 34ce0b069ce4911c…
append: e52 事件哈希 3acc30f1ab2190dc…
append: e53 事件哈希 ba818a0d125e8741…
append: e54 事件哈希 fa943e0f3cef3314…
append: e55 事件哈希 6d0633352a2dd173…
append: e56 事件哈希 e1909688816695db…
append: e57 事件哈希 a0b614bf725ab76a…
append: e58 事件哈希 cfe52f7e640c31c8…
append: e59 事件哈希 a9e59d1d662e4c0e…
append: e60 事件哈希 7ca297878aafd474…
append: e61 事件哈希 73c4eb9ed10f2d0c…
append: e62 事件哈希 ea13f746d09d1fb2…
append: e63 事件哈希 ca27e50d7c802573…
append: e64 事件哈希 4c3a232e88ea8461…
append: e65 事件哈希 6f00c154ecd27f30…
append: e66 事件哈希 1faa74dd591b126a…
append: e67 事件哈希 8051c81f4568e962…
append: e68 事件哈希 e69d4262232233d7…
append: e69 事件哈希 7b399c1f79e55029…
append: e70 事件哈希 c13fc8b4af0677a0…
append: e71 事件哈希 0b99575115874c37…
append: e72 事件哈希 5567ab5cf34a438a…
append: e73 事件哈希 0d274b537af24b0a…
append: e74 事件哈希 cdf46af49fa96462…
append: e75 事件哈希 8b5e35f6a668ca07…
append: e76 事件哈希 7f4992f1a88c9a40…
append: e77 事件哈希 38e8d6b3324d7848…
append: e78 事件哈希 69933b2584b32936…
append: e79 事件哈希 5b103b47447d632b…
[s28] task=1.00 {'w_kw': 3.0, 'w_content': 0.7, 'w_imp': 0.0, 'w_age': 0.0, 'filter_zero': 1} doctor=OK
build: 生成 spec.md / 提示词速查.md / citations.md → D:\临时工作区\大审查-工作包-20260909\衔尾蛇\sandbox\lib-x10-ng-s29（手改生成区=违例）
install: L2 + [] → D:\临时工作区\大审查-工作包-20260909\衔尾蛇\sandbox\lib-x10-ng-s29
  交付内容体 29 个（含 {SLOT} 待填文件 11 个——按 install 指南填槽）
  待填槽文件（示例）: modules/m-core/install.md, modules/m-core/template/ROOT-README.md, modules/m-index/install.md, modules/m-index/template/knowledge/_index.md, modules/m-tools/install.md…
  Merkle 根（排除 state.json）: 74fde9c99930eac08dabddad749dc7603ecd1fd4cadd91ebf767a578bec53906
  请将此根抄录至人侧（公理E）
append: e0 事件哈希 89d2831927d1ae63…
append: e1 事件哈希 3af96412fb37a076…
append: e2 事件哈希 92fa724fb8bd2fe3…
append: e3 事件哈希 c2b729403c046e3f…
append: e4 事件哈希 c06aa8dd72a8a4cd…
append: e5 事件哈希 c07e54586e368516…
append: e6 事件哈希 4888ff31885ab06f…
append: e7 事件哈希 23cd282e44f36b24…
append: e8 事件哈希 8390625d7a00deed…
append: e9 事件哈希 9ecf409176c40519…
append: e10 事件哈希 746fca5621a935d1…
append: e11 事件哈希 f4233d365eb80199…
append: e12 事件哈希 6860ebf819f81714…
append: e13 事件哈希 af039befd71778ef…
append: e14 事件哈希 738986be48ba2660…
append: e15 事件哈希 d652bd8a3d5520c2…
append: e16 事件哈希 ccad21a827f06329…
append: e17 事件哈希 f28e447c104d1d58…
append: e18 事件哈希 5de69bdec48c2d54…
append: e19 事件哈希 3e9f0cd38abc9528…
append: e20 事件哈希 55a30d281cddeb11…
append: e21 事件哈希 7bc69143917a2139…
append: e22 事件哈希 ca72dfd478417037…
append: e23 事件哈希 03372035ed5ef378…
append: e24 事件哈希 66361c9aa2024d6d…
append: e25 事件哈希 ab466e10423c0e38…
append: e26 事件哈希 4204d278f83a5eb8…
append: e27 事件哈希 9c0a78b6445158e9…
append: e28 事件哈希 fa1170b165967f1b…
append: e29 事件哈希 11af41e3240796da…
append: e30 事件哈希 11e624501b3d8225…
append: e31 事件哈希 ffded5af5b8237f2…
append: e32 事件哈希 23dff151826005bb…
append: e33 事件哈希 a78436521acff182…
append: e34 事件哈希 2d27a6d9b327f3d2…
append: e35 事件哈希 7e5f625f65459ed6…
append: e36 事件哈希 7f04dffcaeb0f021…
append: e37 事件哈希 00ec4a09d257dda4…
append: e38 事件哈希 fba284accab5d05a…
append: e39 事件哈希 5d9dff39a2135f3c…
append: e40 事件哈希 05ddf095ca18b02e…
append: e41 事件哈希 6eb98aa12ca463c2…
append: e42 事件哈希 09c12aa9f6dc1374…
append: e43 事件哈希 89337399d397a8d6…
append: e44 事件哈希 27cb9dd6a2adb0bc…
append: e45 事件哈希 cc151ba2ac6008c3…
append: e46 事件哈希 f54b7147256248cc…
append: e47 事件哈希 d8837f693df929c9…
append: e48 事件哈希 749cdf5643f58b96…
append: e49 事件哈希 69bcca01adfbbb99…
append: e50 事件哈希 87907305a85e3d63…
append: e51 事件哈希 6c56f591e00a8ef3…
append: e52 事件哈希 d090125c92344b7a…
append: e53 事件哈希 0342eb868c3f0954…
append: e54 事件哈希 ef9d35bf8168deeb…
append: e55 事件哈希 916baf1bdbb2e495…
append: e56 事件哈希 5db8e06737851e4e…
append: e57 事件哈希 ef527414f9bbaea3…
append: e58 事件哈希 73c77398a3dc3d29…
append: e59 事件哈希 7a12d1c34978a027…
append: e60 事件哈希 b9ca67a52fbc078d…
append: e61 事件哈希 87f184706706e278…
append: e62 事件哈希 b272e051399ed6eb…
append: e63 事件哈希 319f66c5116abd91…
append: e64 事件哈希 118fb3cd8c2cf12e…
append: e65 事件哈希 78d512b3563e91b6…
append: e66 事件哈希 1ea49378af0c3ec7…
append: e67 事件哈希 1c2b0da9057d6880…
append: e68 事件哈希 acc72db81d10c66b…
append: e69 事件哈希 7eaef86647e72bdc…
append: e70 事件哈希 9c447dd78d9267d3…
append: e71 事件哈希 e93e3dcee64834d0…
append: e72 事件哈希 42be05dd0a7a8d2c…
append: e73 事件哈希 0dd2a308e49dff0a…
append: e74 事件哈希 d08de8fa7a9caa81…
append: e75 事件哈希 c72df2cc47c829a3…
append: e76 事件哈希 0955c49a35e2cefb…
append: e77 事件哈希 d4a354bf4f69fa76…
append: e78 事件哈希 59cd79b792c3e35c…
append: e79 事件哈希 b7a7057c0d3f30cb…
[s29] task=1.00 {'w_kw': 7.2, 'w_content': 2.0, 'w_imp': 1.0, 'w_age': 0.0, 'filter_zero': 1} doctor=OK
build: 生成 spec.md / 提示词速查.md / citations.md → D:\临时工作区\大审查-工作包-20260909\衔尾蛇\sandbox\lib-x10-ng-s30（手改生成区=违例）
install: L2 + [] → D:\临时工作区\大审查-工作包-20260909\衔尾蛇\sandbox\lib-x10-ng-s30
  交付内容体 29 个（含 {SLOT} 待填文件 11 个——按 install 指南填槽）
  待填槽文件（示例）: modules/m-core/install.md, modules/m-core/template/ROOT-README.md, modules/m-index/install.md, modules/m-index/template/knowledge/_index.md, modules/m-tools/install.md…
  Merkle 根（排除 state.json）: 7e93c3868ae59e5ddd83c7862ea602683c7aba40601d539a7b9b4457c5d9fe29
  请将此根抄录至人侧（公理E）
append: e0 事件哈希 89d2831927d1ae63…
append: e1 事件哈希 31533129e4881262…
append: e2 事件哈希 c67d1737cb0dad4c…
append: e3 事件哈希 49e2d628342b227c…
append: e4 事件哈希 3e4e5f1bcd9aefdd…
append: e5 事件哈希 08bf15b5da8eeacf…
append: e6 事件哈希 252e8f435f11fa1b…
append: e7 事件哈希 f5622df721dcb50f…
append: e8 事件哈希 4c5f577bb529fce2…
append: e9 事件哈希 cd753c7026f3bdc4…
append: e10 事件哈希 5a977d44f07807e5…
append: e11 事件哈希 7b70df6ceec8386d…
append: e12 事件哈希 312723b1b6e48f15…
append: e13 事件哈希 f96a16cf50fdabf5…
append: e14 事件哈希 1075352e84cceab6…
append: e15 事件哈希 d8f14982ff8dde03…
append: e16 事件哈希 afd3ecfbced23e44…
append: e17 事件哈希 e0e9936e9982881c…
append: e18 事件哈希 e8446b073e02caf0…
append: e19 事件哈希 e6cfb3acf4d00362…
append: e20 事件哈希 1399d0856a17f14f…
append: e21 事件哈希 23774d04ca552ec0…
append: e22 事件哈希 a188e2b5f481f607…
append: e23 事件哈希 297760878b83fbd7…
append: e24 事件哈希 06bea687f8ca265f…
append: e25 事件哈希 895bb66e4ab59bb4…
append: e26 事件哈希 6b661e4e751b137e…
append: e27 事件哈希 1f58d79fa167c324…
append: e28 事件哈希 e94a890d0ba104e4…
append: e29 事件哈希 728a9d005731edbb…
append: e30 事件哈希 8b4154cd9167bf42…
append: e31 事件哈希 c639fb5c81fae378…
append: e32 事件哈希 48990bcf3a4e43bf…
append: e33 事件哈希 ff7b219074d96709…
append: e34 事件哈希 310e653c6a91db02…
append: e35 事件哈希 5e94f65fc47d27de…
append: e36 事件哈希 5ca496512e6075a0…
append: e37 事件哈希 2534069a4982dc17…
append: e38 事件哈希 741ddede3c80ee2b…
append: e39 事件哈希 412d36a44eb38666…
append: e40 事件哈希 64d13e06c14bf1a6…
append: e41 事件哈希 e5826249db92d23d…
append: e42 事件哈希 c13fe5ce797e4d9e…
append: e43 事件哈希 c44584e8583998fc…
append: e44 事件哈希 06be39ccb02f5e8c…
append: e45 事件哈希 464ab17bb2e1641c…
append: e46 事件哈希 14a3f31f499887ab…
append: e47 事件哈希 2cda78daa35f48f2…
append: e48 事件哈希 bc23f156814e2169…
append: e49 事件哈希 66917cdc103de1a2…
append: e50 事件哈希 e5e47df34485907a…
append: e51 事件哈希 0b45f65cff2455f2…
append: e52 事件哈希 ef3c7623dded7f6f…
append: e53 事件哈希 fdeed864c7271d4f…
append: e54 事件哈希 8dcdaccb6182b9b6…
append: e55 事件哈希 30f68cdc0c009aaa…
append: e56 事件哈希 1f6e084f44a8bab7…
append: e57 事件哈希 095e663268234d55…
append: e58 事件哈希 bc1d73f6be8ac712…
append: e59 事件哈希 95155472022c1a6d…
append: e60 事件哈希 f5a5c4dea2a014df…
append: e61 事件哈希 2ed0f2d2d771be8c…
append: e62 事件哈希 df4bc2823ca20f06…
append: e63 事件哈希 ec1b28794b77d856…
append: e64 事件哈希 fbb0ced0185d8bdd…
append: e65 事件哈希 711f8f7fa5445521…
append: e66 事件哈希 03162c7214fdfcf3…
append: e67 事件哈希 f5cd55bab07d763c…
append: e68 事件哈希 13885cb050fdbea8…
append: e69 事件哈希 69d06f48071b39a4…
append: e70 事件哈希 73b5ccd6b8684a3a…
append: e71 事件哈希 5068fba58bd21619…
append: e72 事件哈希 7be71c6a1969c2ad…
append: e73 事件哈希 27c02d1ea5a76b9b…
append: e74 事件哈希 b2b9e2e1f826a052…
append: e75 事件哈希 26eba46567e6205b…
append: e76 事件哈希 b51f2a51d554ea54…
append: e77 事件哈希 2c48d6e8a23bd267…
append: e78 事件哈希 e944b96a8338dbf7…
append: e79 事件哈希 a8f8420c2c6aa492…
[s30] task=1.00 {'w_kw': 3.0, 'w_content': 1.0, 'w_imp': 0.0, 'w_age': 0.0, 'filter_zero': 0} doctor=OK
build: 生成 spec.md / 提示词速查.md / citations.md → D:\临时工作区\大审查-工作包-20260909\衔尾蛇\sandbox\lib-x10-ng-s31（手改生成区=违例）
install: L2 + [] → D:\临时工作区\大审查-工作包-20260909\衔尾蛇\sandbox\lib-x10-ng-s31
  交付内容体 29 个（含 {SLOT} 待填文件 11 个——按 install 指南填槽）
  待填槽文件（示例）: modules/m-core/install.md, modules/m-core/template/ROOT-README.md, modules/m-index/install.md, modules/m-index/template/knowledge/_index.md, modules/m-tools/install.md…
  Merkle 根（排除 state.json）: 5f13d3923ae88fe072f41d9a65ff3a1695080d556dfe22f7004da1017d9b813c
  请将此根抄录至人侧（公理E）
append: e0 事件哈希 aa6cb4371edac1b5…
append: e1 事件哈希 76861be6ec4e59a5…
append: e2 事件哈希 a5a95fba1547d5bd…
append: e3 事件哈希 09931ca89f226336…
append: e4 事件哈希 f5fb7627bf814848…
append: e5 事件哈希 88a903ed76f3ee84…
append: e6 事件哈希 6fb58a360be563e0…
append: e7 事件哈希 f2a8a6832c5be482…
append: e8 事件哈希 419669c0829f30f8…
append: e9 事件哈希 40630d3e319865f1…
append: e10 事件哈希 884c7fcf4c501ebf…
append: e11 事件哈希 1063e0afbfeef48a…
append: e12 事件哈希 eb0b6a460f15b4e4…
append: e13 事件哈希 6d123a6a0522b2ab…
append: e14 事件哈希 77ecde36fa94a36e…
append: e15 事件哈希 54d8b2043aeddabc…
append: e16 事件哈希 40e0f811eea386f5…
append: e17 事件哈希 2f463c0de2705c52…
append: e18 事件哈希 052cfec567bf3b88…
append: e19 事件哈希 57446dc620b0179a…
append: e20 事件哈希 6f53e6bfdb6120c6…
append: e21 事件哈希 34f8baad405fa1f8…
append: e22 事件哈希 48d816338270967a…
append: e23 事件哈希 b68d2e1873de62e0…
append: e24 事件哈希 3671a618c91247b1…
append: e25 事件哈希 18d97db03aaf54da…
append: e26 事件哈希 fecaf35deadb08df…
append: e27 事件哈希 8413976996fb6210…
append: e28 事件哈希 29fc0f9b73fc2b10…
append: e29 事件哈希 4167f529d7d0ae8f…
append: e30 事件哈希 c63972be06cbedec…
append: e31 事件哈希 3a964997297a4ec4…
append: e32 事件哈希 9ea865181b75e615…
append: e33 事件哈希 021bbeaa435b522a…
append: e34 事件哈希 d63fed8f67f0235a…
append: e35 事件哈希 f16cf3398bf8df7c…
append: e36 事件哈希 0a5addb7923e1ba0…
append: e37 事件哈希 43e24494e47d89e8…
append: e38 事件哈希 b5a1ccec066b40e7…
append: e39 事件哈希 e8bf633908cf7423…
append: e40 事件哈希 8d77b6f1c353aecb…
append: e41 事件哈希 acabd109a6e315e2…
append: e42 事件哈希 ac432f9686c9041d…
append: e43 事件哈希 1d8ca295ee1dbc09…
append: e44 事件哈希 a3f2023c3e121852…
append: e45 事件哈希 1be952dec306a5c2…
append: e46 事件哈希 9921f71601d6000f…
append: e47 事件哈希 1f1ffc7b0e91cb11…
append: e48 事件哈希 b9ed180e738dfc38…
append: e49 事件哈希 260c45655d53892e…
append: e50 事件哈希 6be811cdd8171bf1…
append: e51 事件哈希 8cffe3f090c71873…
append: e52 事件哈希 d8abc7bdffdfc399…
append: e53 事件哈希 4df1dab4a3b0ec9c…
append: e54 事件哈希 f1b411335602a26e…
append: e55 事件哈希 7e9e1b8c622c7083…
append: e56 事件哈希 9ab598d74a1bfeb1…
append: e57 事件哈希 6f5d7ffaadeb1a06…
append: e58 事件哈希 34802550afed1b74…
append: e59 事件哈希 1cd1cc174e47f9e6…
append: e60 事件哈希 3f26b93e36c0dc7a…
append: e61 事件哈希 599d5dcd70404474…
append: e62 事件哈希 40ed2733ee5848a3…
append: e63 事件哈希 aa2020c5e34d0d65…
append: e64 事件哈希 21688fd11491c017…
append: e65 事件哈希 282f92002099d64d…
append: e66 事件哈希 190588bffcfcd3a6…
append: e67 事件哈希 03c4fe036afc78f7…
append: e68 事件哈希 1f20d0f99fc145ce…
append: e69 事件哈希 281d1634cde30707…
append: e70 事件哈希 961888b1aa92f77e…
append: e71 事件哈希 4d8b391586716cba…
append: e72 事件哈希 33c4a19f7913f9e5…
append: e73 事件哈希 3075235162a6f769…
append: e74 事件哈希 9b9c136a9408357e…
append: e75 事件哈希 19540011ed641dd8…
append: e76 事件哈希 32988ece3e39cf33…
append: e77 事件哈希 3110692be5be34d4…
append: e78 事件哈希 7915fe98eaa862b9…
append: e79 事件哈希 694f8ea3d1a262b9…
[s31] task=1.00 {'w_kw': 3.6, 'w_content': 1.0, 'w_imp': 0.0, 'w_age': 0.0, 'filter_zero': 0} doctor=OK
build: 生成 spec.md / 提示词速查.md / citations.md → D:\临时工作区\大审查-工作包-20260909\衔尾蛇\sandbox\lib-x10-ng-s32（手改生成区=违例）
install: L2 + [] → D:\临时工作区\大审查-工作包-20260909\衔尾蛇\sandbox\lib-x10-ng-s32
  交付内容体 29 个（含 {SLOT} 待填文件 11 个——按 install 指南填槽）
  待填槽文件（示例）: modules/m-core/install.md, modules/m-core/template/ROOT-README.md, modules/m-index/install.md, modules/m-index/template/knowledge/_index.md, modules/m-tools/install.md…
  Merkle 根（排除 state.json）: 3aec9dff56ccf0e8d59e2c2b660032bd593c6c9bb088b4ce9057bd0b444e6ad7
  请将此根抄录至人侧（公理E）
append: e0 事件哈希 89d2831927d1ae63…
append: e1 事件哈希 31533129e4881262…
append: e2 事件哈希 c67d1737cb0dad4c…
append: e3 事件哈希 49e2d628342b227c…
append: e4 事件哈希 fb80cad99ebd45f7…
append: e5 事件哈希 454e79b77edc4ab9…
append: e6 事件哈希 f583156d35226360…
append: e7 事件哈希 7d9eee37ad833a1c…
append: e8 事件哈希 480a76249e61f097…
append: e9 事件哈希 a40c2ceb80a83870…
append: e10 事件哈希 ed7f36eaf5a2315c…
append: e11 事件哈希 c74c4bf847d36ea4…
append: e12 事件哈希 a25a33af945776ee…
append: e13 事件哈希 a1827e01633e183c…
append: e14 事件哈希 24e0cbdc17b378b9…
append: e15 事件哈希 87c62e7b74be3794…
append: e16 事件哈希 4ce41836cc082b83…
append: e17 事件哈希 c4bb0f22257dcee5…
append: e18 事件哈希 d4e59f63f9b49360…
append: e19 事件哈希 549e56f665698dce…
append: e20 事件哈希 92a87a83fc0bc3a9…
append: e21 事件哈希 82268cea7c9c5120…
append: e22 事件哈希 04bbad90a73db958…
append: e23 事件哈希 37f10e937b7132ee…
append: e24 事件哈希 035c470198d1b83b…
append: e25 事件哈希 9280f49f51ddf663…
append: e26 事件哈希 194807794a12659f…
append: e27 事件哈希 26acfa4f992e8794…
append: e28 事件哈希 d5489659940e618a…
append: e29 事件哈希 0ea23dac7a2a1bc1…
append: e30 事件哈希 38df6f4a5a0b014b…
append: e31 事件哈希 604504dfeea344c4…
append: e32 事件哈希 846400fbbb9ad7f7…
append: e33 事件哈希 8447f3d0a604773f…
append: e34 事件哈希 9fcbf4c30a399d9a…
append: e35 事件哈希 818d12336ea697d9…
append: e36 事件哈希 6d3a48c5f5566ddf…
append: e37 事件哈希 ee9f6f855f39a022…
append: e38 事件哈希 cc0512d71cf2e21c…
append: e39 事件哈希 b48622af3b41ed23…
append: e40 事件哈希 ac37260faac92f9b…
append: e41 事件哈希 bf36ff01012e07a7…
append: e42 事件哈希 e3867825144ad1eb…
append: e43 事件哈希 f7a6813f1d7c34f1…
append: e44 事件哈希 87859f810a304856…
append: e45 事件哈希 63faa5b024fc4230…
append: e46 事件哈希 042e566a5c47e67b…
append: e47 事件哈希 d347fe97dcbb5fa1…
append: e48 事件哈希 09d0802b2188ca87…
append: e49 事件哈希 dd0f2a3e74ec725b…
append: e50 事件哈希 83c04093bb9ee84a…
append: e51 事件哈希 05488fdceab1b502…
append: e52 事件哈希 68d7a79a39885c7d…
append: e53 事件哈希 e0f2f4909f75ee6f…
append: e54 事件哈希 469a15dacbc69a74…
append: e55 事件哈希 75b36c71c52b6916…
append: e56 事件哈希 ffd03ba8f0a2f07a…
append: e57 事件哈希 1a258bcaaf619e8b…
append: e58 事件哈希 21cabe062766398e…
append: e59 事件哈希 18c38d97711f3d75…
append: e60 事件哈希 c52980c1b3329914…
append: e61 事件哈希 8ec2224c370bb020…
append: e62 事件哈希 e16cbfb8d4740275…
append: e63 事件哈希 2af758cbe483d9e8…
append: e64 事件哈希 931c06f5afb6ca67…
append: e65 事件哈希 9346baab2ae9a856…
append: e66 事件哈希 0b02b4d4a4053bce…
append: e67 事件哈希 9e137a26e46a5372…
append: e68 事件哈希 0892ba9f97779f5e…
append: e69 事件哈希 a15be4cd21b31fc8…
append: e70 事件哈希 86beba9f679355e3…
append: e71 事件哈希 e180d5475f7a8b3c…
append: e72 事件哈希 4121f08080d1f603…
append: e73 事件哈希 e7b3c0159386af66…
append: e74 事件哈希 41ef6e1b8774668c…
append: e75 事件哈希 7b03d7f04517289a…
append: e76 事件哈希 61a1c6a8932554a4…
append: e77 事件哈希 6d295db23c82b5e3…
append: e78 事件哈希 eb8e44efa4766a89…
append: e79 事件哈希 8f9f6dfcbbdfe6da…
[s32] task=1.00 {'w_kw': 4.32, 'w_content': 1.0, 'w_imp': 0.0, 'w_age': 0.0, 'filter_zero': 1} doctor=OK
build: 生成 spec.md / 提示词速查.md / citations.md → D:\临时工作区\大审查-工作包-20260909\衔尾蛇\sandbox\lib-x10-ng-s33（手改生成区=违例）
install: L2 + [] → D:\临时工作区\大审查-工作包-20260909\衔尾蛇\sandbox\lib-x10-ng-s33
  交付内容体 29 个（含 {SLOT} 待填文件 11 个——按 install 指南填槽）
  待填槽文件（示例）: modules/m-core/install.md, modules/m-core/template/ROOT-README.md, modules/m-index/install.md, modules/m-index/template/knowledge/_index.md, modules/m-tools/install.md…
  Merkle 根（排除 state.json）: 43f60e35fe36f8c059ad3c8df3e44335d0c4034fcd44784ec5ffa4100ee70629
  请将此根抄录至人侧（公理E）
append: e0 事件哈希 89d2831927d1ae63…
append: e1 事件哈希 31533129e4881262…
append: e2 事件哈希 9bd4eaaa2343b73e…
append: e3 事件哈希 f085e42b6a273b33…
append: e4 事件哈希 10ab689942361797…
append: e5 事件哈希 0cb321984e55fd38…
append: e6 事件哈希 e44e957ff2388bf5…
append: e7 事件哈希 e90f38cc26d0749f…
append: e8 事件哈希 c5a6c165336c83bc…
append: e9 事件哈希 ad0c94eb5bc13b7b…
append: e10 事件哈希 89a65e9acffbdaa2…
append: e11 事件哈希 a4b6ef8f9176cba3…
append: e12 事件哈希 79ef36d19a3363f6…
append: e13 事件哈希 011ee3c9714dba5b…
append: e14 事件哈希 a7401cbb68abf0d5…
append: e15 事件哈希 ecdfa4d7bdb71b80…
append: e16 事件哈希 af20fefbff1aca2e…
append: e17 事件哈希 18982b65d7e95b67…
append: e18 事件哈希 42f37db59e1c559a…
append: e19 事件哈希 c609a8c7baeb3752…
append: e20 事件哈希 4a82003369db16cb…
append: e21 事件哈希 3067149690773122…
append: e22 事件哈希 118ab590de44b7c1…
append: e23 事件哈希 8192c5abb9687cc0…
append: e24 事件哈希 274128893a78880a…
append: e25 事件哈希 82433ce7323907ee…
append: e26 事件哈希 8d7e239999fe312e…
append: e27 事件哈希 f8aea7f387a7ead3…
append: e28 事件哈希 3ecadca9fb5b5834…
append: e29 事件哈希 30586a986fcc495b…
append: e30 事件哈希 bfe90ae97fa14d29…
append: e31 事件哈希 2f4b9c99910d182c…
append: e32 事件哈希 0620b5202ef81a98…
append: e33 事件哈希 5e87b8f371011695…
append: e34 事件哈希 0722f34cb377d9e9…
append: e35 事件哈希 3267a81b11bce095…
append: e36 事件哈希 1d2b438a5349adf5…
append: e37 事件哈希 6c0ccfdc95086032…
append: e38 事件哈希 91928a401498e391…
append: e39 事件哈希 86069a118f9df887…
append: e40 事件哈希 741cad0c6899fa0a…
append: e41 事件哈希 a3fa2c8e5892d7f5…
append: e42 事件哈希 63d31238f437cfab…
append: e43 事件哈希 7267b5141a05452e…
append: e44 事件哈希 314320445728537a…
append: e45 事件哈希 7ad672e733714b91…
append: e46 事件哈希 c1c1edb26b502dd2…
append: e47 事件哈希 fed40902cee1666f…
append: e48 事件哈希 9b69372a99e9b2a7…
append: e49 事件哈希 2a65f5c04d1f6d61…
append: e50 事件哈希 62bbbf2fd3590537…
append: e51 事件哈希 5a42beb32decb65e…
append: e52 事件哈希 72f69e372602c754…
append: e53 事件哈希 9855d9d0fdd08662…
append: e54 事件哈希 42b605f6aef3e118…
append: e55 事件哈希 c8102a7783ca5e72…
append: e56 事件哈希 3fd1602e6d63b3d7…
append: e57 事件哈希 41317c53c5ec8dae…
append: e58 事件哈希 559a357d2ad8588c…
append: e59 事件哈希 70eed9cbd789547b…
append: e60 事件哈希 7a7c1f6d505cabae…
append: e61 事件哈希 5a1378b2b0f2889d…
append: e62 事件哈希 2e3fc74b634f4c9f…
append: e63 事件哈希 8b3031d321db09f7…
append: e64 事件哈希 5177cc24038e0e42…
append: e65 事件哈希 9c8a46a76c17ae11…
append: e66 事件哈希 6337b813c8e74da1…
append: e67 事件哈希 5b86857ebc624e58…
append: e68 事件哈希 4140b8bb50596e2f…
append: e69 事件哈希 fbab4c77d97960d0…
append: e70 事件哈希 2c9ff0ee5fbc72bb…
append: e71 事件哈希 214fafffe9ee26d1…
append: e72 事件哈希 70418b9dde7a6a87…
append: e73 事件哈希 1917fedaf1c19217…
append: e74 事件哈希 29032b72f7ced0d4…
append: e75 事件哈希 11b884c4bb69505b…
append: e76 事件哈希 f8c85092ad218dd8…
append: e77 事件哈希 dfab68b9776354b9…
append: e78 事件哈希 cc917ace43dff819…
append: e79 事件哈希 34e3b104aa4abfcc…
[s33] task=1.00 {'w_kw': 3.6, 'w_content': 1.0, 'w_imp': 0.0, 'w_age': 0.0, 'filter_zero': 1} doctor=OK
build: 生成 spec.md / 提示词速查.md / citations.md → D:\临时工作区\大审查-工作包-20260909\衔尾蛇\sandbox\lib-x10-ng-s34（手改生成区=违例）
install: L2 + [] → D:\临时工作区\大审查-工作包-20260909\衔尾蛇\sandbox\lib-x10-ng-s34
  交付内容体 29 个（含 {SLOT} 待填文件 11 个——按 install 指南填槽）
  待填槽文件（示例）: modules/m-core/install.md, modules/m-core/template/ROOT-README.md, modules/m-index/install.md, modules/m-index/template/knowledge/_index.md, modules/m-tools/install.md…
  Merkle 根（排除 state.json）: 1b3d8e7c0c336401c3919d8e859a00a1c3f4b62ec0c4a04987f62332b684d4bf
  请将此根抄录至人侧（公理E）
append: e0 事件哈希 89d2831927d1ae63…
append: e1 事件哈希 31533129e4881262…
append: e2 事件哈希 c67d1737cb0dad4c…
append: e3 事件哈希 49e2d628342b227c…
append: e4 事件哈希 3e4e5f1bcd9aefdd…
append: e5 事件哈希 08bf15b5da8eeacf…
append: e6 事件哈希 252e8f435f11fa1b…
append: e7 事件哈希 f8b4288c229ca5b1…
append: e8 事件哈希 fcde1025e0e5f607…
append: e9 事件哈希 531c013e9437351b…
append: e10 事件哈希 49901774ee5e8918…
append: e11 事件哈希 e5d98c4b47dbc15f…
append: e12 事件哈希 f33406058afe1b62…
append: e13 事件哈希 8149177fc97934bd…
append: e14 事件哈希 ac6d3c669f4cc7f1…
append: e15 事件哈希 c367bc0d8da2fe8f…
append: e16 事件哈希 1d034769b2ecb5fc…
append: e17 事件哈希 b8adb06499eec410…
append: e18 事件哈希 eeb8fa4e1d06b797…
append: e19 事件哈希 a41ea331b6ef2a37…
append: e20 事件哈希 870b8e7b4623f9f8…
append: e21 事件哈希 a560a46920433241…
append: e22 事件哈希 d14150e5857162c5…
append: e23 事件哈希 670c9dde8949498d…
append: e24 事件哈希 2616b93dc6143f00…
append: e25 事件哈希 21ee6f4bd71f8992…
append: e26 事件哈希 8e67c16d43bb7271…
append: e27 事件哈希 e69321b2c32b5279…
append: e28 事件哈希 dde72e3db2975891…
append: e29 事件哈希 0122082c43c9b8bb…
append: e30 事件哈希 bb4ad0f28342ab64…
append: e31 事件哈希 433c58d9122cc555…
append: e32 事件哈希 9bfe8e94327feee5…
append: e33 事件哈希 23a7f61f5aaa09e4…
append: e34 事件哈希 be554fbbdf9080a7…
append: e35 事件哈希 030fb7f1df46129c…
append: e36 事件哈希 1a02328c49ec59c8…
append: e37 事件哈希 708a9a91d4e3008c…
append: e38 事件哈希 69c01073340fabe8…
append: e39 事件哈希 650fbb19c252acfb…
append: e40 事件哈希 848b73fbfdbc612e…
append: e41 事件哈希 c0c5de473792975c…
append: e42 事件哈希 1bdf011f31a87f1c…
append: e43 事件哈希 48d5e33d3dc2d117…
append: e44 事件哈希 49a20394e8e9a7f5…
append: e45 事件哈希 60c68bb5efcf444c…
append: e46 事件哈希 8d56030cb2acd8ec…
append: e47 事件哈希 8cbff66e2611be10…
append: e48 事件哈希 2f6c8f893f9b4e01…
append: e49 事件哈希 2722bccc10c6b733…
append: e50 事件哈希 656a7b532bd8eff3…
append: e51 事件哈希 0b106f2bc0020742…
append: e52 事件哈希 ab7291aac503d47e…
append: e53 事件哈希 d6fefdd01ec72d29…
append: e54 事件哈希 bb7d04065e0c06ab…
append: e55 事件哈希 d5ba9d81316642fd…
append: e56 事件哈希 e65d436829180fd2…
append: e57 事件哈希 3335d3c123b529d1…
append: e58 事件哈希 1bd35ef1109c346e…
append: e59 事件哈希 16cba791686fcd33…
append: e60 事件哈希 c917282bdda9f659…
append: e61 事件哈希 07d197ab86dfd7b3…
append: e62 事件哈希 0068a02a1ad888bd…
append: e63 事件哈希 d082c9bedee145a9…
append: e64 事件哈希 864f340946316f47…
append: e65 事件哈希 d40913186a20a40f…
append: e66 事件哈希 f60218a5595299cf…
append: e67 事件哈希 d331c2724a0dc215…
append: e68 事件哈希 1a105a963f02aeb3…
append: e69 事件哈希 4d9c8d0c8251e262…
append: e70 事件哈希 a48ad986a046e215…
append: e71 事件哈希 a7974fa4e741b148…
append: e72 事件哈希 005d32c750833285…
append: e73 事件哈希 cc9926d5f76b7a68…
append: e74 事件哈希 70af7887d9498420…
append: e75 事件哈希 1365f9d370eab4f4…
append: e76 事件哈希 0e8d400501b6860e…
append: e77 事件哈希 6b06121c6a9b862c…
append: e78 事件哈希 64c9fd6730870d60…
append: e79 事件哈希 e40af74febc1a6e4…
[s34] task=1.00 {'w_kw': 3.6, 'w_content': 2.4, 'w_imp': 0.0, 'w_age': 0.0, 'filter_zero': 1} doctor=OK
build: 生成 spec.md / 提示词速查.md / citations.md → D:\临时工作区\大审查-工作包-20260909\衔尾蛇\sandbox\lib-x10-ng-s35（手改生成区=违例）
install: L2 + [] → D:\临时工作区\大审查-工作包-20260909\衔尾蛇\sandbox\lib-x10-ng-s35
  交付内容体 29 个（含 {SLOT} 待填文件 11 个——按 install 指南填槽）
  待填槽文件（示例）: modules/m-core/install.md, modules/m-core/template/ROOT-README.md, modules/m-index/install.md, modules/m-index/template/knowledge/_index.md, modules/m-tools/install.md…
  Merkle 根（排除 state.json）: 7488f1e417a9280f868a19993b4eea9b366e4e17e3caf2c9f53f8eff9a2891b8
  请将此根抄录至人侧（公理E）
append: e0 事件哈希 89d2831927d1ae63…
append: e1 事件哈希 31533129e4881262…
append: e2 事件哈希 c67d1737cb0dad4c…
append: e3 事件哈希 49e2d628342b227c…
append: e4 事件哈希 fb80cad99ebd45f7…
append: e5 事件哈希 454e79b77edc4ab9…
append: e6 事件哈希 67e21273edfc7979…
append: e7 事件哈希 aff7281dab70b9b2…
append: e8 事件哈希 1694a079185389f6…
append: e9 事件哈希 6197d9796259f2d3…
append: e10 事件哈希 06217ab52555a4ee…
append: e11 事件哈希 67d9da5c379ed477…
append: e12 事件哈希 5db82780b78c3c62…
append: e13 事件哈希 fd6bed34bd41746a…
append: e14 事件哈希 6aab0ecd48c7bfcb…
append: e15 事件哈希 d30eecd1cd198bc9…
append: e16 事件哈希 aa9a3599e2fc88a1…
append: e17 事件哈希 8e0d3d2c66f7745d…
append: e18 事件哈希 e8401af7ed910995…
append: e19 事件哈希 accaafd3eb6804be…
append: e20 事件哈希 ad7d776b9fa91597…
append: e21 事件哈希 8e369c8f8047aaad…
append: e22 事件哈希 774be34391aae029…
append: e23 事件哈希 5a0de4e49cc6712e…
append: e24 事件哈希 41cf383ab434d834…
append: e25 事件哈希 f84e38edbbfbb702…
append: e26 事件哈希 32df5a62ae022496…
append: e27 事件哈希 c3110d3886722be5…
append: e28 事件哈希 0ac00cafd1fd1554…
append: e29 事件哈希 2dedf4393509bb4b…
append: e30 事件哈希 e65b5684f3f3ba85…
append: e31 事件哈希 20818cefc2858fd8…
append: e32 事件哈希 fc89461e07519b56…
append: e33 事件哈希 98670ed1e84d069f…
append: e34 事件哈希 c62ecf24f7938cb4…
append: e35 事件哈希 b684fc9a27985fc0…
append: e36 事件哈希 ffe20d96a7881481…
append: e37 事件哈希 6aab30ceba2adf0d…
append: e38 事件哈希 08c640e46f8a1661…
append: e39 事件哈希 5728382e0b7e9275…
append: e40 事件哈希 c9059bd3810e3535…
append: e41 事件哈希 c66fa06c2e58b86c…
append: e42 事件哈希 42b8d882e67b1937…
append: e43 事件哈希 5e2858c354e77b02…
append: e44 事件哈希 7237eae8146ff369…
append: e45 事件哈希 a11178fc15ff5aec…
append: e46 事件哈希 70821a6adeb421ae…
append: e47 事件哈希 8c01881eda176b0b…
append: e48 事件哈希 1f18e81108135147…
append: e49 事件哈希 72759f7e24c0de63…
append: e50 事件哈希 d4d3d7ceb4cca8fc…
append: e51 事件哈希 8ee8c3513cdbda15…
append: e52 事件哈希 733a4f6460ed3d20…
append: e53 事件哈希 d9b562d234f0a840…
append: e54 事件哈希 d3d779f453f36c9c…
append: e55 事件哈希 9ab1f519c5730c66…
append: e56 事件哈希 c9896bd0f5123101…
append: e57 事件哈希 88d94e2e132583d0…
append: e58 事件哈希 e5ca64141ee99fd8…
append: e59 事件哈希 be4a2683a457ae00…
append: e60 事件哈希 8314604c6a3b91f7…
append: e61 事件哈希 bd7cda41a5a26598…
append: e62 事件哈希 6406cee8e315cbf9…
append: e63 事件哈希 ac9b30694651e464…
append: e64 事件哈希 6d780c844df81e2a…
append: e65 事件哈希 7680bc6ec58ed39a…
append: e66 事件哈希 8cafa2f3257e0a06…
append: e67 事件哈希 252870a15a93f5f8…
append: e68 事件哈希 7e9ad369e760eed6…
append: e69 事件哈希 9ff6f6bc348acd92…
append: e70 事件哈希 24e83351409ab24b…
append: e71 事件哈希 9779feba2ec3f06c…
append: e72 事件哈希 7f2e932e4177333d…
append: e73 事件哈希 e004dd9683bae7e1…
append: e74 事件哈希 544be3af4f6c640b…
append: e75 事件哈希 50ca15d0301cf317…
append: e76 事件哈希 6267099b34de71bf…
append: e77 事件哈希 963c660ecd8e7fdd…
append: e78 事件哈希 d8ea490ee2178a3b…
append: e79 事件哈希 26275610899828e2…
[s35] task=1.00 {'w_kw': 4.5, 'w_content': 1.0, 'w_imp': 0.0, 'w_age': 0.0, 'filter_zero': 0} doctor=OK
build: 生成 spec.md / 提示词速查.md / citations.md → D:\临时工作区\大审查-工作包-20260909\衔尾蛇\sandbox\lib-x10-ng-s36（手改生成区=违例）
install: L2 + [] → D:\临时工作区\大审查-工作包-20260909\衔尾蛇\sandbox\lib-x10-ng-s36
  交付内容体 29 个（含 {SLOT} 待填文件 11 个——按 install 指南填槽）
  待填槽文件（示例）: modules/m-core/install.md, modules/m-core/template/ROOT-README.md, modules/m-index/install.md, modules/m-index/template/knowledge/_index.md, modules/m-tools/install.md…
  Merkle 根（排除 state.json）: 8d6ca56d5cda3dd9c8c7471f07f7a9c7242f6e0385a9187b70e8971ee42f7639
  请将此根抄录至人侧（公理E）
append: e0 事件哈希 89d2831927d1ae63…
append: e1 事件哈希 31533129e4881262…
append: e2 事件哈希 c67d1737cb0dad4c…
append: e3 事件哈希 49e2d628342b227c…
append: e4 事件哈希 fb80cad99ebd45f7…
append: e5 事件哈希 1ff58d5020bc9473…
append: e6 事件哈希 7a8cab8ff60340de…
append: e7 事件哈希 ad800c47eb33a92d…
append: e8 事件哈希 43a8e8c90674b38a…
append: e9 事件哈希 27907de4a74c86a3…
append: e10 事件哈希 4e2dc6d8f13283dd…
append: e11 事件哈希 bb8fdd4bc9b35822…
append: e12 事件哈希 e4b723e9b1789370…
append: e13 事件哈希 472ed48c7b462841…
append: e14 事件哈希 c0c8b0a4de265745…
append: e15 事件哈希 8922289c42e415ec…
append: e16 事件哈希 9558359a0140117a…
append: e17 事件哈希 af35f62231b39643…
append: e18 事件哈希 272cca9e6ed4abac…
append: e19 事件哈希 e5ab9b92a2d8d2a3…
append: e20 事件哈希 af47699b3104c29f…
append: e21 事件哈希 ed9969ee4f828223…
append: e22 事件哈希 fa044638d201705b…
append: e23 事件哈希 78543da4c3078e5e…
append: e24 事件哈希 f0aad63ee848367f…
append: e25 事件哈希 bf2b661751a93088…
append: e26 事件哈希 bdcdbf46aa64daac…
append: e27 事件哈希 45117cdd21164b97…
append: e28 事件哈希 d21820389ad137eb…
append: e29 事件哈希 4b46cf693981922b…
append: e30 事件哈希 f45a38ef72d4c966…
append: e31 事件哈希 28e219c52da9e9a1…
append: e32 事件哈希 aac19e0e363cfa17…
append: e33 事件哈希 03db81c0322d47f1…
append: e34 事件哈希 5a3dfd656b3aa284…
append: e35 事件哈希 75bef9338f5fa92a…
append: e36 事件哈希 f0a5de052a28b9bf…
append: e37 事件哈希 a162c073e515b0d9…
append: e38 事件哈希 1e115cc30f5be8da…
append: e39 事件哈希 5de92d457e5c778a…
append: e40 事件哈希 ad2a81f9edb56026…
append: e41 事件哈希 a98486b0b6d174ed…
append: e42 事件哈希 93cd09581b16f277…
append: e43 事件哈希 432483c32c29eea3…
append: e44 事件哈希 06dc802e47126900…
append: e45 事件哈希 9e22dea2122688a9…
append: e46 事件哈希 30a42a4d8ca3a818…
append: e47 事件哈希 d29017008952c2bd…
append: e48 事件哈希 6679ae52773c0fb3…
append: e49 事件哈希 606131a263437ff8…
append: e50 事件哈希 ec456481ebcb30dc…
append: e51 事件哈希 6af3615c14f7c31a…
append: e52 事件哈希 6265c65e00717440…
append: e53 事件哈希 955443220df03ac2…
append: e54 事件哈希 caf76f2688ae6b85…
append: e55 事件哈希 79577304c8b0e5a7…
append: e56 事件哈希 99e2afc89c045a83…
append: e57 事件哈希 b8b20f257b2b98ac…
append: e58 事件哈希 17640eab1f1e460d…
append: e59 事件哈希 dfe335faa6b07c83…
append: e60 事件哈希 b740167fa6c104e6…
append: e61 事件哈希 9ef740346ed581ec…
append: e62 事件哈希 ccb23aec233bfced…
append: e63 事件哈希 b9886f52ad8d093a…
append: e64 事件哈希 77a5ac7f592760ed…
append: e65 事件哈希 6e76f6b4880dc576…
append: e66 事件哈希 f3c5f58ec908ba6f…
append: e67 事件哈希 1734d2e580f302b2…
append: e68 事件哈希 a1aa75b9518d05b5…
append: e69 事件哈希 991232dd69df5caf…
append: e70 事件哈希 1e2752d0cbe618d7…
append: e71 事件哈希 0ac105aaf487ae76…
append: e72 事件哈希 b64e47f34bc5497e…
append: e73 事件哈希 bdf4695d85ea7031…
append: e74 事件哈希 6944ba880d0510ed…
append: e75 事件哈希 db5ad477dd170bae…
append: e76 事件哈希 78446e78bcd939ab…
append: e77 事件哈希 bd1f96face9a9473…
append: e78 事件哈希 86328593a17e7c76…
append: e79 事件哈希 4c863be201601536…
[s36] task=1.00 {'w_kw': 9.0, 'w_content': 0.7, 'w_imp': 0.85, 'w_age': 0.0, 'filter_zero': 1} doctor=OK
build: 生成 spec.md / 提示词速查.md / citations.md → D:\临时工作区\大审查-工作包-20260909\衔尾蛇\sandbox\lib-x10-ng-s37（手改生成区=违例）
install: L2 + [] → D:\临时工作区\大审查-工作包-20260909\衔尾蛇\sandbox\lib-x10-ng-s37
  交付内容体 29 个（含 {SLOT} 待填文件 11 个——按 install 指南填槽）
  待填槽文件（示例）: modules/m-core/install.md, modules/m-core/template/ROOT-README.md, modules/m-index/install.md, modules/m-index/template/knowledge/_index.md, modules/m-tools/install.md…
  Merkle 根（排除 state.json）: cbf55db71b396c79d2738627525b0e42b048a82bd59a518551291770363612bc
  请将此根抄录至人侧（公理E）
append: e0 事件哈希 aa6cb4371edac1b5…
append: e1 事件哈希 76861be6ec4e59a5…
append: e2 事件哈希 5ce22f253d6726e2…
append: e3 事件哈希 604afda64a31ffb4…
append: e4 事件哈希 9e82989a7cb9126b…
append: e5 事件哈希 051a05813d085df5…
append: e6 事件哈希 0269e0e0e3918ba0…
append: e7 事件哈希 210a93aecc3e1b0c…
append: e8 事件哈希 f9c9df161975a5c1…
append: e9 事件哈希 c088676f0bb4fcf8…
append: e10 事件哈希 d59c4a904f9df809…
append: e11 事件哈希 f7b8f11ee9e9e49d…
append: e12 事件哈希 c5bcad36b48d3432…
append: e13 事件哈希 e22f75040554709f…
append: e14 事件哈希 5f7de13008201f23…
append: e15 事件哈希 14efdbcd92f3a6fc…
append: e16 事件哈希 10dc6e773bf62f63…
append: e17 事件哈希 6461c5acf0ec40e8…
append: e18 事件哈希 dc66a8f90031abb1…
append: e19 事件哈希 f71f39c115cbfce0…
append: e20 事件哈希 d84b51f001e8a8a2…
append: e21 事件哈希 df5a8a1e98ccbebd…
append: e22 事件哈希 e1e563a94b7b16a5…
append: e23 事件哈希 08cdd32b3c217870…
append: e24 事件哈希 0dd3f1255ebb8d33…
append: e25 事件哈希 a7814c0e631d270b…
append: e26 事件哈希 b582972335755a40…
append: e27 事件哈希 ff1c40f86dbea961…
append: e28 事件哈希 f83f55cac7ee59b8…
append: e29 事件哈希 b04c98da4e970718…
append: e30 事件哈希 aa32bb77d5295a78…
append: e31 事件哈希 2c2ccc9b8ab3e554…
append: e32 事件哈希 ae30fb6ce5d52236…
append: e33 事件哈希 2092f47430ce2cef…
append: e34 事件哈希 0cff06d61f3df3ed…
append: e35 事件哈希 1cd516d4b9ac8c3c…
append: e36 事件哈希 8aa9283c3c21549e…
append: e37 事件哈希 380d99dcafb41474…
append: e38 事件哈希 275ee9ff695527f7…
append: e39 事件哈希 ab3aead4fc238390…
append: e40 事件哈希 95bdcfb61c438d27…
append: e41 事件哈希 39d9c045d6097e93…
append: e42 事件哈希 b79f8e1ab2e74fed…
append: e43 事件哈希 d61d9a9dd7c9a895…
append: e44 事件哈希 30180f7ae34992ea…
append: e45 事件哈希 2f987a32f0bb0755…
append: e46 事件哈希 084b3f33527d88fe…
append: e47 事件哈希 0c735a1a372c02ff…
append: e48 事件哈希 cd6de96396b13014…
append: e49 事件哈希 e96f432884654582…
append: e50 事件哈希 dab9e577bd6df75a…
append: e51 事件哈希 0622a831747eb101…
append: e52 事件哈希 e8739176245679ae…
append: e53 事件哈希 38f5f88d63605f83…
append: e54 事件哈希 275d1f56703c0a42…
append: e55 事件哈希 faf3cdde81d777e6…
append: e56 事件哈希 3264a4972797726a…
append: e57 事件哈希 2b1875012e35d7d3…
append: e58 事件哈希 ca6ac218123738d4…
append: e59 事件哈希 c487274427289635…
append: e60 事件哈希 c01d5ebd886907d6…
append: e61 事件哈希 f0366b8ce5c19545…
append: e62 事件哈希 45353d9fe0379077…
append: e63 事件哈希 12eed0e74c026567…
append: e64 事件哈希 198c88c7b1a849d8…
append: e65 事件哈希 70583b4231e0d6b4…
append: e66 事件哈希 84ab5ac316e34de6…
append: e67 事件哈希 64e26ddc62208f55…
append: e68 事件哈希 05727dd60e9b5325…
append: e69 事件哈希 87b6d58926f02050…
append: e70 事件哈希 7c74e84550669fd0…
append: e71 事件哈希 f05940e123578365…
append: e72 事件哈希 161a85c9903f3562…
append: e73 事件哈希 36c3dbbaf5a02bb6…
append: e74 事件哈希 3576e331d1275e2c…
append: e75 事件哈希 f0868be1f5341d8c…
append: e76 事件哈希 587d6c28225c5e68…
append: e77 事件哈希 6f765bba0a2437e1…
append: e78 事件哈希 b8017419f329851f…
append: e79 事件哈希 8ebcb9d75f1f5ded…
[s37] task=1.00 {'w_kw': 2.55, 'w_content': 2.0, 'w_imp': 0.0, 'w_age': 0.0, 'filter_zero': 1} doctor=OK
build: 生成 spec.md / 提示词速查.md / citations.md → D:\临时工作区\大审查-工作包-20260909\衔尾蛇\sandbox\lib-x10-ng-s38（手改生成区=违例）
install: L2 + [] → D:\临时工作区\大审查-工作包-20260909\衔尾蛇\sandbox\lib-x10-ng-s38
  交付内容体 29 个（含 {SLOT} 待填文件 11 个——按 install 指南填槽）
  待填槽文件（示例）: modules/m-core/install.md, modules/m-core/template/ROOT-README.md, modules/m-index/install.md, modules/m-index/template/knowledge/_index.md, modules/m-tools/install.md…
  Merkle 根（排除 state.json）: 51ec334bf7a1c9d56789e520728951e48099b79b9b611e0fdb5dac699c832d09
  请将此根抄录至人侧（公理E）
append: e0 事件哈希 aa6cb4371edac1b5…
append: e1 事件哈希 c18cfad4c15f8340…
append: e2 事件哈希 aaa4cd6b4967640a…
append: e3 事件哈希 ddaccf7664604fe0…
append: e4 事件哈希 ecb65ca77e1448be…
append: e5 事件哈希 b812ff7de0ace8aa…
append: e6 事件哈希 754a27704343075d…
append: e7 事件哈希 175f92efcfd60a96…
append: e8 事件哈希 addd22934a469007…
append: e9 事件哈希 2f79426c507a82fd…
append: e10 事件哈希 53fd208d137eea79…
append: e11 事件哈希 e32f04b5424e50c7…
append: e12 事件哈希 91dccc25de0afcf7…
append: e13 事件哈希 85211255c7b88904…
append: e14 事件哈希 328e7709d8c780fc…
append: e15 事件哈希 f3a518235fee7a30…
append: e16 事件哈希 ab646743dc038ae8…
append: e17 事件哈希 42b1de4bf7ac31aa…
append: e18 事件哈希 025f1c92d08395cf…
append: e19 事件哈希 4d37690c78031565…
append: e20 事件哈希 4cdca682a171a0ea…
append: e21 事件哈希 2548ba83cd84567c…
append: e22 事件哈希 a3a9436f64e601fe…
append: e23 事件哈希 c5458da36aa9eb80…
append: e24 事件哈希 b42918fe6f4d0aa3…
append: e25 事件哈希 ddab53d91e3bf9c8…
append: e26 事件哈希 25e9b6d04db677cd…
append: e27 事件哈希 4030c82b63eb53dc…
append: e28 事件哈希 faa9b1c2fdce3c30…
append: e29 事件哈希 838926c2e94b4cdd…
append: e30 事件哈希 37998d1ea7442f3b…
append: e31 事件哈希 78578ad7f4124dbf…
append: e32 事件哈希 346f4e38304676fb…
append: e33 事件哈希 f486a79162b6cca5…
append: e34 事件哈希 f42a6bd56a82b55d…
append: e35 事件哈希 e6299591121bfe02…
append: e36 事件哈希 493dba4ed549a7c7…
append: e37 事件哈希 858be9e894d6ce27…
append: e38 事件哈希 ad4d8613cc7feb62…
append: e39 事件哈希 fcf61fd26877a84d…
append: e40 事件哈希 72d91ddaad49c2fa…
append: e41 事件哈希 fc45121215f7b056…
append: e42 事件哈希 ef406efbe27e42ac…
append: e43 事件哈希 7c9f736f8de99795…
append: e44 事件哈希 202e4c7987298876…
append: e45 事件哈希 2eb95573f38eb3ae…
append: e46 事件哈希 65c621ef66c67516…
append: e47 事件哈希 ab43c9e21ecc097c…
append: e48 事件哈希 a36c5975f2f38ddc…
append: e49 事件哈希 b594f0f0516161d8…
append: e50 事件哈希 91f3c48ad5d31ddf…
append: e51 事件哈希 25e434d328534c98…
append: e52 事件哈希 8d362a21f7bf3d38…
append: e53 事件哈希 edcbaab536f174b5…
append: e54 事件哈希 fc0f9bcbfea3b3c9…
append: e55 事件哈希 bf514a12f36c437f…
append: e56 事件哈希 d0a691a62a5e3960…
append: e57 事件哈希 a1036a77008ebf40…
append: e58 事件哈希 44a00a2ead85c9de…
append: e59 事件哈希 a68e0cdbd4e78e34…
append: e60 事件哈希 d8bbd3399533d605…
append: e61 事件哈希 c663ba71ccf0cb94…
append: e62 事件哈希 fff5e6da67f061ef…
append: e63 事件哈希 a37f497cde679cd4…
append: e64 事件哈希 a37dceecdf56ba5b…
append: e65 事件哈希 3c13a258dbd435ee…
append: e66 事件哈希 b83d23388867eb10…
append: e67 事件哈希 2c3e8f3b393617e7…
append: e68 事件哈希 636147129db088bd…
append: e69 事件哈希 c96b2f21aadf2a5d…
append: e70 事件哈希 ce39a4d51aa06783…
append: e71 事件哈希 d039019eb94159a8…
append: e72 事件哈希 d94fa1cbebe92c7d…
append: e73 事件哈希 e4a5b375ced1e7b1…
append: e74 事件哈希 cfc032dbec185ea9…
append: e75 事件哈希 e89dff6e3ee299a9…
append: e76 事件哈希 a1059abf17b8ef7f…
append: e77 事件哈希 8bfedd1aa13dcf64…
append: e78 事件哈希 fe2dabe0714b885f…
append: e79 事件哈希 f5b281b92e7b1b6d…
[s38] task=1.00 {'w_kw': 6.0, 'w_content': 2.0, 'w_imp': 0.0, 'w_age': 0.0, 'filter_zero': 1} doctor=OK
build: 生成 spec.md / 提示词速查.md / citations.md → D:\临时工作区\大审查-工作包-20260909\衔尾蛇\sandbox\lib-x10-ng-s39（手改生成区=违例）
install: L2 + [] → D:\临时工作区\大审查-工作包-20260909\衔尾蛇\sandbox\lib-x10-ng-s39
  交付内容体 29 个（含 {SLOT} 待填文件 11 个——按 install 指南填槽）
  待填槽文件（示例）: modules/m-core/install.md, modules/m-core/template/ROOT-README.md, modules/m-index/install.md, modules/m-index/template/knowledge/_index.md, modules/m-tools/install.md…
  Merkle 根（排除 state.json）: ebf12aa777cb445c83c8d5e44c28b00123a8ff105e0a8c7dd4ea5ed2f2ec7ac1
  请将此根抄录至人侧（公理E）
append: e0 事件哈希 89d2831927d1ae63…
append: e1 事件哈希 31533129e4881262…
append: e2 事件哈希 c67d1737cb0dad4c…
append: e3 事件哈希 1e135be58c1e9c18…
append: e4 事件哈希 6d2c96e4e7bf0296…
append: e5 事件哈希 14dade9ca05672a8…
append: e6 事件哈希 e0dfda0a20d7cc3a…
append: e7 事件哈希 04a0be33c2e52c94…
append: e8 事件哈希 1c21b7cc27286090…
append: e9 事件哈希 bc3ce14bd79b3335…
append: e10 事件哈希 2466b4ed5ff491dd…
append: e11 事件哈希 edea2ec84d7b27bf…
append: e12 事件哈希 31f96844e3c45d19…
append: e13 事件哈希 11b3780954df4208…
append: e14 事件哈希 f197b7dcb8c7ff45…
append: e15 事件哈希 b116c523d6544b43…
append: e16 事件哈希 bb5543ee60f1d563…
append: e17 事件哈希 ae43f47c8cb131ef…
append: e18 事件哈希 e386e831a2b8508d…
append: e19 事件哈希 bac0848954c28bcc…
append: e20 事件哈希 b8f2322275b7c6a7…
append: e21 事件哈希 c1b62d89238e55fc…
append: e22 事件哈希 2037977cf8bd0bf0…
append: e23 事件哈希 205c0b49d1d9d0fa…
append: e24 事件哈希 3b0518146bbad39d…
append: e25 事件哈希 e6fc283e1a6db7e1…
append: e26 事件哈希 be51f34b32893406…
append: e27 事件哈希 dffb3346253a9569…
append: e28 事件哈希 ac36babe52c405fa…
append: e29 事件哈希 848b30e9d4ff6ae5…
append: e30 事件哈希 7cf2be27fe4256ab…
append: e31 事件哈希 b4e9bcf16a34c07b…
append: e32 事件哈希 3214a6d303bbd4b4…
append: e33 事件哈希 d4ec2d444dc77e81…
append: e34 事件哈希 506f256cf0305cb5…
append: e35 事件哈希 7cef28734e0aa327…
append: e36 事件哈希 5b47cbe67d61e1bc…
append: e37 事件哈希 8ec16b35de9d07de…
append: e38 事件哈希 aa0012f5d620a4a4…
append: e39 事件哈希 783a282f2bbcf4e2…
append: e40 事件哈希 d54dbff19d3d86fc…
append: e41 事件哈希 7565505b08a99902…
append: e42 事件哈希 7cf8c3fa570c95d7…
append: e43 事件哈希 2dc5ba7d153196fb…
append: e44 事件哈希 3b18bd95e17f9915…
append: e45 事件哈希 13c2c9437e2994ce…
append: e46 事件哈希 b382f3e9931899aa…
append: e47 事件哈希 bc63f7f94ffca4b6…
append: e48 事件哈希 5577ce075a420e8a…
append: e49 事件哈希 7872b64d922c91a7…
append: e50 事件哈希 eb03500b43796a25…
append: e51 事件哈希 a2ff1518ae01dbd1…
append: e52 事件哈希 a32e2fe55d79b515…
append: e53 事件哈希 f56af5d6a9bc9745…
append: e54 事件哈希 3bbc89061d36223a…
append: e55 事件哈希 379f0e2e2318ab21…
append: e56 事件哈希 a75dfcc0c7ce6267…
append: e57 事件哈希 56c5c7ebdf6ef643…
append: e58 事件哈希 4585cfa4f084e4ef…
append: e59 事件哈希 94b7f610e0f0cc5f…
append: e60 事件哈希 b67806d072709a5a…
append: e61 事件哈希 7e8f42191986cbcc…
append: e62 事件哈希 8665f7289fe54114…
append: e63 事件哈希 19b47c8003a43bea…
append: e64 事件哈希 a8e448478e64fecc…
append: e65 事件哈希 dad5f477fc5de590…
append: e66 事件哈希 6cde4ad427ae3135…
append: e67 事件哈希 f0c3f0cc2826cba5…
append: e68 事件哈希 25f07d3fa439f168…
append: e69 事件哈希 5e40aaa1f05c2722…
append: e70 事件哈希 368d027a26be0acc…
append: e71 事件哈希 b68d70509bc5c363…
append: e72 事件哈希 b4198ddca8ca90aa…
append: e73 事件哈希 c3ac5068fcc7536a…
append: e74 事件哈希 89e96f56c6d8e807…
append: e75 事件哈希 51735766c3f68056…
append: e76 事件哈希 c2d166eb2cc261dd…
append: e77 事件哈希 9ab7fb0653bdabdb…
append: e78 事件哈希 2da6e83ef8de07c0…
append: e79 事件哈希 2fc9f4f7f3d82dd1…
[s39] task=1.00 {'w_kw': 9.0, 'w_content': 1.0, 'w_imp': 0.0, 'w_age': 0.0, 'filter_zero': 1} doctor=OK
build: 生成 spec.md / 提示词速查.md / citations.md → D:\临时工作区\大审查-工作包-20260909\衔尾蛇\sandbox\lib-x10-ng-s40（手改生成区=违例）
install: L2 + [] → D:\临时工作区\大审查-工作包-20260909\衔尾蛇\sandbox\lib-x10-ng-s40
  交付内容体 29 个（含 {SLOT} 待填文件 11 个——按 install 指南填槽）
  待填槽文件（示例）: modules/m-core/install.md, modules/m-core/template/ROOT-README.md, modules/m-index/install.md, modules/m-index/template/knowledge/_index.md, modules/m-tools/install.md…
  Merkle 根（排除 state.json）: b4505da94ecf941c45dd80c2be37468e152ba356172121dbe1853211e99bf59d
  请将此根抄录至人侧（公理E）
append: e0 事件哈希 aa6cb4371edac1b5…
append: e1 事件哈希 c18cfad4c15f8340…
append: e2 事件哈希 aaa4cd6b4967640a…
append: e3 事件哈希 20d5c7f471067b22…
append: e4 事件哈希 81ab854a1dd3a430…
append: e5 事件哈希 99305921cfa35f59…
append: e6 事件哈希 8c00c62b61dbaac1…
append: e7 事件哈希 9b887572061e8e1a…
append: e8 事件哈希 e1f666db9cc64a5b…
append: e9 事件哈希 114bd8838ce20577…
append: e10 事件哈希 c32acdd97c5996ef…
append: e11 事件哈希 13e8b629912ed6aa…
append: e12 事件哈希 2e3ca30388ee3492…
append: e13 事件哈希 8ef75c65f1832314…
append: e14 事件哈希 c611cf6a874ab981…
append: e15 事件哈希 233add8db09335bf…
append: e16 事件哈希 504bb62407519649…
append: e17 事件哈希 a404b8288d836eda…
append: e18 事件哈希 1ad0ec9ce97c0ff3…
append: e19 事件哈希 1fe6a31ecdaba4ac…
append: e20 事件哈希 d84b1e98ce8acddb…
append: e21 事件哈希 5ef8beae602a1591…
append: e22 事件哈希 2dbb1610dbb27f99…
append: e23 事件哈希 ad0836c0e83c223a…
append: e24 事件哈希 cecc6d3f8f1b848b…
append: e25 事件哈希 a4618b88b91863f0…
append: e26 事件哈希 237e61a1a2023b29…
append: e27 事件哈希 239acccf472af39e…
append: e28 事件哈希 330093277ee19d77…
append: e29 事件哈希 21a274a7dc7dca87…
append: e30 事件哈希 f43ff518e2c179b9…
append: e31 事件哈希 3969be78d861a0db…
append: e32 事件哈希 f3a85c71d4faab1f…
append: e33 事件哈希 c696189f79eb2581…
append: e34 事件哈希 07376b43616793ac…
append: e35 事件哈希 b1fc9fe0cca5df61…
append: e36 事件哈希 5eb790bec8ada2bd…
append: e37 事件哈希 4779b4bf7d299e86…
append: e38 事件哈希 916f0defa7b845ec…
append: e39 事件哈希 309f5445658595ac…
append: e40 事件哈希 3b14f38b31ea63ef…
append: e41 事件哈希 4893ce6c50e015a1…
append: e42 事件哈希 28856213d464bfa1…
append: e43 事件哈希 8e40b0b320809773…
append: e44 事件哈希 763083c308db5158…
append: e45 事件哈希 a5f8e8ec7e026254…
append: e46 事件哈希 e1e6c1c8e6bcecc0…
append: e47 事件哈希 b574e96d7bcef26f…
append: e48 事件哈希 024c6283337a5557…
append: e49 事件哈希 e468f88fce61d34d…
append: e50 事件哈希 39f5462d9b5cdf1b…
append: e51 事件哈希 dd6c45cb726077c3…
append: e52 事件哈希 3d5df792a665765c…
append: e53 事件哈希 0d90cf27d0e8cd11…
append: e54 事件哈希 1d2031b5ea380e9f…
append: e55 事件哈希 20e9189355308d46…
append: e56 事件哈希 4b5a9b435c49f5f5…
append: e57 事件哈希 6965dcbedf9af221…
append: e58 事件哈希 2e102cf7345a89b8…
append: e59 事件哈希 3266fa2a027f2afa…
append: e60 事件哈希 85b2986c7c1f665a…
append: e61 事件哈希 e415b411d510698c…
append: e62 事件哈希 f86fcfe24fd521ae…
append: e63 事件哈希 8ead316623b0e63a…
append: e64 事件哈希 0217b69de751d0c1…
append: e65 事件哈希 c9d8b38b4cfee7d6…
append: e66 事件哈希 fc5268e8257eb5ca…
append: e67 事件哈希 b92e26f64ddee36c…
append: e68 事件哈希 7dff69aa01daa286…
append: e69 事件哈希 06c726f660ac0f5d…
append: e70 事件哈希 baf264a15ea62125…
append: e71 事件哈希 ab62c510729fdc0a…
append: e72 事件哈希 244a34add9e8c8a9…
append: e73 事件哈希 ebd5f351f0ddcbe9…
append: e74 事件哈希 9441b85a724c6b5f…
append: e75 事件哈希 b673a2187b4791e1…
append: e76 事件哈希 39c96dc07b6014f3…
append: e77 事件哈希 d173dd7f07769676…
append: e78 事件哈希 48737817fb4a99ca…
append: e79 事件哈希 6f09b1e6a9549586…
[s40] task=1.00 {'w_kw': 48.0, 'w_content': 2.1, 'w_imp': 0.0, 'w_age': 0.0, 'filter_zero': 1} doctor=OK
== ③ 预报器（规则冻结于预注册） ==
回溯x8-NG: TP=1 FP=1 FN=1 TN=5
前瞻x10: TP=0 FP=0 FN=0 TN=16
   ✗ 回溯x8-NG-s2: 实际=False(1.00) 预报=True {'k1_dead': True, 't1_dead': True}
   ✗ 回溯x8-NG-s5: 实际=True(0.88) 预报=False {'k1_dead': False, 't1_dead': False}
   ✓ 回溯x8-NG-s8: 实际=True(0.75) 预报=True {'k1_dead': True, 't1_dead': False}
迁移[K1]: train通道死→audit存活 0/1 | train通道活→audit存活 6/7
迁移[T1]: train通道死→audit存活 1/1 | train通道活→audit存活 5/7
判定：SUPPORTED（训练侧边际迁移在留出种子上全对）
X10 完成 75.2s → data/x10_summary.json
exit=0
