[s1] u0=-0.406 u5=-0.100 终=0.850 早斜差=+0.306 总差=+1.256 首采纳占比=-0.01 指纹✓ doctor=OK
[s2] u0=-0.637 u5=0.219 终=0.812 早斜差=+0.856 总差=+1.450 首采纳占比=0.59 指纹✓ doctor=OK
[s3] u0=-0.244 u5=0.812 终=0.812 早斜差=+1.056 总差=+1.056 首采纳占比=-0.25 指纹✓ doctor=OK
[s4] u0=-0.569 u5=0.575 终=0.850 早斜差=+1.144 总差=+1.419 首采纳占比=0.00 指纹✓ doctor=OK
[s5] u0=-0.569 u5=0.194 终=0.631 早斜差=+0.762 总差=+1.200 首采纳占比=0.12 指纹✓ doctor=OK
[s6] u0=-0.444 u5=0.775 终=0.850 早斜差=+1.219 总差=+1.294 首采纳占比=0.74 指纹✓ doctor=OK
[s7] u0=-0.369 u5=0.575 终=0.850 早斜差=+0.944 总差=+1.219 首采纳占比=0.02 指纹✓ doctor=OK
[s8] u0=-0.550 u5=0.250 终=0.450 早斜差=+0.800 总差=+1.000 首采纳占比=0.18 指纹✓ doctor=OK
[s9] u0=-0.425 u5=0.631 终=0.850 早斜差=+1.056 总差=+1.275 首采纳占比=0.00 指纹✓ doctor=OK
[s10] u0=-0.694 u5=0.144 终=0.850 早斜差=+0.837 总差=+1.544 首采纳占比=0.00 指纹✓ doctor=OK
[s11] u0=-0.444 u5=0.125 终=0.669 早斜差=+0.569 总差=+1.112 首采纳占比=0.15 指纹✓ doctor=OK
[s12] u0=-0.100 u5=0.850 终=0.850 早斜差=+0.950 总差=+0.950 首采纳占比=0.50 指纹✓ doctor=OK
[s13] u0=-0.569 u5=0.231 终=0.575 早斜差=+0.800 总差=+1.144 首采纳占比=0.13 指纹✓ doctor=OK
[s14] u0=-0.425 u5=0.269 终=0.850 早斜差=+0.694 总差=+1.275 首采纳占比=0.00 指纹✓ doctor=OK
[s15] u0=-0.550 u5=0.525 终=0.850 早斜差=+1.075 总差=+1.400 首采纳占比=0.03 指纹✓ doctor=OK
[s16] u0=-0.406 u5=0.487 终=0.850 早斜差=+0.894 总差=+1.256 首采纳占比=0.01 指纹✓ doctor=OK
[s17] u0=-0.475 u5=0.219 终=0.850 早斜差=+0.694 总差=+1.325 首采纳占比=0.00 指纹✓ doctor=OK
[s18] u0=-0.406 u5=0.412 终=0.738 早斜差=+0.819 总差=+1.144 首采纳占比=0.18 指纹✓ doctor=OK
[s19] u0=-0.406 u5=0.300 终=0.794 早斜差=+0.706 总差=+1.200 首采纳占比=0.00 指纹✓ doctor=OK
[s20] u0=-0.388 u5=0.394 终=0.812 早斜差=+0.781 总差=+1.200 首采纳占比=0.64 指纹✓ doctor=OK
[s21] u0=-0.569 u5=0.306 终=0.850 早斜差=+0.875 总差=+1.419 首采纳占比=0.03 指纹✓ doctor=OK
[s22] u0=-0.569 u5=0.537 终=0.812 早斜差=+1.106 总差=+1.381 首采纳占比=-0.06 指纹✓ doctor=OK
[s23] u0=-0.494 u5=0.431 终=0.850 早斜差=+0.925 总差=+1.344 首采纳占比=0.57 指纹✓ doctor=OK
[s24] u0=-0.225 u5=0.700 终=0.850 早斜差=+0.925 总差=+1.075 首采纳占比=0.84 指纹✓ doctor=OK
跨轮指纹: True
L1 早斜率符号律: 有效 run=24 一致 24 → 1.0
L2 首采纳贡献: 有效 run=24 均值=0.1827 过半数>0.5 的 run=5/24 → NOT SUPPORTED
判定：L1=SUPPORTED；L2=NOT SUPPORTED
X15 完成 33.7s
exit=0
