build: 生成 spec.md / 提示词速查.md / citations.md → D:\临时工作区\大审查-工作包-20260909\衔尾蛇\sandbox\lib-x7-P-s1（手改生成区=违例）
install: L2 + [] → D:\临时工作区\大审查-工作包-20260909\衔尾蛇\sandbox\lib-x7-P-s1
  交付内容体 29 个（含 {SLOT} 待填文件 11 个——按 install 指南填槽）
  待填槽文件（示例）: modules/m-core/install.md, modules/m-core/template/ROOT-README.md, modules/m-index/install.md, modules/m-index/template/knowledge/_index.md, modules/m-tools/install.md…
  Merkle 根（排除 state.json）: 3b514641d05229fa3f9fa37d00446ee52b62c79e5273b8fcc368e31c484757be
  请将此根抄录至人侧（公理E）
append: e0 事件哈希 aa6cb4371edac1b5…
append: e1 事件哈希 c18cfad4c15f8340…
append: e2 事件哈希 aaa4cd6b4967640a…
append: e3 事件哈希 ddaccf7664604fe0…
append: e4 事件哈希 aab3a730918d3363…
append: e5 事件哈希 f99b753182ec3889…
append: e6 事件哈希 19c647d0cccb40ff…
append: e7 事件哈希 02f02949174227cb…
append: e8 事件哈希 a518ae3f9cb97f5c…
append: e9 事件哈希 c1f1f22ea869744d…
append: e10 事件哈希 91b754ccbf2c2a3b…
append: e11 事件哈希 97eeca2378d4686a…
append: e12 事件哈希 288074c498a9fd65…
append: e13 事件哈希 de380b523ee547b0…
append: e14 事件哈希 1532df26f1239c94…
append: e15 事件哈希 fb1fbd01e6e767b5…
append: e16 事件哈希 df0b17ffdc51ba27…
append: e17 事件哈希 0262f69076755601…
append: e18 事件哈希 ca8515502585e259…
append: e19 事件哈希 b7d386e224e23a7c…
append: e20 事件哈希 3fc2b08a1a9cd114…
append: e21 事件哈希 850ad937a21a7e1e…
append: e22 事件哈希 16c88a58fc5ee021…
append: e23 事件哈希 ea91f99a95503568…
append: e24 事件哈希 15f9d2bb38c12969…
append: e25 事件哈希 d1138f0b5234c5d4…
append: e26 事件哈希 c2f08ddb8b4f3fd6…
append: e27 事件哈希 e94bf4b5060701a6…
append: e28 事件哈希 629107abda97164b…
append: e29 事件哈希 91ad18203efa0703…
append: e30 事件哈希 92326b974b12ed90…
append: e31 事件哈希 a8ca06e03e00c14c…
append: e32 事件哈希 824f2db961a5627a…
append: e33 事件哈希 c881112a572b48b3…
append: e34 事件哈希 be871a34a8b012e3…
append: e35 事件哈希 a77a3436d279ebce…
append: e36 事件哈希 b996fcc1a6f5bb08…
append: e37 事件哈希 0f89de9363d1c34a…
append: e38 事件哈希 afc619d6731ed47a…
append: e39 事件哈希 200aec7b8c7887d0…
append: e40 事件哈希 6e94c90ce79c94cb…
append: e41 事件哈希 484401adf5717210…
append: e42 事件哈希 8c1b5339e9f295f2…
append: e43 事件哈希 6ffe95edd183d68c…
append: e44 事件哈希 b24ddf3c2e3a2889…
append: e45 事件哈希 9b9247979a643542…
append: e46 事件哈希 c1ac493bc4aed0e3…
append: e47 事件哈希 e746c1245cb8385e…
append: e48 事件哈希 2615cb3fa9079df0…
append: e49 事件哈希 5d21835145206d1e…
append: e50 事件哈希 6d0c03ea9f1d2671…
append: e51 事件哈希 ec2961c4cca5765f…
append: e52 事件哈希 2d60e72f9435b612…
append: e53 事件哈希 fc29e9170a1a8717…
append: e54 事件哈希 3714eddeb342ac21…
append: e55 事件哈希 d6e730b5ddbef031…
append: e56 事件哈希 61fe41fd2351cb24…
append: e57 事件哈希 3891033631c34132…
append: e58 事件哈希 334803574fc6120e…
append: e59 事件哈希 bb4f3a2014ee8402…
append: e60 事件哈希 9ba3b21a4a5d8c94…
append: e61 事件哈希 254e09e79d487706…
append: e62 事件哈希 ffbd124e4076408a…
append: e63 事件哈希 f6980fa5942bb188…
append: e64 事件哈希 88f08da46abb1763…
append: e65 事件哈希 9beb835a955eee74…
append: e66 事件哈希 e5d1977bc6138d4e…
append: e67 事件哈希 7fad09143e88bd8b…
append: e68 事件哈希 bf6b94ed2bf44779…
append: e69 事件哈希 3beda583ebcfaef9…
append: e70 事件哈希 84cad9833e2a3961…
append: e71 事件哈希 1cc24c123e045603…
append: e72 事件哈希 84b6247477a7f251…
append: e73 事件哈希 c7547a471fc8e373…
append: e74 事件哈希 8d6fe8e08733427c…
append: e75 事件哈希 ea1d7e2b33b76e13…
append: e76 事件哈希 86b0143d00c0b15f…
append: e77 事件哈希 32d621831c5b3198…
append: e78 事件哈希 f7b9b61b0d68cd2a…
append: e79 事件哈希 c8eb04ae2ee83972…
[P s1] kw召回=1.00 任务召回=1.00 links+0 首链@GNone doctor=OK
build: 生成 spec.md / 提示词速查.md / citations.md → D:\临时工作区\大审查-工作包-20260909\衔尾蛇\sandbox\lib-x7-P-s2（手改生成区=违例）
install: L2 + [] → D:\临时工作区\大审查-工作包-20260909\衔尾蛇\sandbox\lib-x7-P-s2
  交付内容体 29 个（含 {SLOT} 待填文件 11 个——按 install 指南填槽）
  待填槽文件（示例）: modules/m-core/install.md, modules/m-core/template/ROOT-README.md, modules/m-index/install.md, modules/m-index/template/knowledge/_index.md, modules/m-tools/install.md…
  Merkle 根（排除 state.json）: acf715fb86431ec979424bcdd3cb4b90264ac317c90192684724d070fe870ce4
  请将此根抄录至人侧（公理E）
append: e0 事件哈希 89d2831927d1ae63…
append: e1 事件哈希 31533129e4881262…
append: e2 事件哈希 c67d1737cb0dad4c…
append: e3 事件哈希 1e135be58c1e9c18…
append: e4 事件哈希 bbee30ebc21d6cd0…
append: e5 事件哈希 7c6a2feb9983ba96…
append: e6 事件哈希 b992ebbbe659c718…
append: e7 事件哈希 b0df202dab40ab10…
append: e8 事件哈希 40cac6f0f3df5d05…
append: e9 事件哈希 060ca45d1f9a6781…
append: e10 事件哈希 da3b7188b8609621…
append: e11 事件哈希 49e42819741b009e…
append: e12 事件哈希 83b03d8746745303…
append: e13 事件哈希 34e4879d498f6ef8…
append: e14 事件哈希 1656443f64aa9d01…
append: e15 事件哈希 6ef04a18048b5665…
append: e16 事件哈希 c1b58469f72ef15e…
append: e17 事件哈希 4a177305996d2ca8…
append: e18 事件哈希 d3080c4978b711ce…
append: e19 事件哈希 9bd15872846bf7b1…
append: e20 事件哈希 715f7cc626212c82…
append: e21 事件哈希 874014394e8b3fc7…
append: e22 事件哈希 be2ad484a3c07a39…
append: e23 事件哈希 57a93ae3c41b4a9b…
append: e24 事件哈希 981478df83dda1cc…
append: e25 事件哈希 5ea0ce43d0f0e639…
append: e26 事件哈希 2b72686a2004e251…
append: e27 事件哈希 340182df68af4ea2…
append: e28 事件哈希 0e611c0467b91cd6…
append: e29 事件哈希 5bab0ac5a531fa44…
append: e30 事件哈希 eaef7cac60c88a14…
append: e31 事件哈希 2021c45c0539aa2a…
append: e32 事件哈希 53516beb45b5d516…
append: e33 事件哈希 36b9fdb06b0ceba2…
append: e34 事件哈希 7928e863cb88ed6d…
append: e35 事件哈希 3cf31e2a13b25500…
append: e36 事件哈希 b243fd36b8698c68…
append: e37 事件哈希 585c665416cd9d3e…
append: e38 事件哈希 e3866d9bbf938fff…
append: e39 事件哈希 43b5c4e66bcc4ef8…
append: e40 事件哈希 d8a7ac3df89c4a80…
append: e41 事件哈希 75fe1610bdfc2372…
append: e42 事件哈希 2b7276fe909078aa…
append: e43 事件哈希 788ce4298addeca2…
append: e44 事件哈希 e20622de2b8deb39…
append: e45 事件哈希 f5d995d00facad61…
append: e46 事件哈希 49fe1d7aee4fe352…
append: e47 事件哈希 9ad536759d6107a7…
append: e48 事件哈希 67f598390b42ab2e…
append: e49 事件哈希 2558d2d22f6eee97…
append: e50 事件哈希 c6a93b447c38f30d…
append: e51 事件哈希 c15dd8dfccba25d4…
append: e52 事件哈希 d38fabbb775e3851…
append: e53 事件哈希 e01ba7bfc1a5b4b8…
append: e54 事件哈希 f9b2ca1f011b50aa…
append: e55 事件哈希 bc141bc707e98103…
append: e56 事件哈希 cb9235f6f3a15804…
append: e57 事件哈希 a78ec3f8cf4d6932…
append: e58 事件哈希 d512adfd3f2d1102…
append: e59 事件哈希 827558134025667f…
append: e60 事件哈希 042782de3b63da42…
append: e61 事件哈希 31bf1860f7ff1fad…
append: e62 事件哈希 7e4eb02c03c3677a…
append: e63 事件哈希 f82e8ee281aa6903…
append: e64 事件哈希 d55f04de5bfaf18e…
append: e65 事件哈希 5913a47ae1c51395…
append: e66 事件哈希 1c6ede8ef1788c61…
append: e67 事件哈希 a03370f9bc3dd198…
append: e68 事件哈希 6fc18ace70c92a58…
append: e69 事件哈希 ef3b36d04caa804a…
append: e70 事件哈希 1cffde599fad3dbe…
append: e71 事件哈希 d17b900586d7807d…
append: e72 事件哈希 b7dfb99d426ff5aa…
append: e73 事件哈希 4b7129ec5f7370d9…
append: e74 事件哈希 8c9dcaeb9f22347a…
append: e75 事件哈希 411e7aafe076aa73…
append: e76 事件哈希 04e71541017fd7ef…
append: e77 事件哈希 0746ed0215b4caa7…
append: e78 事件哈希 9e8c4e6ba2fc369c…
append: e79 事件哈希 797eca984f4d550c…
[P s2] kw召回=1.00 任务召回=1.00 links+0 首链@GNone doctor=OK
build: 生成 spec.md / 提示词速查.md / citations.md → D:\临时工作区\大审查-工作包-20260909\衔尾蛇\sandbox\lib-x7-P-s3（手改生成区=违例）
install: L2 + [] → D:\临时工作区\大审查-工作包-20260909\衔尾蛇\sandbox\lib-x7-P-s3
  交付内容体 29 个（含 {SLOT} 待填文件 11 个——按 install 指南填槽）
  待填槽文件（示例）: modules/m-core/install.md, modules/m-core/template/ROOT-README.md, modules/m-index/install.md, modules/m-index/template/knowledge/_index.md, modules/m-tools/install.md…
  Merkle 根（排除 state.json）: 2302a2bb97b64dbb178e448b591829cce5fb8b0e19805ca2affe9cc8fadc2be6
  请将此根抄录至人侧（公理E）
append: e0 事件哈希 aa6cb4371edac1b5…
append: e1 事件哈希 c18cfad4c15f8340…
append: e2 事件哈希 9c284f17d2926f25…
append: e3 事件哈希 2abd4eab15e70ace…
append: e4 事件哈希 794acb7afccdd0ca…
append: e5 事件哈希 5a1176b61c5db1ac…
append: e6 事件哈希 b15b550a281a3882…
append: e7 事件哈希 56e093f46ccf20e6…
append: e8 事件哈希 96cfec16c94964c7…
append: e9 事件哈希 6b486cac4bdce2ab…
append: e10 事件哈希 ee51fe9092d5dceb…
append: e11 事件哈希 bbfd1db1c15fcb68…
append: e12 事件哈希 36fc843e5e79b54a…
append: e13 事件哈希 0c7f21109f179f59…
append: e14 事件哈希 5903e29c2122de59…
append: e15 事件哈希 16e1172d6ed19223…
append: e16 事件哈希 466fbd41893955e9…
append: e17 事件哈希 baa36e24060f3f11…
append: e18 事件哈希 2ff7ad0f002b6b51…
append: e19 事件哈希 b984f5fd021fdaba…
append: e20 事件哈希 1206e3cbb714cef9…
append: e21 事件哈希 297a1d6f22c82adf…
append: e22 事件哈希 a8454a15871bb276…
append: e23 事件哈希 cc2bfc816d2101c1…
append: e24 事件哈希 2f90546f2976b5f1…
append: e25 事件哈希 2814d5da87f58737…
append: e26 事件哈希 f43b45e7136c309c…
append: e27 事件哈希 1c49d22d7355b0f7…
append: e28 事件哈希 5bd60d6697b5c062…
append: e29 事件哈希 5a30796024468d74…
append: e30 事件哈希 827c6823c8d0ec28…
append: e31 事件哈希 3c71e6c3091241e0…
append: e32 事件哈希 9fdf244c81b04ec1…
append: e33 事件哈希 b51321c3f94d53fb…
append: e34 事件哈希 09ce5bdfc032172e…
append: e35 事件哈希 798acca39f9ea2e8…
append: e36 事件哈希 2a3f2faa1e9528a2…
append: e37 事件哈希 31f85a051b8cedae…
append: e38 事件哈希 33b88ffd3198689d…
append: e39 事件哈希 725f0de647be9ff3…
append: e40 事件哈希 823229d22816b1ab…
append: e41 事件哈希 fe68722bf99ca93e…
append: e42 事件哈希 f64b31a44a030f68…
append: e43 事件哈希 bcbdb378111396c6…
append: e44 事件哈希 1248e1560078b9d9…
append: e45 事件哈希 414e63e5c706ce0d…
append: e46 事件哈希 c77c12592933efb5…
append: e47 事件哈希 5bab746f4968de3b…
append: e48 事件哈希 b8135a1c64a59337…
append: e49 事件哈希 2b76e6b0e955b8b6…
append: e50 事件哈希 c3754f93ae60ba53…
append: e51 事件哈希 5f2145240d842403…
append: e52 事件哈希 1b1239c5fe915e4f…
append: e53 事件哈希 35aca024eb7f649a…
append: e54 事件哈希 b647f188f08fab46…
append: e55 事件哈希 50411a934629e665…
append: e56 事件哈希 2f12f6ce437a90f5…
append: e57 事件哈希 36fe5101ca468fda…
append: e58 事件哈希 32c0b9f83bdd8b40…
append: e59 事件哈希 29c973ec5f125e70…
append: e60 事件哈希 ec6b3bcef0760178…
append: e61 事件哈希 0e1968a80922b32c…
append: e62 事件哈希 abe70b20bfa490c7…
append: e63 事件哈希 e5ded66a97351788…
append: e64 事件哈希 ef152906d48c2c91…
append: e65 事件哈希 3253a482791c3f4e…
append: e66 事件哈希 fc213723a7270dd4…
append: e67 事件哈希 aae137e4e2ea4da2…
append: e68 事件哈希 34a6cf852b8d8b0f…
append: e69 事件哈希 0982ab9962a1df44…
append: e70 事件哈希 4612f93d12094aa2…
append: e71 事件哈希 a3ecf5bebdb028fe…
append: e72 事件哈希 2129bde9afdb5bde…
append: e73 事件哈希 e6d215bd406791be…
append: e74 事件哈希 3894023180b9f4bb…
append: e75 事件哈希 299123b887ae7231…
append: e76 事件哈希 7f09fd3a0dc6c481…
append: e77 事件哈希 c84a3ac322c0ce61…
append: e78 事件哈希 40da4a618d16288f…
append: e79 事件哈希 4121ca451043720e…
[P s3] kw召回=1.00 任务召回=1.00 links+0 首链@GNone doctor=OK
build: 生成 spec.md / 提示词速查.md / citations.md → D:\临时工作区\大审查-工作包-20260909\衔尾蛇\sandbox\lib-x7-P-s4（手改生成区=违例）
install: L2 + [] → D:\临时工作区\大审查-工作包-20260909\衔尾蛇\sandbox\lib-x7-P-s4
  交付内容体 29 个（含 {SLOT} 待填文件 11 个——按 install 指南填槽）
  待填槽文件（示例）: modules/m-core/install.md, modules/m-core/template/ROOT-README.md, modules/m-index/install.md, modules/m-index/template/knowledge/_index.md, modules/m-tools/install.md…
  Merkle 根（排除 state.json）: 3e555c5aa509bf065c3efa900ca0ea3d794afb3696d6578d2d840afb14114d3d
  请将此根抄录至人侧（公理E）
append: e0 事件哈希 89d2831927d1ae63…
append: e1 事件哈希 3af96412fb37a076…
append: e2 事件哈希 92fa724fb8bd2fe3…
append: e3 事件哈希 3614cf50271ed3ff…
append: e4 事件哈希 77bc3397ac36f0a7…
append: e5 事件哈希 a840bd0a2342724c…
append: e6 事件哈希 ba53d8d42984c41b…
append: e7 事件哈希 c2e88ab8d88a09b5…
append: e8 事件哈希 3a55ab07adc65ea5…
append: e9 事件哈希 5e7a663ea20da340…
append: e10 事件哈希 8701fb590c0f3bf2…
append: e11 事件哈希 88c3e1e646a271c7…
append: e12 事件哈希 b01fd7a26be2001d…
append: e13 事件哈希 ac6fc261be75b4ef…
append: e14 事件哈希 624b56616bea96e9…
append: e15 事件哈希 0ae60e0968684b70…
append: e16 事件哈希 03dfc8087e178742…
append: e17 事件哈希 5132c43b76e8bec9…
append: e18 事件哈希 5bdcac16c418f8f5…
append: e19 事件哈希 01df355c7d05dfa3…
append: e20 事件哈希 cc25219511c918ef…
append: e21 事件哈希 668b4c37ea37fbc3…
append: e22 事件哈希 d1d0f17a841b0b9c…
append: e23 事件哈希 c6b5a8be1de431c4…
append: e24 事件哈希 2d7f968a0e1fd9db…
append: e25 事件哈希 a9fdf9262410dd73…
append: e26 事件哈希 92efdc728f55519f…
append: e27 事件哈希 b090e6de8254c46e…
append: e28 事件哈希 51156dee5399df15…
append: e29 事件哈希 e37ac08fbd6cc11d…
append: e30 事件哈希 abb448e49d2492dd…
append: e31 事件哈希 b2e446ff0f4c6db2…
append: e32 事件哈希 b3443593b3b145a3…
append: e33 事件哈希 551516cda96fc306…
append: e34 事件哈希 9aa43e54abe6383f…
append: e35 事件哈希 67f837d4ad6e6676…
append: e36 事件哈希 db11048beca6eda7…
append: e37 事件哈希 1bfde85b3d8df5a0…
append: e38 事件哈希 76f3cd071bacca1d…
append: e39 事件哈希 f13a530a7f0e7534…
append: e40 事件哈希 abbfda20798ce5b0…
append: e41 事件哈希 10e637e6610fc618…
append: e42 事件哈希 a46d55037d5b554c…
append: e43 事件哈希 b9f2711aa2ebbfbd…
append: e44 事件哈希 b995cdd7acba5dc7…
append: e45 事件哈希 61302478aff01868…
append: e46 事件哈希 0d1678357a0f6bb6…
append: e47 事件哈希 434b8dc1d912106c…
append: e48 事件哈希 6217b952ffe8c01a…
append: e49 事件哈希 ab714f2bc044a3f2…
append: e50 事件哈希 883037e777542d05…
append: e51 事件哈希 98894d501c74728f…
append: e52 事件哈希 9d86d2e6e64ead0c…
append: e53 事件哈希 c199f6ca2c4974d7…
append: e54 事件哈希 1b1f4bebaf46bae6…
append: e55 事件哈希 89567e5e25a6ec40…
append: e56 事件哈希 3a67ffb179beb5f2…
append: e57 事件哈希 fb2a52645614d924…
append: e58 事件哈希 60f2be9bdacf1fea…
append: e59 事件哈希 b34a40f1f4378c80…
append: e60 事件哈希 725116a6b82a489e…
append: e61 事件哈希 14129a430a6b5a01…
append: e62 事件哈希 80fd4a503baa2ce1…
append: e63 事件哈希 41de65919b9e49ff…
append: e64 事件哈希 bd56083f18cce3ba…
append: e65 事件哈希 b393eceed4409a3f…
append: e66 事件哈希 014f4107dd9c9f20…
append: e67 事件哈希 99da741ee164284c…
append: e68 事件哈希 3b63bd69664c3b9a…
append: e69 事件哈希 b3970c88d461ca0f…
append: e70 事件哈希 4d6f8a3c45714abc…
append: e71 事件哈希 47a9aa3afa79a248…
append: e72 事件哈希 ef15b5c05cabbe4a…
append: e73 事件哈希 56022a5a8e1d489b…
append: e74 事件哈希 599ee5d3d4a24a1c…
append: e75 事件哈希 b12c3570f8d646f0…
append: e76 事件哈希 5dcc6f3f3807af11…
append: e77 事件哈希 4b5df1d06d0dc3a4…
append: e78 事件哈希 fa70af68c14f0e0c…
append: e79 事件哈希 6a99d33380f83bdd…
[P s4] kw召回=0.95 任务召回=1.00 links+0 首链@GNone doctor=OK
build: 生成 spec.md / 提示词速查.md / citations.md → D:\临时工作区\大审查-工作包-20260909\衔尾蛇\sandbox\lib-x7-P-s5（手改生成区=违例）
install: L2 + [] → D:\临时工作区\大审查-工作包-20260909\衔尾蛇\sandbox\lib-x7-P-s5
  交付内容体 29 个（含 {SLOT} 待填文件 11 个——按 install 指南填槽）
  待填槽文件（示例）: modules/m-core/install.md, modules/m-core/template/ROOT-README.md, modules/m-index/install.md, modules/m-index/template/knowledge/_index.md, modules/m-tools/install.md…
  Merkle 根（排除 state.json）: 16b148f18b61778eb14fe15a3a427d6eded1372b1ac4222ad0d27d1d261b9b38
  请将此根抄录至人侧（公理E）
append: e0 事件哈希 89d2831927d1ae63…
append: e1 事件哈希 31533129e4881262…
append: e2 事件哈希 9bd4eaaa2343b73e…
append: e3 事件哈希 f085e42b6a273b33…
append: e4 事件哈希 10ab689942361797…
append: e5 事件哈希 3e9c1563bccbcdcc…
append: e6 事件哈希 6f278e1c37d8e319…
append: e7 事件哈希 fb7cdf877e895993…
append: e8 事件哈希 c60db8cdf712cdf8…
append: e9 事件哈希 ecf5da20a8ec18dd…
append: e10 事件哈希 469c154497e89f4c…
append: e11 事件哈希 618bd1e5f3b1b3ac…
append: e12 事件哈希 3302e0f333629652…
append: e13 事件哈希 d7d6b0125d4b3676…
append: e14 事件哈希 71805e3dd08d3341…
append: e15 事件哈希 587cc18d8d4c0431…
append: e16 事件哈希 e61db93802983395…
append: e17 事件哈希 47145f9218dce45d…
append: e18 事件哈希 9ea8a230e6ea68ea…
append: e19 事件哈希 9ae805b856c58c70…
append: e20 事件哈希 8ebcda83a9d25eb0…
append: e21 事件哈希 abc392febdc66a5f…
append: e22 事件哈希 992bad668d106faf…
append: e23 事件哈希 cadabee1f793131d…
append: e24 事件哈希 c9852babdaef09f8…
append: e25 事件哈希 dedc4f69d587c01b…
append: e26 事件哈希 ba1e62a038445166…
append: e27 事件哈希 d64d78676f498d3e…
append: e28 事件哈希 690c20238f64aca0…
append: e29 事件哈希 9b35d72d8903674c…
append: e30 事件哈希 8d45c492e75ae8e5…
append: e31 事件哈希 e2593f019d785e52…
append: e32 事件哈希 adbc585a8416b4cf…
append: e33 事件哈希 71520ab0a1942f06…
append: e34 事件哈希 fb21f744805124bb…
append: e35 事件哈希 5dc76ecfa3f9724c…
append: e36 事件哈希 6e4345ebcda20736…
append: e37 事件哈希 92e7db633eb30908…
append: e38 事件哈希 50e775d1b23394f5…
append: e39 事件哈希 44a3055233959338…
append: e40 事件哈希 1db206ead2f0f09a…
append: e41 事件哈希 92caebe002e27384…
append: e42 事件哈希 e06197491e336c6b…
append: e43 事件哈希 9eb66eca560d0643…
append: e44 事件哈希 f42e6204397222ed…
append: e45 事件哈希 25a622a8394c7f36…
append: e46 事件哈希 a2e2c9f5dbf2e32a…
append: e47 事件哈希 406f4eaea6b110a2…
append: e48 事件哈希 7e90512a5f47ee13…
append: e49 事件哈希 804099ceccf1fd76…
append: e50 事件哈希 65e684df687c9f43…
append: e51 事件哈希 6a5613384272e269…
append: e52 事件哈希 4d6c0d9d6db3d21a…
append: e53 事件哈希 8b51e35635acc212…
append: e54 事件哈希 a7c0f5de54ea38d8…
append: e55 事件哈希 966de9e22ef361ac…
append: e56 事件哈希 6485c65ef01086c7…
append: e57 事件哈希 fca23e438cc83a3e…
append: e58 事件哈希 121dde89122040f4…
append: e59 事件哈希 b97568effbb8d0c2…
append: e60 事件哈希 aff9a50a711fc0cf…
append: e61 事件哈希 c1526aa8762f5c83…
append: e62 事件哈希 72ee7e7e81a091f1…
append: e63 事件哈希 f6e6c2eeee179d5b…
append: e64 事件哈希 44e052d99fb57575…
append: e65 事件哈希 cd27a546cff175fa…
append: e66 事件哈希 ee9b7ddbabbd9c65…
append: e67 事件哈希 a057563be8d22298…
append: e68 事件哈希 72baf8d71b7e6f44…
append: e69 事件哈希 93c481154f9beb0f…
append: e70 事件哈希 793ba14495a4952c…
append: e71 事件哈希 f69dc3fcce13df84…
append: e72 事件哈希 92ebd37c4cf46aa0…
append: e73 事件哈希 6609dc6dc4cec3b0…
append: e74 事件哈希 4c9e0ac575d092a0…
append: e75 事件哈希 af1794b7f0f092c7…
append: e76 事件哈希 d528be6465424191…
append: e77 事件哈希 1b037bee550995ab…
append: e78 事件哈希 55398646d8dd4b26…
append: e79 事件哈希 abb16b0bdc2b0701…
[P s5] kw召回=1.00 任务召回=1.00 links+0 首链@GNone doctor=OK
build: 生成 spec.md / 提示词速查.md / citations.md → D:\临时工作区\大审查-工作包-20260909\衔尾蛇\sandbox\lib-x7-P-s6（手改生成区=违例）
install: L2 + [] → D:\临时工作区\大审查-工作包-20260909\衔尾蛇\sandbox\lib-x7-P-s6
  交付内容体 29 个（含 {SLOT} 待填文件 11 个——按 install 指南填槽）
  待填槽文件（示例）: modules/m-core/install.md, modules/m-core/template/ROOT-README.md, modules/m-index/install.md, modules/m-index/template/knowledge/_index.md, modules/m-tools/install.md…
  Merkle 根（排除 state.json）: 8c0a03621477c94c32ea467baef50d33b4416bb4bee6ce3a280b9ae62c56ecbd
  请将此根抄录至人侧（公理E）
append: e0 事件哈希 89d2831927d1ae63…
append: e1 事件哈希 31533129e4881262…
append: e2 事件哈希 c67d1737cb0dad4c…
append: e3 事件哈希 1e135be58c1e9c18…
append: e4 事件哈希 6d2c96e4e7bf0296…
append: e5 事件哈希 14dade9ca05672a8…
append: e6 事件哈希 f9a5cfa27d420827…
append: e7 事件哈希 f2d3edddeec40b0a…
append: e8 事件哈希 a6b887a5043e596b…
append: e9 事件哈希 7833cfc068108b1e…
append: e10 事件哈希 fa338ae7a3be0d9b…
append: e11 事件哈希 a0f39e6073b3a7fb…
append: e12 事件哈希 e3cda3c8b09054dc…
append: e13 事件哈希 d7587848980c1d5e…
append: e14 事件哈希 2782f6cd8780d7c1…
append: e15 事件哈希 ffbf0051ea04048f…
append: e16 事件哈希 e720fe1dec4731ba…
append: e17 事件哈希 0dc2c0425595a633…
append: e18 事件哈希 1ecbd66ad6fa2c05…
append: e19 事件哈希 8ec0f03b8a6f0472…
append: e20 事件哈希 36e9117d0db7c785…
append: e21 事件哈希 d816ed121c7b0db9…
append: e22 事件哈希 5ce3b276e453adc1…
append: e23 事件哈希 6243fcdb72ad24a9…
append: e24 事件哈希 51a16c3b2bf8c57f…
append: e25 事件哈希 25dc993de1f96b21…
append: e26 事件哈希 d682a525ed7c20b1…
append: e27 事件哈希 750b4d06fdf13105…
append: e28 事件哈希 de3feaf8eebd90b3…
append: e29 事件哈希 eb0a0062e3dc8eb5…
append: e30 事件哈希 21f37c83d14e3f1e…
append: e31 事件哈希 ffda8ff4debafe98…
append: e32 事件哈希 a328c54ace3594b1…
append: e33 事件哈希 fe5f4c249e12f407…
append: e34 事件哈希 dbbdbee78949f965…
append: e35 事件哈希 80843fa1151aa587…
append: e36 事件哈希 afda016e37e5a716…
append: e37 事件哈希 3fd8fb1039acc095…
append: e38 事件哈希 6d2eaba5a74efe85…
append: e39 事件哈希 57ad973ba734853b…
append: e40 事件哈希 dfc9eaf72f1a1f80…
append: e41 事件哈希 157021337ae0e887…
append: e42 事件哈希 ed920ff04b447291…
append: e43 事件哈希 52b79fb942437fea…
append: e44 事件哈希 2220b592903affea…
append: e45 事件哈希 a4b6306a47f477aa…
append: e46 事件哈希 e04c0212673d513c…
append: e47 事件哈希 208cf154d00035a8…
append: e48 事件哈希 40c6d2a41e4582eb…
append: e49 事件哈希 e1586e07c57d3cfd…
append: e50 事件哈希 be00cf48f6779100…
append: e51 事件哈希 dfda3c1df1c4f218…
append: e52 事件哈希 3bf24704dcc11f71…
append: e53 事件哈希 ac63f12330aecccf…
append: e54 事件哈希 32997fdee28e4704…
append: e55 事件哈希 fecc59eee8a33b4f…
append: e56 事件哈希 487158b01260a1ee…
append: e57 事件哈希 dee984da63d6df6a…
append: e58 事件哈希 d1b4771b995200c7…
append: e59 事件哈希 e3ab250cb7e3a920…
append: e60 事件哈希 fd71c41b0ba4a31b…
append: e61 事件哈希 631141cb751bb3be…
append: e62 事件哈希 80b328188562ddab…
append: e63 事件哈希 855c24c9913efa0f…
append: e64 事件哈希 89a7ebb4cce7fee0…
append: e65 事件哈希 f0c1360781d7aeec…
append: e66 事件哈希 e31faf0df02eb6a6…
append: e67 事件哈希 1dda7b424825fd5f…
append: e68 事件哈希 e76b70c6da64efaf…
append: e69 事件哈希 ab899bb16d7a02ac…
append: e70 事件哈希 4bd229e8a29997e0…
append: e71 事件哈希 bbb85bbb389f5856…
append: e72 事件哈希 a5d7332c52d86f5e…
append: e73 事件哈希 2bf8e12eb7c81f89…
append: e74 事件哈希 1f2a7a035fb3bd53…
append: e75 事件哈希 86a99f20c7c91822…
append: e76 事件哈希 29561f56fea0fbf6…
append: e77 事件哈希 7d113835e29d9a97…
append: e78 事件哈希 42689e6f95616587…
append: e79 事件哈希 3e3386a8cb8a987b…
[P s6] kw召回=1.00 任务召回=1.00 links+0 首链@GNone doctor=OK
build: 生成 spec.md / 提示词速查.md / citations.md → D:\临时工作区\大审查-工作包-20260909\衔尾蛇\sandbox\lib-x7-P-s7（手改生成区=违例）
install: L2 + [] → D:\临时工作区\大审查-工作包-20260909\衔尾蛇\sandbox\lib-x7-P-s7
  交付内容体 29 个（含 {SLOT} 待填文件 11 个——按 install 指南填槽）
  待填槽文件（示例）: modules/m-core/install.md, modules/m-core/template/ROOT-README.md, modules/m-index/install.md, modules/m-index/template/knowledge/_index.md, modules/m-tools/install.md…
  Merkle 根（排除 state.json）: 1f3ddac1d6b468d642715fddaade4be2d93434513d2de28ab9bba00b49845f53
  请将此根抄录至人侧（公理E）
append: e0 事件哈希 89d2831927d1ae63…
append: e1 事件哈希 31533129e4881262…
append: e2 事件哈希 9bd4eaaa2343b73e…
append: e3 事件哈希 badd00fc3ec8ec09…
append: e4 事件哈希 5704d0136f18c999…
append: e5 事件哈希 ffaa03d2349b1ba4…
append: e6 事件哈希 aeb0220e9a7defea…
append: e7 事件哈希 fafaf08388d2672d…
append: e8 事件哈希 5dbeda3482721dc3…
append: e9 事件哈希 c92aa0ac58ec1162…
append: e10 事件哈希 0021d8002e507b29…
append: e11 事件哈希 9328284f6aa0fa82…
append: e12 事件哈希 e180f8a4de635171…
append: e13 事件哈希 307073ca1fa363bb…
append: e14 事件哈希 7a2afa28788de178…
append: e15 事件哈希 f1d4622b4605046c…
append: e16 事件哈希 ddae788bab539c46…
append: e17 事件哈希 eba9164be903e919…
append: e18 事件哈希 e8faa7d10e7b758b…
append: e19 事件哈希 6678f208f9e9c2ec…
append: e20 事件哈希 50e50674f42e9ebb…
append: e21 事件哈希 379d6f7b14ccafa3…
append: e22 事件哈希 312315eb3295a674…
append: e23 事件哈希 0d6d9059af30e1b4…
append: e24 事件哈希 ce31fc8246dc1f99…
append: e25 事件哈希 9159d880ac095371…
append: e26 事件哈希 faf718e9a3800756…
append: e27 事件哈希 0499bcf641d37e7d…
append: e28 事件哈希 d556555be6fcfed2…
append: e29 事件哈希 f69fe97e95cac275…
append: e30 事件哈希 b15fa741bb98f6be…
append: e31 事件哈希 05f09543a04594d3…
append: e32 事件哈希 6e5d9ec4e12f674b…
append: e33 事件哈希 c3b194d535c513f7…
append: e34 事件哈希 d0cbb8d220f15ab4…
append: e35 事件哈希 5e3e54a74e2b0ff7…
append: e36 事件哈希 63ac9daab6b03cc6…
append: e37 事件哈希 49b27dae5f2772d2…
append: e38 事件哈希 80290c6ac1b7c93f…
append: e39 事件哈希 38835b6006b359b0…
append: e40 事件哈希 56df016154d40a65…
append: e41 事件哈希 5b0aec5b620e3f24…
append: e42 事件哈希 b6b8bc0059e6da09…
append: e43 事件哈希 965dcf2620a1cc8e…
append: e44 事件哈希 303e01763c518fdd…
append: e45 事件哈希 93155f697f1812d3…
append: e46 事件哈希 89ebc0bf3430930d…
append: e47 事件哈希 abcac7e356357bf0…
append: e48 事件哈希 969e85faed97a35a…
append: e49 事件哈希 2d45ff3dff89a82e…
append: e50 事件哈希 2374824dd5093407…
append: e51 事件哈希 ab380188c2b2c995…
append: e52 事件哈希 6ad4232b8466abf6…
append: e53 事件哈希 e0a851cab3ea4804…
append: e54 事件哈希 8f480a374dc74988…
append: e55 事件哈希 08369079a0db17c7…
append: e56 事件哈希 8dd14b7ac67765a3…
append: e57 事件哈希 1a84a496d72470a0…
append: e58 事件哈希 e7107a790c84bca5…
append: e59 事件哈希 d0ccd0eb2a69c0bb…
append: e60 事件哈希 8fdce51c44b41f6a…
append: e61 事件哈希 bd52779a07138abf…
append: e62 事件哈希 d4f27ca3c82171f5…
append: e63 事件哈希 0b8a55331cddb8b3…
append: e64 事件哈希 6a34691e0046a827…
append: e65 事件哈希 d223a593ffbbd4e7…
append: e66 事件哈希 6734c56acc2bfab9…
append: e67 事件哈希 9d1dd6fb0abb2028…
append: e68 事件哈希 30af959f5608607d…
append: e69 事件哈希 62763fb19b36dd68…
append: e70 事件哈希 4a2334a3dfeb057e…
append: e71 事件哈希 4e800715e5ec2591…
append: e72 事件哈希 5324ac79a4d2d077…
append: e73 事件哈希 38797edb559c1b4a…
append: e74 事件哈希 d22602544a966e71…
append: e75 事件哈希 7a7618ec03be9c86…
append: e76 事件哈希 ebd8c0b1ec8f3ccf…
append: e77 事件哈希 a30e93d8393a3a95…
append: e78 事件哈希 c8ce022d0ac08030…
append: e79 事件哈希 151d68dc5dd6c542…
[P s7] kw召回=1.00 任务召回=1.00 links+0 首链@GNone doctor=OK
build: 生成 spec.md / 提示词速查.md / citations.md → D:\临时工作区\大审查-工作包-20260909\衔尾蛇\sandbox\lib-x7-P-s8（手改生成区=违例）
install: L2 + [] → D:\临时工作区\大审查-工作包-20260909\衔尾蛇\sandbox\lib-x7-P-s8
  交付内容体 29 个（含 {SLOT} 待填文件 11 个——按 install 指南填槽）
  待填槽文件（示例）: modules/m-core/install.md, modules/m-core/template/ROOT-README.md, modules/m-index/install.md, modules/m-index/template/knowledge/_index.md, modules/m-tools/install.md…
  Merkle 根（排除 state.json）: 64920af72d1e21a2fb855bbe8b4eeeef3532e37267f6fef8e632a825ea818b6e
  请将此根抄录至人侧（公理E）
append: e0 事件哈希 89d2831927d1ae63…
append: e1 事件哈希 31533129e4881262…
append: e2 事件哈希 c67d1737cb0dad4c…
append: e3 事件哈希 49e2d628342b227c…
append: e4 事件哈希 3e4e5f1bcd9aefdd…
append: e5 事件哈希 17334de1c3d66b6d…
append: e6 事件哈希 35ba63e565731fb7…
append: e7 事件哈希 b76654c54a68cff4…
append: e8 事件哈希 5b641178695d1e78…
append: e9 事件哈希 9d4aa085cce40d95…
append: e10 事件哈希 b897ea9ff2a8aa42…
append: e11 事件哈希 f853482131ecafde…
append: e12 事件哈希 a4424c4160c85a83…
append: e13 事件哈希 72f1bcdd7b166066…
append: e14 事件哈希 5bfa4817c9e8b5db…
append: e15 事件哈希 2db4663ed001937c…
append: e16 事件哈希 ead7113f7741bc9f…
append: e17 事件哈希 f45f4a061a2ec5b5…
append: e18 事件哈希 a90bbc30512a9dbb…
append: e19 事件哈希 238c46895e213c03…
append: e20 事件哈希 6c0df11d19ae40be…
append: e21 事件哈希 79726e5461bea588…
append: e22 事件哈希 5e24efef5f19332f…
append: e23 事件哈希 23b3fabb5bd197b2…
append: e24 事件哈希 e19baab13903f922…
append: e25 事件哈希 6b17ba6ae88bfcd6…
append: e26 事件哈希 2e4188ee68fe4b8b…
append: e27 事件哈希 727ee938d1781ae1…
append: e28 事件哈希 d87ad3d6432019ae…
append: e29 事件哈希 db96fe23b2415e38…
append: e30 事件哈希 2f371e90088267b6…
append: e31 事件哈希 2ffcd65145c3d6ca…
append: e32 事件哈希 d5b494946abd3a2c…
append: e33 事件哈希 d616b9ef8d6e4343…
append: e34 事件哈希 3d19bb621fcac1fa…
append: e35 事件哈希 21989ddfe28202d4…
append: e36 事件哈希 899d5cc9966c2291…
append: e37 事件哈希 ae9199c7ee94c0c7…
append: e38 事件哈希 599383c40d9be1e0…
append: e39 事件哈希 895328b1a310afd0…
append: e40 事件哈希 13654f23e680fa8b…
append: e41 事件哈希 e9b36e5d9a50fd16…
append: e42 事件哈希 36e78149ded031ca…
append: e43 事件哈希 79d711b710cffe98…
append: e44 事件哈希 e4b8a9de51cfe668…
append: e45 事件哈希 f0f48944f472a08e…
append: e46 事件哈希 8a8ba54ca278064a…
append: e47 事件哈希 888db1d4699ae55f…
append: e48 事件哈希 ef3d9d1c62cd4a63…
append: e49 事件哈希 e86704d0c4fd99a0…
append: e50 事件哈希 79f0f4a5670f0422…
append: e51 事件哈希 2b58ab6550900f02…
append: e52 事件哈希 cf362594a0f10b86…
append: e53 事件哈希 06234f4802734505…
append: e54 事件哈希 c40bdc5730ff17ee…
append: e55 事件哈希 abdc773f21ed8000…
append: e56 事件哈希 85f9bc98568fe830…
append: e57 事件哈希 f88e7fa528b986d9…
append: e58 事件哈希 9493d31dccdc8a2f…
append: e59 事件哈希 ac4d4e73fdba3d26…
append: e60 事件哈希 f3f2fce8f605cb9b…
append: e61 事件哈希 02f719b4892fe561…
append: e62 事件哈希 ef644c7406be816c…
append: e63 事件哈希 35c772dda784bffc…
append: e64 事件哈希 cf3cacc09fc8e31a…
append: e65 事件哈希 a8ea1fb3741f23cd…
append: e66 事件哈希 7556f52ded99ede9…
append: e67 事件哈希 40ed479a3c2d9784…
append: e68 事件哈希 2d2dc3e3703d47c4…
append: e69 事件哈希 0994ced3c14e233a…
append: e70 事件哈希 1a079c72fef152f2…
append: e71 事件哈希 a20678e19bc1766d…
append: e72 事件哈希 f3dc3a6e60280eef…
append: e73 事件哈希 1c1702b8c84b6729…
append: e74 事件哈希 68e36c86cd15c96b…
append: e75 事件哈希 f8341a33526100e3…
append: e76 事件哈希 4fe1d778a1fca0a1…
append: e77 事件哈希 e827402f1e9dcc9e…
append: e78 事件哈希 d6f763a27f60361c…
append: e79 事件哈希 a55cc6d7a3b83047…
[P s8] kw召回=1.00 任务召回=1.00 links+0 首链@GNone doctor=OK
build: 生成 spec.md / 提示词速查.md / citations.md → D:\临时工作区\大审查-工作包-20260909\衔尾蛇\sandbox\lib-x7-PL-s1（手改生成区=违例）
install: L2 + [] → D:\临时工作区\大审查-工作包-20260909\衔尾蛇\sandbox\lib-x7-PL-s1
  交付内容体 29 个（含 {SLOT} 待填文件 11 个——按 install 指南填槽）
  待填槽文件（示例）: modules/m-core/install.md, modules/m-core/template/ROOT-README.md, modules/m-index/install.md, modules/m-index/template/knowledge/_index.md, modules/m-tools/install.md…
  Merkle 根（排除 state.json）: 5e1dc555bcd72c62c5b43f58947d2ee6415ece1e6ea668ab891cf5c54b6aa0b3
  请将此根抄录至人侧（公理E）
append: e0 事件哈希 aa6cb4371edac1b5…
append: e1 事件哈希 c18cfad4c15f8340…
append: e2 事件哈希 aaa4cd6b4967640a…
append: e3 事件哈希 ddaccf7664604fe0…
append: e4 事件哈希 aab3a730918d3363…
append: e5 事件哈希 f99b753182ec3889…
append: e6 事件哈希 19c647d0cccb40ff…
append: e7 事件哈希 02f02949174227cb…
append: e8 事件哈希 a518ae3f9cb97f5c…
append: e9 事件哈希 c1f1f22ea869744d…
append: e10 事件哈希 91b754ccbf2c2a3b…
append: e11 事件哈希 97eeca2378d4686a…
append: e12 事件哈希 288074c498a9fd65…
append: e13 事件哈希 de380b523ee547b0…
append: e14 事件哈希 1532df26f1239c94…
append: e15 事件哈希 fb1fbd01e6e767b5…
append: e16 事件哈希 df0b17ffdc51ba27…
append: e17 事件哈希 0262f69076755601…
append: e18 事件哈希 ca8515502585e259…
append: e19 事件哈希 b7d386e224e23a7c…
append: e20 事件哈希 3fc2b08a1a9cd114…
append: e21 事件哈希 850ad937a21a7e1e…
append: e22 事件哈希 16c88a58fc5ee021…
append: e23 事件哈希 ea91f99a95503568…
append: e24 事件哈希 15f9d2bb38c12969…
append: e25 事件哈希 d1138f0b5234c5d4…
append: e26 事件哈希 c2f08ddb8b4f3fd6…
append: e27 事件哈希 e94bf4b5060701a6…
append: e28 事件哈希 629107abda97164b…
append: e29 事件哈希 91ad18203efa0703…
append: e30 事件哈希 92326b974b12ed90…
append: e31 事件哈希 a8ca06e03e00c14c…
append: e32 事件哈希 824f2db961a5627a…
append: e33 事件哈希 c881112a572b48b3…
append: e34 事件哈希 be871a34a8b012e3…
append: e35 事件哈希 a77a3436d279ebce…
append: e36 事件哈希 b996fcc1a6f5bb08…
append: e37 事件哈希 0f89de9363d1c34a…
append: e38 事件哈希 afc619d6731ed47a…
append: e39 事件哈希 200aec7b8c7887d0…
append: e40 事件哈希 6e94c90ce79c94cb…
append: e41 事件哈希 484401adf5717210…
append: e42 事件哈希 8c1b5339e9f295f2…
append: e43 事件哈希 6ffe95edd183d68c…
append: e44 事件哈希 b24ddf3c2e3a2889…
append: e45 事件哈希 9b9247979a643542…
append: e46 事件哈希 c1ac493bc4aed0e3…
append: e47 事件哈希 e746c1245cb8385e…
append: e48 事件哈希 2615cb3fa9079df0…
append: e49 事件哈希 5d21835145206d1e…
append: e50 事件哈希 6d0c03ea9f1d2671…
append: e51 事件哈希 ec2961c4cca5765f…
append: e52 事件哈希 2d60e72f9435b612…
append: e53 事件哈希 fc29e9170a1a8717…
append: e54 事件哈希 3714eddeb342ac21…
append: e55 事件哈希 d6e730b5ddbef031…
append: e56 事件哈希 61fe41fd2351cb24…
append: e57 事件哈希 3891033631c34132…
append: e58 事件哈希 334803574fc6120e…
append: e59 事件哈希 bb4f3a2014ee8402…
append: e60 事件哈希 9ba3b21a4a5d8c94…
append: e61 事件哈希 254e09e79d487706…
append: e62 事件哈希 ffbd124e4076408a…
append: e63 事件哈希 f6980fa5942bb188…
append: e64 事件哈希 88f08da46abb1763…
append: e65 事件哈希 9beb835a955eee74…
append: e66 事件哈希 e5d1977bc6138d4e…
append: e67 事件哈希 7fad09143e88bd8b…
append: e68 事件哈希 bf6b94ed2bf44779…
append: e69 事件哈希 3beda583ebcfaef9…
append: e70 事件哈希 84cad9833e2a3961…
append: e71 事件哈希 1cc24c123e045603…
append: e72 事件哈希 84b6247477a7f251…
append: e73 事件哈希 c7547a471fc8e373…
append: e74 事件哈希 8d6fe8e08733427c…
append: e75 事件哈希 ea1d7e2b33b76e13…
append: e76 事件哈希 86b0143d00c0b15f…
append: e77 事件哈希 32d621831c5b3198…
append: e78 事件哈希 f7b9b61b0d68cd2a…
append: e79 事件哈希 c8eb04ae2ee83972…
[PL s1] kw召回=1.00 任务召回=1.00 links+3 首链@G5 doctor=OK
build: 生成 spec.md / 提示词速查.md / citations.md → D:\临时工作区\大审查-工作包-20260909\衔尾蛇\sandbox\lib-x7-PL-s2（手改生成区=违例）
install: L2 + [] → D:\临时工作区\大审查-工作包-20260909\衔尾蛇\sandbox\lib-x7-PL-s2
  交付内容体 29 个（含 {SLOT} 待填文件 11 个——按 install 指南填槽）
  待填槽文件（示例）: modules/m-core/install.md, modules/m-core/template/ROOT-README.md, modules/m-index/install.md, modules/m-index/template/knowledge/_index.md, modules/m-tools/install.md…
  Merkle 根（排除 state.json）: d265cf487c4877ee21659ef1e8f87eeb9e8775f417c93821f11f4b35f71c09f3
  请将此根抄录至人侧（公理E）
append: e0 事件哈希 89d2831927d1ae63…
append: e1 事件哈希 31533129e4881262…
append: e2 事件哈希 c67d1737cb0dad4c…
append: e3 事件哈希 1e135be58c1e9c18…
append: e4 事件哈希 bbee30ebc21d6cd0…
append: e5 事件哈希 7c6a2feb9983ba96…
append: e6 事件哈希 b992ebbbe659c718…
append: e7 事件哈希 b0df202dab40ab10…
append: e8 事件哈希 40cac6f0f3df5d05…
append: e9 事件哈希 060ca45d1f9a6781…
append: e10 事件哈希 da3b7188b8609621…
append: e11 事件哈希 49e42819741b009e…
append: e12 事件哈希 83b03d8746745303…
append: e13 事件哈希 34e4879d498f6ef8…
append: e14 事件哈希 1656443f64aa9d01…
append: e15 事件哈希 6ef04a18048b5665…
append: e16 事件哈希 c1b58469f72ef15e…
append: e17 事件哈希 4a177305996d2ca8…
append: e18 事件哈希 d3080c4978b711ce…
append: e19 事件哈希 9bd15872846bf7b1…
append: e20 事件哈希 715f7cc626212c82…
append: e21 事件哈希 874014394e8b3fc7…
append: e22 事件哈希 be2ad484a3c07a39…
append: e23 事件哈希 57a93ae3c41b4a9b…
append: e24 事件哈希 981478df83dda1cc…
append: e25 事件哈希 5ea0ce43d0f0e639…
append: e26 事件哈希 2b72686a2004e251…
append: e27 事件哈希 340182df68af4ea2…
append: e28 事件哈希 0e611c0467b91cd6…
append: e29 事件哈希 5bab0ac5a531fa44…
append: e30 事件哈希 eaef7cac60c88a14…
append: e31 事件哈希 2021c45c0539aa2a…
append: e32 事件哈希 53516beb45b5d516…
append: e33 事件哈希 36b9fdb06b0ceba2…
append: e34 事件哈希 7928e863cb88ed6d…
append: e35 事件哈希 3cf31e2a13b25500…
append: e36 事件哈希 b243fd36b8698c68…
append: e37 事件哈希 585c665416cd9d3e…
append: e38 事件哈希 e3866d9bbf938fff…
append: e39 事件哈希 43b5c4e66bcc4ef8…
append: e40 事件哈希 d8a7ac3df89c4a80…
append: e41 事件哈希 75fe1610bdfc2372…
append: e42 事件哈希 2b7276fe909078aa…
append: e43 事件哈希 788ce4298addeca2…
append: e44 事件哈希 e20622de2b8deb39…
append: e45 事件哈希 f5d995d00facad61…
append: e46 事件哈希 49fe1d7aee4fe352…
append: e47 事件哈希 9ad536759d6107a7…
append: e48 事件哈希 67f598390b42ab2e…
append: e49 事件哈希 2558d2d22f6eee97…
append: e50 事件哈希 c6a93b447c38f30d…
append: e51 事件哈希 c15dd8dfccba25d4…
append: e52 事件哈希 d38fabbb775e3851…
append: e53 事件哈希 e01ba7bfc1a5b4b8…
append: e54 事件哈希 f9b2ca1f011b50aa…
append: e55 事件哈希 bc141bc707e98103…
append: e56 事件哈希 cb9235f6f3a15804…
append: e57 事件哈希 a78ec3f8cf4d6932…
append: e58 事件哈希 d512adfd3f2d1102…
append: e59 事件哈希 827558134025667f…
append: e60 事件哈希 042782de3b63da42…
append: e61 事件哈希 31bf1860f7ff1fad…
append: e62 事件哈希 7e4eb02c03c3677a…
append: e63 事件哈希 f82e8ee281aa6903…
append: e64 事件哈希 d55f04de5bfaf18e…
append: e65 事件哈希 5913a47ae1c51395…
append: e66 事件哈希 1c6ede8ef1788c61…
append: e67 事件哈希 a03370f9bc3dd198…
append: e68 事件哈希 6fc18ace70c92a58…
append: e69 事件哈希 ef3b36d04caa804a…
append: e70 事件哈希 1cffde599fad3dbe…
append: e71 事件哈希 d17b900586d7807d…
append: e72 事件哈希 b7dfb99d426ff5aa…
append: e73 事件哈希 4b7129ec5f7370d9…
append: e74 事件哈希 8c9dcaeb9f22347a…
append: e75 事件哈希 411e7aafe076aa73…
append: e76 事件哈希 04e71541017fd7ef…
append: e77 事件哈希 0746ed0215b4caa7…
append: e78 事件哈希 9e8c4e6ba2fc369c…
append: e79 事件哈希 797eca984f4d550c…
[PL s2] kw召回=0.95 任务召回=1.00 links+5 首链@G5 doctor=OK
build: 生成 spec.md / 提示词速查.md / citations.md → D:\临时工作区\大审查-工作包-20260909\衔尾蛇\sandbox\lib-x7-PL-s3（手改生成区=违例）
install: L2 + [] → D:\临时工作区\大审查-工作包-20260909\衔尾蛇\sandbox\lib-x7-PL-s3
  交付内容体 29 个（含 {SLOT} 待填文件 11 个——按 install 指南填槽）
  待填槽文件（示例）: modules/m-core/install.md, modules/m-core/template/ROOT-README.md, modules/m-index/install.md, modules/m-index/template/knowledge/_index.md, modules/m-tools/install.md…
  Merkle 根（排除 state.json）: 846481f0c06a2571c72e1b5522d71c331162234b54b923d8cee165ce64febabd
  请将此根抄录至人侧（公理E）
append: e0 事件哈希 aa6cb4371edac1b5…
append: e1 事件哈希 c18cfad4c15f8340…
append: e2 事件哈希 9c284f17d2926f25…
append: e3 事件哈希 2abd4eab15e70ace…
append: e4 事件哈希 794acb7afccdd0ca…
append: e5 事件哈希 5a1176b61c5db1ac…
append: e6 事件哈希 b15b550a281a3882…
append: e7 事件哈希 56e093f46ccf20e6…
append: e8 事件哈希 96cfec16c94964c7…
append: e9 事件哈希 6b486cac4bdce2ab…
append: e10 事件哈希 ee51fe9092d5dceb…
append: e11 事件哈希 bbfd1db1c15fcb68…
append: e12 事件哈希 36fc843e5e79b54a…
append: e13 事件哈希 0c7f21109f179f59…
append: e14 事件哈希 5903e29c2122de59…
append: e15 事件哈希 16e1172d6ed19223…
append: e16 事件哈希 466fbd41893955e9…
append: e17 事件哈希 baa36e24060f3f11…
append: e18 事件哈希 2ff7ad0f002b6b51…
append: e19 事件哈希 b984f5fd021fdaba…
append: e20 事件哈希 1206e3cbb714cef9…
append: e21 事件哈希 297a1d6f22c82adf…
append: e22 事件哈希 a8454a15871bb276…
append: e23 事件哈希 cc2bfc816d2101c1…
append: e24 事件哈希 2f90546f2976b5f1…
append: e25 事件哈希 2814d5da87f58737…
append: e26 事件哈希 f43b45e7136c309c…
append: e27 事件哈希 1c49d22d7355b0f7…
append: e28 事件哈希 5bd60d6697b5c062…
append: e29 事件哈希 5a30796024468d74…
append: e30 事件哈希 827c6823c8d0ec28…
append: e31 事件哈希 3c71e6c3091241e0…
append: e32 事件哈希 9fdf244c81b04ec1…
append: e33 事件哈希 b51321c3f94d53fb…
append: e34 事件哈希 09ce5bdfc032172e…
append: e35 事件哈希 798acca39f9ea2e8…
append: e36 事件哈希 2a3f2faa1e9528a2…
append: e37 事件哈希 31f85a051b8cedae…
append: e38 事件哈希 33b88ffd3198689d…
append: e39 事件哈希 725f0de647be9ff3…
append: e40 事件哈希 823229d22816b1ab…
append: e41 事件哈希 fe68722bf99ca93e…
append: e42 事件哈希 f64b31a44a030f68…
append: e43 事件哈希 bcbdb378111396c6…
append: e44 事件哈希 1248e1560078b9d9…
append: e45 事件哈希 414e63e5c706ce0d…
append: e46 事件哈希 c77c12592933efb5…
append: e47 事件哈希 5bab746f4968de3b…
append: e48 事件哈希 b8135a1c64a59337…
append: e49 事件哈希 2b76e6b0e955b8b6…
append: e50 事件哈希 c3754f93ae60ba53…
append: e51 事件哈希 5f2145240d842403…
append: e52 事件哈希 1b1239c5fe915e4f…
append: e53 事件哈希 35aca024eb7f649a…
append: e54 事件哈希 b647f188f08fab46…
append: e55 事件哈希 50411a934629e665…
append: e56 事件哈希 2f12f6ce437a90f5…
append: e57 事件哈希 36fe5101ca468fda…
append: e58 事件哈希 32c0b9f83bdd8b40…
append: e59 事件哈希 29c973ec5f125e70…
append: e60 事件哈希 ec6b3bcef0760178…
append: e61 事件哈希 0e1968a80922b32c…
append: e62 事件哈希 abe70b20bfa490c7…
append: e63 事件哈希 e5ded66a97351788…
append: e64 事件哈希 ef152906d48c2c91…
append: e65 事件哈希 3253a482791c3f4e…
append: e66 事件哈希 fc213723a7270dd4…
append: e67 事件哈希 aae137e4e2ea4da2…
append: e68 事件哈希 34a6cf852b8d8b0f…
append: e69 事件哈希 0982ab9962a1df44…
append: e70 事件哈希 4612f93d12094aa2…
append: e71 事件哈希 a3ecf5bebdb028fe…
append: e72 事件哈希 2129bde9afdb5bde…
append: e73 事件哈希 e6d215bd406791be…
append: e74 事件哈希 3894023180b9f4bb…
append: e75 事件哈希 299123b887ae7231…
append: e76 事件哈希 7f09fd3a0dc6c481…
append: e77 事件哈希 c84a3ac322c0ce61…
append: e78 事件哈希 40da4a618d16288f…
append: e79 事件哈希 4121ca451043720e…
[PL s3] kw召回=1.00 任务召回=1.00 links+2 首链@G5 doctor=OK
build: 生成 spec.md / 提示词速查.md / citations.md → D:\临时工作区\大审查-工作包-20260909\衔尾蛇\sandbox\lib-x7-PL-s4（手改生成区=违例）
install: L2 + [] → D:\临时工作区\大审查-工作包-20260909\衔尾蛇\sandbox\lib-x7-PL-s4
  交付内容体 29 个（含 {SLOT} 待填文件 11 个——按 install 指南填槽）
  待填槽文件（示例）: modules/m-core/install.md, modules/m-core/template/ROOT-README.md, modules/m-index/install.md, modules/m-index/template/knowledge/_index.md, modules/m-tools/install.md…
  Merkle 根（排除 state.json）: 06d757cf77a16c7c8a6ac82927b21676275f7504aad5373e302b9df4a7c789b3
  请将此根抄录至人侧（公理E）
append: e0 事件哈希 89d2831927d1ae63…
append: e1 事件哈希 3af96412fb37a076…
append: e2 事件哈希 92fa724fb8bd2fe3…
append: e3 事件哈希 3614cf50271ed3ff…
append: e4 事件哈希 77bc3397ac36f0a7…
append: e5 事件哈希 a840bd0a2342724c…
append: e6 事件哈希 ba53d8d42984c41b…
append: e7 事件哈希 c2e88ab8d88a09b5…
append: e8 事件哈希 3a55ab07adc65ea5…
append: e9 事件哈希 5e7a663ea20da340…
append: e10 事件哈希 8701fb590c0f3bf2…
append: e11 事件哈希 88c3e1e646a271c7…
append: e12 事件哈希 b01fd7a26be2001d…
append: e13 事件哈希 ac6fc261be75b4ef…
append: e14 事件哈希 624b56616bea96e9…
append: e15 事件哈希 0ae60e0968684b70…
append: e16 事件哈希 03dfc8087e178742…
append: e17 事件哈希 5132c43b76e8bec9…
append: e18 事件哈希 5bdcac16c418f8f5…
append: e19 事件哈希 01df355c7d05dfa3…
append: e20 事件哈希 cc25219511c918ef…
append: e21 事件哈希 668b4c37ea37fbc3…
append: e22 事件哈希 d1d0f17a841b0b9c…
append: e23 事件哈希 c6b5a8be1de431c4…
append: e24 事件哈希 2d7f968a0e1fd9db…
append: e25 事件哈希 a9fdf9262410dd73…
append: e26 事件哈希 92efdc728f55519f…
append: e27 事件哈希 b090e6de8254c46e…
append: e28 事件哈希 51156dee5399df15…
append: e29 事件哈希 e37ac08fbd6cc11d…
append: e30 事件哈希 abb448e49d2492dd…
append: e31 事件哈希 b2e446ff0f4c6db2…
append: e32 事件哈希 b3443593b3b145a3…
append: e33 事件哈希 551516cda96fc306…
append: e34 事件哈希 9aa43e54abe6383f…
append: e35 事件哈希 67f837d4ad6e6676…
append: e36 事件哈希 db11048beca6eda7…
append: e37 事件哈希 1bfde85b3d8df5a0…
append: e38 事件哈希 76f3cd071bacca1d…
append: e39 事件哈希 f13a530a7f0e7534…
append: e40 事件哈希 abbfda20798ce5b0…
append: e41 事件哈希 10e637e6610fc618…
append: e42 事件哈希 a46d55037d5b554c…
append: e43 事件哈希 b9f2711aa2ebbfbd…
append: e44 事件哈希 b995cdd7acba5dc7…
append: e45 事件哈希 61302478aff01868…
append: e46 事件哈希 0d1678357a0f6bb6…
append: e47 事件哈希 434b8dc1d912106c…
append: e48 事件哈希 6217b952ffe8c01a…
append: e49 事件哈希 ab714f2bc044a3f2…
append: e50 事件哈希 883037e777542d05…
append: e51 事件哈希 98894d501c74728f…
append: e52 事件哈希 9d86d2e6e64ead0c…
append: e53 事件哈希 c199f6ca2c4974d7…
append: e54 事件哈希 1b1f4bebaf46bae6…
append: e55 事件哈希 89567e5e25a6ec40…
append: e56 事件哈希 3a67ffb179beb5f2…
append: e57 事件哈希 fb2a52645614d924…
append: e58 事件哈希 60f2be9bdacf1fea…
append: e59 事件哈希 b34a40f1f4378c80…
append: e60 事件哈希 725116a6b82a489e…
append: e61 事件哈希 14129a430a6b5a01…
append: e62 事件哈希 80fd4a503baa2ce1…
append: e63 事件哈希 41de65919b9e49ff…
append: e64 事件哈希 bd56083f18cce3ba…
append: e65 事件哈希 b393eceed4409a3f…
append: e66 事件哈希 014f4107dd9c9f20…
append: e67 事件哈希 99da741ee164284c…
append: e68 事件哈希 3b63bd69664c3b9a…
append: e69 事件哈希 b3970c88d461ca0f…
append: e70 事件哈希 4d6f8a3c45714abc…
append: e71 事件哈希 47a9aa3afa79a248…
append: e72 事件哈希 ef15b5c05cabbe4a…
append: e73 事件哈希 56022a5a8e1d489b…
append: e74 事件哈希 599ee5d3d4a24a1c…
append: e75 事件哈希 b12c3570f8d646f0…
append: e76 事件哈希 5dcc6f3f3807af11…
append: e77 事件哈希 4b5df1d06d0dc3a4…
append: e78 事件哈希 fa70af68c14f0e0c…
append: e79 事件哈希 6a99d33380f83bdd…
[PL s4] kw召回=0.95 任务召回=1.00 links+5 首链@G5 doctor=OK
build: 生成 spec.md / 提示词速查.md / citations.md → D:\临时工作区\大审查-工作包-20260909\衔尾蛇\sandbox\lib-x7-PL-s5（手改生成区=违例）
install: L2 + [] → D:\临时工作区\大审查-工作包-20260909\衔尾蛇\sandbox\lib-x7-PL-s5
  交付内容体 29 个（含 {SLOT} 待填文件 11 个——按 install 指南填槽）
  待填槽文件（示例）: modules/m-core/install.md, modules/m-core/template/ROOT-README.md, modules/m-index/install.md, modules/m-index/template/knowledge/_index.md, modules/m-tools/install.md…
  Merkle 根（排除 state.json）: ff49b43f7ac452abd288ead43850975268343c0b1ca31571557570e121448935
  请将此根抄录至人侧（公理E）
append: e0 事件哈希 89d2831927d1ae63…
append: e1 事件哈希 31533129e4881262…
append: e2 事件哈希 9bd4eaaa2343b73e…
append: e3 事件哈希 f085e42b6a273b33…
append: e4 事件哈希 10ab689942361797…
append: e5 事件哈希 3e9c1563bccbcdcc…
append: e6 事件哈希 6f278e1c37d8e319…
append: e7 事件哈希 fb7cdf877e895993…
append: e8 事件哈希 c60db8cdf712cdf8…
append: e9 事件哈希 ecf5da20a8ec18dd…
append: e10 事件哈希 469c154497e89f4c…
append: e11 事件哈希 618bd1e5f3b1b3ac…
append: e12 事件哈希 3302e0f333629652…
append: e13 事件哈希 d7d6b0125d4b3676…
append: e14 事件哈希 71805e3dd08d3341…
append: e15 事件哈希 587cc18d8d4c0431…
append: e16 事件哈希 e61db93802983395…
append: e17 事件哈希 47145f9218dce45d…
append: e18 事件哈希 9ea8a230e6ea68ea…
append: e19 事件哈希 9ae805b856c58c70…
append: e20 事件哈希 8ebcda83a9d25eb0…
append: e21 事件哈希 abc392febdc66a5f…
append: e22 事件哈希 992bad668d106faf…
append: e23 事件哈希 cadabee1f793131d…
append: e24 事件哈希 c9852babdaef09f8…
append: e25 事件哈希 dedc4f69d587c01b…
append: e26 事件哈希 ba1e62a038445166…
append: e27 事件哈希 d64d78676f498d3e…
append: e28 事件哈希 690c20238f64aca0…
append: e29 事件哈希 9b35d72d8903674c…
append: e30 事件哈希 8d45c492e75ae8e5…
append: e31 事件哈希 e2593f019d785e52…
append: e32 事件哈希 adbc585a8416b4cf…
append: e33 事件哈希 71520ab0a1942f06…
append: e34 事件哈希 fb21f744805124bb…
append: e35 事件哈希 5dc76ecfa3f9724c…
append: e36 事件哈希 6e4345ebcda20736…
append: e37 事件哈希 92e7db633eb30908…
append: e38 事件哈希 50e775d1b23394f5…
append: e39 事件哈希 44a3055233959338…
append: e40 事件哈希 1db206ead2f0f09a…
append: e41 事件哈希 92caebe002e27384…
append: e42 事件哈希 e06197491e336c6b…
append: e43 事件哈希 9eb66eca560d0643…
append: e44 事件哈希 f42e6204397222ed…
append: e45 事件哈希 25a622a8394c7f36…
append: e46 事件哈希 a2e2c9f5dbf2e32a…
append: e47 事件哈希 406f4eaea6b110a2…
append: e48 事件哈希 7e90512a5f47ee13…
append: e49 事件哈希 804099ceccf1fd76…
append: e50 事件哈希 65e684df687c9f43…
append: e51 事件哈希 6a5613384272e269…
append: e52 事件哈希 4d6c0d9d6db3d21a…
append: e53 事件哈希 8b51e35635acc212…
append: e54 事件哈希 a7c0f5de54ea38d8…
append: e55 事件哈希 966de9e22ef361ac…
append: e56 事件哈希 6485c65ef01086c7…
append: e57 事件哈希 fca23e438cc83a3e…
append: e58 事件哈希 121dde89122040f4…
append: e59 事件哈希 b97568effbb8d0c2…
append: e60 事件哈希 aff9a50a711fc0cf…
append: e61 事件哈希 c1526aa8762f5c83…
append: e62 事件哈希 72ee7e7e81a091f1…
append: e63 事件哈希 f6e6c2eeee179d5b…
append: e64 事件哈希 44e052d99fb57575…
append: e65 事件哈希 cd27a546cff175fa…
append: e66 事件哈希 ee9b7ddbabbd9c65…
append: e67 事件哈希 a057563be8d22298…
append: e68 事件哈希 72baf8d71b7e6f44…
append: e69 事件哈希 93c481154f9beb0f…
append: e70 事件哈希 793ba14495a4952c…
append: e71 事件哈希 f69dc3fcce13df84…
append: e72 事件哈希 92ebd37c4cf46aa0…
append: e73 事件哈希 6609dc6dc4cec3b0…
append: e74 事件哈希 4c9e0ac575d092a0…
append: e75 事件哈希 af1794b7f0f092c7…
append: e76 事件哈希 d528be6465424191…
append: e77 事件哈希 1b037bee550995ab…
append: e78 事件哈希 55398646d8dd4b26…
append: e79 事件哈希 abb16b0bdc2b0701…
[PL s5] kw召回=0.95 任务召回=0.88 links+5 首链@G5 doctor=OK
build: 生成 spec.md / 提示词速查.md / citations.md → D:\临时工作区\大审查-工作包-20260909\衔尾蛇\sandbox\lib-x7-PL-s6（手改生成区=违例）
install: L2 + [] → D:\临时工作区\大审查-工作包-20260909\衔尾蛇\sandbox\lib-x7-PL-s6
  交付内容体 29 个（含 {SLOT} 待填文件 11 个——按 install 指南填槽）
  待填槽文件（示例）: modules/m-core/install.md, modules/m-core/template/ROOT-README.md, modules/m-index/install.md, modules/m-index/template/knowledge/_index.md, modules/m-tools/install.md…
  Merkle 根（排除 state.json）: d799af02a23478e87a766bae0c7b52a0e2d2837fa5e0d0e22ce4e72d51e8b83d
  请将此根抄录至人侧（公理E）
append: e0 事件哈希 89d2831927d1ae63…
append: e1 事件哈希 31533129e4881262…
append: e2 事件哈希 c67d1737cb0dad4c…
append: e3 事件哈希 1e135be58c1e9c18…
append: e4 事件哈希 6d2c96e4e7bf0296…
append: e5 事件哈希 14dade9ca05672a8…
append: e6 事件哈希 f9a5cfa27d420827…
append: e7 事件哈希 f2d3edddeec40b0a…
append: e8 事件哈希 a6b887a5043e596b…
append: e9 事件哈希 7833cfc068108b1e…
append: e10 事件哈希 fa338ae7a3be0d9b…
append: e11 事件哈希 a0f39e6073b3a7fb…
append: e12 事件哈希 e3cda3c8b09054dc…
append: e13 事件哈希 d7587848980c1d5e…
append: e14 事件哈希 2782f6cd8780d7c1…
append: e15 事件哈希 ffbf0051ea04048f…
append: e16 事件哈希 e720fe1dec4731ba…
append: e17 事件哈希 0dc2c0425595a633…
append: e18 事件哈希 1ecbd66ad6fa2c05…
append: e19 事件哈希 8ec0f03b8a6f0472…
append: e20 事件哈希 36e9117d0db7c785…
append: e21 事件哈希 d816ed121c7b0db9…
append: e22 事件哈希 5ce3b276e453adc1…
append: e23 事件哈希 6243fcdb72ad24a9…
append: e24 事件哈希 51a16c3b2bf8c57f…
append: e25 事件哈希 25dc993de1f96b21…
append: e26 事件哈希 d682a525ed7c20b1…
append: e27 事件哈希 750b4d06fdf13105…
append: e28 事件哈希 de3feaf8eebd90b3…
append: e29 事件哈希 eb0a0062e3dc8eb5…
append: e30 事件哈希 21f37c83d14e3f1e…
append: e31 事件哈希 ffda8ff4debafe98…
append: e32 事件哈希 a328c54ace3594b1…
append: e33 事件哈希 fe5f4c249e12f407…
append: e34 事件哈希 dbbdbee78949f965…
append: e35 事件哈希 80843fa1151aa587…
append: e36 事件哈希 afda016e37e5a716…
append: e37 事件哈希 3fd8fb1039acc095…
append: e38 事件哈希 6d2eaba5a74efe85…
append: e39 事件哈希 57ad973ba734853b…
append: e40 事件哈希 dfc9eaf72f1a1f80…
append: e41 事件哈希 157021337ae0e887…
append: e42 事件哈希 ed920ff04b447291…
append: e43 事件哈希 52b79fb942437fea…
append: e44 事件哈希 2220b592903affea…
append: e45 事件哈希 a4b6306a47f477aa…
append: e46 事件哈希 e04c0212673d513c…
append: e47 事件哈希 208cf154d00035a8…
append: e48 事件哈希 40c6d2a41e4582eb…
append: e49 事件哈希 e1586e07c57d3cfd…
append: e50 事件哈希 be00cf48f6779100…
append: e51 事件哈希 dfda3c1df1c4f218…
append: e52 事件哈希 3bf24704dcc11f71…
append: e53 事件哈希 ac63f12330aecccf…
append: e54 事件哈希 32997fdee28e4704…
append: e55 事件哈希 fecc59eee8a33b4f…
append: e56 事件哈希 487158b01260a1ee…
append: e57 事件哈希 dee984da63d6df6a…
append: e58 事件哈希 d1b4771b995200c7…
append: e59 事件哈希 e3ab250cb7e3a920…
append: e60 事件哈希 fd71c41b0ba4a31b…
append: e61 事件哈希 631141cb751bb3be…
append: e62 事件哈希 80b328188562ddab…
append: e63 事件哈希 855c24c9913efa0f…
append: e64 事件哈希 89a7ebb4cce7fee0…
append: e65 事件哈希 f0c1360781d7aeec…
append: e66 事件哈希 e31faf0df02eb6a6…
append: e67 事件哈希 1dda7b424825fd5f…
append: e68 事件哈希 e76b70c6da64efaf…
append: e69 事件哈希 ab899bb16d7a02ac…
append: e70 事件哈希 4bd229e8a29997e0…
append: e71 事件哈希 bbb85bbb389f5856…
append: e72 事件哈希 a5d7332c52d86f5e…
append: e73 事件哈希 2bf8e12eb7c81f89…
append: e74 事件哈希 1f2a7a035fb3bd53…
append: e75 事件哈希 86a99f20c7c91822…
append: e76 事件哈希 29561f56fea0fbf6…
append: e77 事件哈希 7d113835e29d9a97…
append: e78 事件哈希 42689e6f95616587…
append: e79 事件哈希 3e3386a8cb8a987b…
[PL s6] kw召回=1.00 任务召回=1.00 links+4 首链@G5 doctor=OK
build: 生成 spec.md / 提示词速查.md / citations.md → D:\临时工作区\大审查-工作包-20260909\衔尾蛇\sandbox\lib-x7-PL-s7（手改生成区=违例）
install: L2 + [] → D:\临时工作区\大审查-工作包-20260909\衔尾蛇\sandbox\lib-x7-PL-s7
  交付内容体 29 个（含 {SLOT} 待填文件 11 个——按 install 指南填槽）
  待填槽文件（示例）: modules/m-core/install.md, modules/m-core/template/ROOT-README.md, modules/m-index/install.md, modules/m-index/template/knowledge/_index.md, modules/m-tools/install.md…
  Merkle 根（排除 state.json）: 300250d25fcf57553ed1da481cf54a0f4aa606c08c1519beb830994210567124
  请将此根抄录至人侧（公理E）
append: e0 事件哈希 89d2831927d1ae63…
append: e1 事件哈希 31533129e4881262…
append: e2 事件哈希 9bd4eaaa2343b73e…
append: e3 事件哈希 badd00fc3ec8ec09…
append: e4 事件哈希 5704d0136f18c999…
append: e5 事件哈希 ffaa03d2349b1ba4…
append: e6 事件哈希 aeb0220e9a7defea…
append: e7 事件哈希 fafaf08388d2672d…
append: e8 事件哈希 5dbeda3482721dc3…
append: e9 事件哈希 c92aa0ac58ec1162…
append: e10 事件哈希 0021d8002e507b29…
append: e11 事件哈希 9328284f6aa0fa82…
append: e12 事件哈希 e180f8a4de635171…
append: e13 事件哈希 307073ca1fa363bb…
append: e14 事件哈希 7a2afa28788de178…
append: e15 事件哈希 f1d4622b4605046c…
append: e16 事件哈希 ddae788bab539c46…
append: e17 事件哈希 eba9164be903e919…
append: e18 事件哈希 e8faa7d10e7b758b…
append: e19 事件哈希 6678f208f9e9c2ec…
append: e20 事件哈希 50e50674f42e9ebb…
append: e21 事件哈希 379d6f7b14ccafa3…
append: e22 事件哈希 312315eb3295a674…
append: e23 事件哈希 0d6d9059af30e1b4…
append: e24 事件哈希 ce31fc8246dc1f99…
append: e25 事件哈希 9159d880ac095371…
append: e26 事件哈希 faf718e9a3800756…
append: e27 事件哈希 0499bcf641d37e7d…
append: e28 事件哈希 d556555be6fcfed2…
append: e29 事件哈希 f69fe97e95cac275…
append: e30 事件哈希 b15fa741bb98f6be…
append: e31 事件哈希 05f09543a04594d3…
append: e32 事件哈希 6e5d9ec4e12f674b…
append: e33 事件哈希 c3b194d535c513f7…
append: e34 事件哈希 d0cbb8d220f15ab4…
append: e35 事件哈希 5e3e54a74e2b0ff7…
append: e36 事件哈希 63ac9daab6b03cc6…
append: e37 事件哈希 49b27dae5f2772d2…
append: e38 事件哈希 80290c6ac1b7c93f…
append: e39 事件哈希 38835b6006b359b0…
append: e40 事件哈希 56df016154d40a65…
append: e41 事件哈希 5b0aec5b620e3f24…
append: e42 事件哈希 b6b8bc0059e6da09…
append: e43 事件哈希 965dcf2620a1cc8e…
append: e44 事件哈希 303e01763c518fdd…
append: e45 事件哈希 93155f697f1812d3…
append: e46 事件哈希 89ebc0bf3430930d…
append: e47 事件哈希 abcac7e356357bf0…
append: e48 事件哈希 969e85faed97a35a…
append: e49 事件哈希 2d45ff3dff89a82e…
append: e50 事件哈希 2374824dd5093407…
append: e51 事件哈希 ab380188c2b2c995…
append: e52 事件哈希 6ad4232b8466abf6…
append: e53 事件哈希 e0a851cab3ea4804…
append: e54 事件哈希 8f480a374dc74988…
append: e55 事件哈希 08369079a0db17c7…
append: e56 事件哈希 8dd14b7ac67765a3…
append: e57 事件哈希 1a84a496d72470a0…
append: e58 事件哈希 e7107a790c84bca5…
append: e59 事件哈希 d0ccd0eb2a69c0bb…
append: e60 事件哈希 8fdce51c44b41f6a…
append: e61 事件哈希 bd52779a07138abf…
append: e62 事件哈希 d4f27ca3c82171f5…
append: e63 事件哈希 0b8a55331cddb8b3…
append: e64 事件哈希 6a34691e0046a827…
append: e65 事件哈希 d223a593ffbbd4e7…
append: e66 事件哈希 6734c56acc2bfab9…
append: e67 事件哈希 9d1dd6fb0abb2028…
append: e68 事件哈希 30af959f5608607d…
append: e69 事件哈希 62763fb19b36dd68…
append: e70 事件哈希 4a2334a3dfeb057e…
append: e71 事件哈希 4e800715e5ec2591…
append: e72 事件哈希 5324ac79a4d2d077…
append: e73 事件哈希 38797edb559c1b4a…
append: e74 事件哈希 d22602544a966e71…
append: e75 事件哈希 7a7618ec03be9c86…
append: e76 事件哈希 ebd8c0b1ec8f3ccf…
append: e77 事件哈希 a30e93d8393a3a95…
append: e78 事件哈希 c8ce022d0ac08030…
append: e79 事件哈希 151d68dc5dd6c542…
[PL s7] kw召回=1.00 任务召回=1.00 links+4 首链@G5 doctor=OK
build: 生成 spec.md / 提示词速查.md / citations.md → D:\临时工作区\大审查-工作包-20260909\衔尾蛇\sandbox\lib-x7-PL-s8（手改生成区=违例）
install: L2 + [] → D:\临时工作区\大审查-工作包-20260909\衔尾蛇\sandbox\lib-x7-PL-s8
  交付内容体 29 个（含 {SLOT} 待填文件 11 个——按 install 指南填槽）
  待填槽文件（示例）: modules/m-core/install.md, modules/m-core/template/ROOT-README.md, modules/m-index/install.md, modules/m-index/template/knowledge/_index.md, modules/m-tools/install.md…
  Merkle 根（排除 state.json）: dda9549eea087042a3a1b11d862caccb456520b6e48074861bc791f9df95f200
  请将此根抄录至人侧（公理E）
append: e0 事件哈希 89d2831927d1ae63…
append: e1 事件哈希 31533129e4881262…
append: e2 事件哈希 c67d1737cb0dad4c…
append: e3 事件哈希 49e2d628342b227c…
append: e4 事件哈希 3e4e5f1bcd9aefdd…
append: e5 事件哈希 17334de1c3d66b6d…
append: e6 事件哈希 35ba63e565731fb7…
append: e7 事件哈希 b76654c54a68cff4…
append: e8 事件哈希 5b641178695d1e78…
append: e9 事件哈希 9d4aa085cce40d95…
append: e10 事件哈希 b897ea9ff2a8aa42…
append: e11 事件哈希 f853482131ecafde…
append: e12 事件哈希 a4424c4160c85a83…
append: e13 事件哈希 72f1bcdd7b166066…
append: e14 事件哈希 5bfa4817c9e8b5db…
append: e15 事件哈希 2db4663ed001937c…
append: e16 事件哈希 ead7113f7741bc9f…
append: e17 事件哈希 f45f4a061a2ec5b5…
append: e18 事件哈希 a90bbc30512a9dbb…
append: e19 事件哈希 238c46895e213c03…
append: e20 事件哈希 6c0df11d19ae40be…
append: e21 事件哈希 79726e5461bea588…
append: e22 事件哈希 5e24efef5f19332f…
append: e23 事件哈希 23b3fabb5bd197b2…
append: e24 事件哈希 e19baab13903f922…
append: e25 事件哈希 6b17ba6ae88bfcd6…
append: e26 事件哈希 2e4188ee68fe4b8b…
append: e27 事件哈希 727ee938d1781ae1…
append: e28 事件哈希 d87ad3d6432019ae…
append: e29 事件哈希 db96fe23b2415e38…
append: e30 事件哈希 2f371e90088267b6…
append: e31 事件哈希 2ffcd65145c3d6ca…
append: e32 事件哈希 d5b494946abd3a2c…
append: e33 事件哈希 d616b9ef8d6e4343…
append: e34 事件哈希 3d19bb621fcac1fa…
append: e35 事件哈希 21989ddfe28202d4…
append: e36 事件哈希 899d5cc9966c2291…
append: e37 事件哈希 ae9199c7ee94c0c7…
append: e38 事件哈希 599383c40d9be1e0…
append: e39 事件哈希 895328b1a310afd0…
append: e40 事件哈希 13654f23e680fa8b…
append: e41 事件哈希 e9b36e5d9a50fd16…
append: e42 事件哈希 36e78149ded031ca…
append: e43 事件哈希 79d711b710cffe98…
append: e44 事件哈希 e4b8a9de51cfe668…
append: e45 事件哈希 f0f48944f472a08e…
append: e46 事件哈希 8a8ba54ca278064a…
append: e47 事件哈希 888db1d4699ae55f…
append: e48 事件哈希 ef3d9d1c62cd4a63…
append: e49 事件哈希 e86704d0c4fd99a0…
append: e50 事件哈希 79f0f4a5670f0422…
append: e51 事件哈希 2b58ab6550900f02…
append: e52 事件哈希 cf362594a0f10b86…
append: e53 事件哈希 06234f4802734505…
append: e54 事件哈希 c40bdc5730ff17ee…
append: e55 事件哈希 abdc773f21ed8000…
append: e56 事件哈希 85f9bc98568fe830…
append: e57 事件哈希 f88e7fa528b986d9…
append: e58 事件哈希 9493d31dccdc8a2f…
append: e59 事件哈希 ac4d4e73fdba3d26…
append: e60 事件哈希 f3f2fce8f605cb9b…
append: e61 事件哈希 02f719b4892fe561…
append: e62 事件哈希 ef644c7406be816c…
append: e63 事件哈希 35c772dda784bffc…
append: e64 事件哈希 cf3cacc09fc8e31a…
append: e65 事件哈希 a8ea1fb3741f23cd…
append: e66 事件哈希 7556f52ded99ede9…
append: e67 事件哈希 40ed479a3c2d9784…
append: e68 事件哈希 2d2dc3e3703d47c4…
append: e69 事件哈希 0994ced3c14e233a…
append: e70 事件哈希 1a079c72fef152f2…
append: e71 事件哈希 a20678e19bc1766d…
append: e72 事件哈希 f3dc3a6e60280eef…
append: e73 事件哈希 1c1702b8c84b6729…
append: e74 事件哈希 68e36c86cd15c96b…
append: e75 事件哈希 f8341a33526100e3…
append: e76 事件哈希 4fe1d778a1fca0a1…
append: e77 事件哈希 e827402f1e9dcc9e…
append: e78 事件哈希 d6f763a27f60361c…
append: e79 事件哈希 a55cc6d7a3b83047…
[PL s8] kw召回=0.95 任务召回=0.75 links+5 首链@G5 doctor=OK
build: 生成 spec.md / 提示词速查.md / citations.md → D:\临时工作区\大审查-工作包-20260909\衔尾蛇\sandbox\lib-x7-PLS-s1（手改生成区=违例）
install: L2 + [] → D:\临时工作区\大审查-工作包-20260909\衔尾蛇\sandbox\lib-x7-PLS-s1
  交付内容体 29 个（含 {SLOT} 待填文件 11 个——按 install 指南填槽）
  待填槽文件（示例）: modules/m-core/install.md, modules/m-core/template/ROOT-README.md, modules/m-index/install.md, modules/m-index/template/knowledge/_index.md, modules/m-tools/install.md…
  Merkle 根（排除 state.json）: d06f96da8771a9ebc9c3dd713934375a95127e6af279230b7a4467f3e0a938ec
  请将此根抄录至人侧（公理E）
append: e0 事件哈希 aa6cb4371edac1b5…
append: e1 事件哈希 c18cfad4c15f8340…
append: e2 事件哈希 aaa4cd6b4967640a…
append: e3 事件哈希 ddaccf7664604fe0…
append: e4 事件哈希 aab3a730918d3363…
append: e5 事件哈希 f99b753182ec3889…
append: e6 事件哈希 19c647d0cccb40ff…
append: e7 事件哈希 02f02949174227cb…
append: e8 事件哈希 a518ae3f9cb97f5c…
append: e9 事件哈希 c1f1f22ea869744d…
append: e10 事件哈希 91b754ccbf2c2a3b…
append: e11 事件哈希 97eeca2378d4686a…
append: e12 事件哈希 288074c498a9fd65…
append: e13 事件哈希 de380b523ee547b0…
append: e14 事件哈希 1532df26f1239c94…
append: e15 事件哈希 fb1fbd01e6e767b5…
append: e16 事件哈希 df0b17ffdc51ba27…
append: e17 事件哈希 0262f69076755601…
append: e18 事件哈希 ca8515502585e259…
append: e19 事件哈希 b7d386e224e23a7c…
append: e20 事件哈希 3fc2b08a1a9cd114…
append: e21 事件哈希 850ad937a21a7e1e…
append: e22 事件哈希 16c88a58fc5ee021…
append: e23 事件哈希 ea91f99a95503568…
append: e24 事件哈希 15f9d2bb38c12969…
append: e25 事件哈希 d1138f0b5234c5d4…
append: e26 事件哈希 c2f08ddb8b4f3fd6…
append: e27 事件哈希 e94bf4b5060701a6…
append: e28 事件哈希 629107abda97164b…
append: e29 事件哈希 91ad18203efa0703…
append: e30 事件哈希 92326b974b12ed90…
append: e31 事件哈希 a8ca06e03e00c14c…
append: e32 事件哈希 824f2db961a5627a…
append: e33 事件哈希 c881112a572b48b3…
append: e34 事件哈希 be871a34a8b012e3…
append: e35 事件哈希 a77a3436d279ebce…
append: e36 事件哈希 b996fcc1a6f5bb08…
append: e37 事件哈希 0f89de9363d1c34a…
append: e38 事件哈希 afc619d6731ed47a…
append: e39 事件哈希 200aec7b8c7887d0…
append: e40 事件哈希 6e94c90ce79c94cb…
append: e41 事件哈希 484401adf5717210…
append: e42 事件哈希 8c1b5339e9f295f2…
append: e43 事件哈希 6ffe95edd183d68c…
append: e44 事件哈希 b24ddf3c2e3a2889…
append: e45 事件哈希 9b9247979a643542…
append: e46 事件哈希 c1ac493bc4aed0e3…
append: e47 事件哈希 e746c1245cb8385e…
append: e48 事件哈希 2615cb3fa9079df0…
append: e49 事件哈希 5d21835145206d1e…
append: e50 事件哈希 6d0c03ea9f1d2671…
append: e51 事件哈希 ec2961c4cca5765f…
append: e52 事件哈希 2d60e72f9435b612…
append: e53 事件哈希 fc29e9170a1a8717…
append: e54 事件哈希 3714eddeb342ac21…
append: e55 事件哈希 d6e730b5ddbef031…
append: e56 事件哈希 61fe41fd2351cb24…
append: e57 事件哈希 3891033631c34132…
append: e58 事件哈希 334803574fc6120e…
append: e59 事件哈希 bb4f3a2014ee8402…
append: e60 事件哈希 9ba3b21a4a5d8c94…
append: e61 事件哈希 254e09e79d487706…
append: e62 事件哈希 ffbd124e4076408a…
append: e63 事件哈希 f6980fa5942bb188…
append: e64 事件哈希 88f08da46abb1763…
append: e65 事件哈希 9beb835a955eee74…
append: e66 事件哈希 e5d1977bc6138d4e…
append: e67 事件哈希 7fad09143e88bd8b…
append: e68 事件哈希 bf6b94ed2bf44779…
append: e69 事件哈希 3beda583ebcfaef9…
append: e70 事件哈希 84cad9833e2a3961…
append: e71 事件哈希 1cc24c123e045603…
append: e72 事件哈希 84b6247477a7f251…
append: e73 事件哈希 c7547a471fc8e373…
append: e74 事件哈希 8d6fe8e08733427c…
append: e75 事件哈希 ea1d7e2b33b76e13…
append: e76 事件哈希 86b0143d00c0b15f…
append: e77 事件哈希 32d621831c5b3198…
append: e78 事件哈希 f7b9b61b0d68cd2a…
append: e79 事件哈希 c8eb04ae2ee83972…
[PLS s1] kw召回=1.00 任务召回=1.00 links+2 首链@G15 doctor=OK
build: 生成 spec.md / 提示词速查.md / citations.md → D:\临时工作区\大审查-工作包-20260909\衔尾蛇\sandbox\lib-x7-PLS-s2（手改生成区=违例）
install: L2 + [] → D:\临时工作区\大审查-工作包-20260909\衔尾蛇\sandbox\lib-x7-PLS-s2
  交付内容体 29 个（含 {SLOT} 待填文件 11 个——按 install 指南填槽）
  待填槽文件（示例）: modules/m-core/install.md, modules/m-core/template/ROOT-README.md, modules/m-index/install.md, modules/m-index/template/knowledge/_index.md, modules/m-tools/install.md…
  Merkle 根（排除 state.json）: 353683439db834233f2bf456d98733baec2c1cdad18106d8a2ad3e70e976ebd4
  请将此根抄录至人侧（公理E）
append: e0 事件哈希 89d2831927d1ae63…
append: e1 事件哈希 31533129e4881262…
append: e2 事件哈希 c67d1737cb0dad4c…
append: e3 事件哈希 1e135be58c1e9c18…
append: e4 事件哈希 bbee30ebc21d6cd0…
append: e5 事件哈希 7c6a2feb9983ba96…
append: e6 事件哈希 b992ebbbe659c718…
append: e7 事件哈希 b0df202dab40ab10…
append: e8 事件哈希 40cac6f0f3df5d05…
append: e9 事件哈希 060ca45d1f9a6781…
append: e10 事件哈希 da3b7188b8609621…
append: e11 事件哈希 49e42819741b009e…
append: e12 事件哈希 83b03d8746745303…
append: e13 事件哈希 34e4879d498f6ef8…
append: e14 事件哈希 1656443f64aa9d01…
append: e15 事件哈希 6ef04a18048b5665…
append: e16 事件哈希 c1b58469f72ef15e…
append: e17 事件哈希 4a177305996d2ca8…
append: e18 事件哈希 d3080c4978b711ce…
append: e19 事件哈希 9bd15872846bf7b1…
append: e20 事件哈希 715f7cc626212c82…
append: e21 事件哈希 874014394e8b3fc7…
append: e22 事件哈希 be2ad484a3c07a39…
append: e23 事件哈希 57a93ae3c41b4a9b…
append: e24 事件哈希 981478df83dda1cc…
append: e25 事件哈希 5ea0ce43d0f0e639…
append: e26 事件哈希 2b72686a2004e251…
append: e27 事件哈希 340182df68af4ea2…
append: e28 事件哈希 0e611c0467b91cd6…
append: e29 事件哈希 5bab0ac5a531fa44…
append: e30 事件哈希 eaef7cac60c88a14…
append: e31 事件哈希 2021c45c0539aa2a…
append: e32 事件哈希 53516beb45b5d516…
append: e33 事件哈希 36b9fdb06b0ceba2…
append: e34 事件哈希 7928e863cb88ed6d…
append: e35 事件哈希 3cf31e2a13b25500…
append: e36 事件哈希 b243fd36b8698c68…
append: e37 事件哈希 585c665416cd9d3e…
append: e38 事件哈希 e3866d9bbf938fff…
append: e39 事件哈希 43b5c4e66bcc4ef8…
append: e40 事件哈希 d8a7ac3df89c4a80…
append: e41 事件哈希 75fe1610bdfc2372…
append: e42 事件哈希 2b7276fe909078aa…
append: e43 事件哈希 788ce4298addeca2…
append: e44 事件哈希 e20622de2b8deb39…
append: e45 事件哈希 f5d995d00facad61…
append: e46 事件哈希 49fe1d7aee4fe352…
append: e47 事件哈希 9ad536759d6107a7…
append: e48 事件哈希 67f598390b42ab2e…
append: e49 事件哈希 2558d2d22f6eee97…
append: e50 事件哈希 c6a93b447c38f30d…
append: e51 事件哈希 c15dd8dfccba25d4…
append: e52 事件哈希 d38fabbb775e3851…
append: e53 事件哈希 e01ba7bfc1a5b4b8…
append: e54 事件哈希 f9b2ca1f011b50aa…
append: e55 事件哈希 bc141bc707e98103…
append: e56 事件哈希 cb9235f6f3a15804…
append: e57 事件哈希 a78ec3f8cf4d6932…
append: e58 事件哈希 d512adfd3f2d1102…
append: e59 事件哈希 827558134025667f…
append: e60 事件哈希 042782de3b63da42…
append: e61 事件哈希 31bf1860f7ff1fad…
append: e62 事件哈希 7e4eb02c03c3677a…
append: e63 事件哈希 f82e8ee281aa6903…
append: e64 事件哈希 d55f04de5bfaf18e…
append: e65 事件哈希 5913a47ae1c51395…
append: e66 事件哈希 1c6ede8ef1788c61…
append: e67 事件哈希 a03370f9bc3dd198…
append: e68 事件哈希 6fc18ace70c92a58…
append: e69 事件哈希 ef3b36d04caa804a…
append: e70 事件哈希 1cffde599fad3dbe…
append: e71 事件哈希 d17b900586d7807d…
append: e72 事件哈希 b7dfb99d426ff5aa…
append: e73 事件哈希 4b7129ec5f7370d9…
append: e74 事件哈希 8c9dcaeb9f22347a…
append: e75 事件哈希 411e7aafe076aa73…
append: e76 事件哈希 04e71541017fd7ef…
append: e77 事件哈希 0746ed0215b4caa7…
append: e78 事件哈希 9e8c4e6ba2fc369c…
append: e79 事件哈希 797eca984f4d550c…
[PLS s2] kw召回=0.95 任务召回=1.00 links+1 首链@G25 doctor=OK
build: 生成 spec.md / 提示词速查.md / citations.md → D:\临时工作区\大审查-工作包-20260909\衔尾蛇\sandbox\lib-x7-PLS-s3（手改生成区=违例）
install: L2 + [] → D:\临时工作区\大审查-工作包-20260909\衔尾蛇\sandbox\lib-x7-PLS-s3
  交付内容体 29 个（含 {SLOT} 待填文件 11 个——按 install 指南填槽）
  待填槽文件（示例）: modules/m-core/install.md, modules/m-core/template/ROOT-README.md, modules/m-index/install.md, modules/m-index/template/knowledge/_index.md, modules/m-tools/install.md…
  Merkle 根（排除 state.json）: 587618ffde020d755659bed15deed4e62332b7fa50208d245bc8682978ce2fa7
  请将此根抄录至人侧（公理E）
append: e0 事件哈希 aa6cb4371edac1b5…
append: e1 事件哈希 c18cfad4c15f8340…
append: e2 事件哈希 9c284f17d2926f25…
append: e3 事件哈希 2abd4eab15e70ace…
append: e4 事件哈希 794acb7afccdd0ca…
append: e5 事件哈希 5a1176b61c5db1ac…
append: e6 事件哈希 b15b550a281a3882…
append: e7 事件哈希 56e093f46ccf20e6…
append: e8 事件哈希 96cfec16c94964c7…
append: e9 事件哈希 6b486cac4bdce2ab…
append: e10 事件哈希 ee51fe9092d5dceb…
append: e11 事件哈希 bbfd1db1c15fcb68…
append: e12 事件哈希 36fc843e5e79b54a…
append: e13 事件哈希 0c7f21109f179f59…
append: e14 事件哈希 5903e29c2122de59…
append: e15 事件哈希 16e1172d6ed19223…
append: e16 事件哈希 466fbd41893955e9…
append: e17 事件哈希 baa36e24060f3f11…
append: e18 事件哈希 2ff7ad0f002b6b51…
append: e19 事件哈希 b984f5fd021fdaba…
append: e20 事件哈希 1206e3cbb714cef9…
append: e21 事件哈希 297a1d6f22c82adf…
append: e22 事件哈希 a8454a15871bb276…
append: e23 事件哈希 cc2bfc816d2101c1…
append: e24 事件哈希 2f90546f2976b5f1…
append: e25 事件哈希 2814d5da87f58737…
append: e26 事件哈希 f43b45e7136c309c…
append: e27 事件哈希 1c49d22d7355b0f7…
append: e28 事件哈希 5bd60d6697b5c062…
append: e29 事件哈希 5a30796024468d74…
append: e30 事件哈希 827c6823c8d0ec28…
append: e31 事件哈希 3c71e6c3091241e0…
append: e32 事件哈希 9fdf244c81b04ec1…
append: e33 事件哈希 b51321c3f94d53fb…
append: e34 事件哈希 09ce5bdfc032172e…
append: e35 事件哈希 798acca39f9ea2e8…
append: e36 事件哈希 2a3f2faa1e9528a2…
append: e37 事件哈希 31f85a051b8cedae…
append: e38 事件哈希 33b88ffd3198689d…
append: e39 事件哈希 725f0de647be9ff3…
append: e40 事件哈希 823229d22816b1ab…
append: e41 事件哈希 fe68722bf99ca93e…
append: e42 事件哈希 f64b31a44a030f68…
append: e43 事件哈希 bcbdb378111396c6…
append: e44 事件哈希 1248e1560078b9d9…
append: e45 事件哈希 414e63e5c706ce0d…
append: e46 事件哈希 c77c12592933efb5…
append: e47 事件哈希 5bab746f4968de3b…
append: e48 事件哈希 b8135a1c64a59337…
append: e49 事件哈希 2b76e6b0e955b8b6…
append: e50 事件哈希 c3754f93ae60ba53…
append: e51 事件哈希 5f2145240d842403…
append: e52 事件哈希 1b1239c5fe915e4f…
append: e53 事件哈希 35aca024eb7f649a…
append: e54 事件哈希 b647f188f08fab46…
append: e55 事件哈希 50411a934629e665…
append: e56 事件哈希 2f12f6ce437a90f5…
append: e57 事件哈希 36fe5101ca468fda…
append: e58 事件哈希 32c0b9f83bdd8b40…
append: e59 事件哈希 29c973ec5f125e70…
append: e60 事件哈希 ec6b3bcef0760178…
append: e61 事件哈希 0e1968a80922b32c…
append: e62 事件哈希 abe70b20bfa490c7…
append: e63 事件哈希 e5ded66a97351788…
append: e64 事件哈希 ef152906d48c2c91…
append: e65 事件哈希 3253a482791c3f4e…
append: e66 事件哈希 fc213723a7270dd4…
append: e67 事件哈希 aae137e4e2ea4da2…
append: e68 事件哈希 34a6cf852b8d8b0f…
append: e69 事件哈希 0982ab9962a1df44…
append: e70 事件哈希 4612f93d12094aa2…
append: e71 事件哈希 a3ecf5bebdb028fe…
append: e72 事件哈希 2129bde9afdb5bde…
append: e73 事件哈希 e6d215bd406791be…
append: e74 事件哈希 3894023180b9f4bb…
append: e75 事件哈希 299123b887ae7231…
append: e76 事件哈希 7f09fd3a0dc6c481…
append: e77 事件哈希 c84a3ac322c0ce61…
append: e78 事件哈希 40da4a618d16288f…
append: e79 事件哈希 4121ca451043720e…
[PLS s3] kw召回=1.00 任务召回=1.00 links+2 首链@G10 doctor=OK
build: 生成 spec.md / 提示词速查.md / citations.md → D:\临时工作区\大审查-工作包-20260909\衔尾蛇\sandbox\lib-x7-PLS-s4（手改生成区=违例）
install: L2 + [] → D:\临时工作区\大审查-工作包-20260909\衔尾蛇\sandbox\lib-x7-PLS-s4
  交付内容体 29 个（含 {SLOT} 待填文件 11 个——按 install 指南填槽）
  待填槽文件（示例）: modules/m-core/install.md, modules/m-core/template/ROOT-README.md, modules/m-index/install.md, modules/m-index/template/knowledge/_index.md, modules/m-tools/install.md…
  Merkle 根（排除 state.json）: 0776d16836a23c875a47d034886d469cdf80d1a26c2a6dd16c5331f70d3b5097
  请将此根抄录至人侧（公理E）
append: e0 事件哈希 89d2831927d1ae63…
append: e1 事件哈希 3af96412fb37a076…
append: e2 事件哈希 92fa724fb8bd2fe3…
append: e3 事件哈希 3614cf50271ed3ff…
append: e4 事件哈希 77bc3397ac36f0a7…
append: e5 事件哈希 a840bd0a2342724c…
append: e6 事件哈希 ba53d8d42984c41b…
append: e7 事件哈希 c2e88ab8d88a09b5…
append: e8 事件哈希 3a55ab07adc65ea5…
append: e9 事件哈希 5e7a663ea20da340…
append: e10 事件哈希 8701fb590c0f3bf2…
append: e11 事件哈希 88c3e1e646a271c7…
append: e12 事件哈希 b01fd7a26be2001d…
append: e13 事件哈希 ac6fc261be75b4ef…
append: e14 事件哈希 624b56616bea96e9…
append: e15 事件哈希 0ae60e0968684b70…
append: e16 事件哈希 03dfc8087e178742…
append: e17 事件哈希 5132c43b76e8bec9…
append: e18 事件哈希 5bdcac16c418f8f5…
append: e19 事件哈希 01df355c7d05dfa3…
append: e20 事件哈希 cc25219511c918ef…
append: e21 事件哈希 668b4c37ea37fbc3…
append: e22 事件哈希 d1d0f17a841b0b9c…
append: e23 事件哈希 c6b5a8be1de431c4…
append: e24 事件哈希 2d7f968a0e1fd9db…
append: e25 事件哈希 a9fdf9262410dd73…
append: e26 事件哈希 92efdc728f55519f…
append: e27 事件哈希 b090e6de8254c46e…
append: e28 事件哈希 51156dee5399df15…
append: e29 事件哈希 e37ac08fbd6cc11d…
append: e30 事件哈希 abb448e49d2492dd…
append: e31 事件哈希 b2e446ff0f4c6db2…
append: e32 事件哈希 b3443593b3b145a3…
append: e33 事件哈希 551516cda96fc306…
append: e34 事件哈希 9aa43e54abe6383f…
append: e35 事件哈希 67f837d4ad6e6676…
append: e36 事件哈希 db11048beca6eda7…
append: e37 事件哈希 1bfde85b3d8df5a0…
append: e38 事件哈希 76f3cd071bacca1d…
append: e39 事件哈希 f13a530a7f0e7534…
append: e40 事件哈希 abbfda20798ce5b0…
append: e41 事件哈希 10e637e6610fc618…
append: e42 事件哈希 a46d55037d5b554c…
append: e43 事件哈希 b9f2711aa2ebbfbd…
append: e44 事件哈希 b995cdd7acba5dc7…
append: e45 事件哈希 61302478aff01868…
append: e46 事件哈希 0d1678357a0f6bb6…
append: e47 事件哈希 434b8dc1d912106c…
append: e48 事件哈希 6217b952ffe8c01a…
append: e49 事件哈希 ab714f2bc044a3f2…
append: e50 事件哈希 883037e777542d05…
append: e51 事件哈希 98894d501c74728f…
append: e52 事件哈希 9d86d2e6e64ead0c…
append: e53 事件哈希 c199f6ca2c4974d7…
append: e54 事件哈希 1b1f4bebaf46bae6…
append: e55 事件哈希 89567e5e25a6ec40…
append: e56 事件哈希 3a67ffb179beb5f2…
append: e57 事件哈希 fb2a52645614d924…
append: e58 事件哈希 60f2be9bdacf1fea…
append: e59 事件哈希 b34a40f1f4378c80…
append: e60 事件哈希 725116a6b82a489e…
append: e61 事件哈希 14129a430a6b5a01…
append: e62 事件哈希 80fd4a503baa2ce1…
append: e63 事件哈希 41de65919b9e49ff…
append: e64 事件哈希 bd56083f18cce3ba…
append: e65 事件哈希 b393eceed4409a3f…
append: e66 事件哈希 014f4107dd9c9f20…
append: e67 事件哈希 99da741ee164284c…
append: e68 事件哈希 3b63bd69664c3b9a…
append: e69 事件哈希 b3970c88d461ca0f…
append: e70 事件哈希 4d6f8a3c45714abc…
append: e71 事件哈希 47a9aa3afa79a248…
append: e72 事件哈希 ef15b5c05cabbe4a…
append: e73 事件哈希 56022a5a8e1d489b…
append: e74 事件哈希 599ee5d3d4a24a1c…
append: e75 事件哈希 b12c3570f8d646f0…
append: e76 事件哈希 5dcc6f3f3807af11…
append: e77 事件哈希 4b5df1d06d0dc3a4…
append: e78 事件哈希 fa70af68c14f0e0c…
append: e79 事件哈希 6a99d33380f83bdd…
[PLS s4] kw召回=0.95 任务召回=1.00 links+3 首链@G15 doctor=OK
build: 生成 spec.md / 提示词速查.md / citations.md → D:\临时工作区\大审查-工作包-20260909\衔尾蛇\sandbox\lib-x7-PLS-s5（手改生成区=违例）
install: L2 + [] → D:\临时工作区\大审查-工作包-20260909\衔尾蛇\sandbox\lib-x7-PLS-s5
  交付内容体 29 个（含 {SLOT} 待填文件 11 个——按 install 指南填槽）
  待填槽文件（示例）: modules/m-core/install.md, modules/m-core/template/ROOT-README.md, modules/m-index/install.md, modules/m-index/template/knowledge/_index.md, modules/m-tools/install.md…
  Merkle 根（排除 state.json）: 608c2e7d3e825bb855182c9811cdb0bc2a73214a5c4b701efb5edf15eaa245db
  请将此根抄录至人侧（公理E）
append: e0 事件哈希 89d2831927d1ae63…
append: e1 事件哈希 31533129e4881262…
append: e2 事件哈希 9bd4eaaa2343b73e…
append: e3 事件哈希 f085e42b6a273b33…
append: e4 事件哈希 10ab689942361797…
append: e5 事件哈希 3e9c1563bccbcdcc…
append: e6 事件哈希 6f278e1c37d8e319…
append: e7 事件哈希 fb7cdf877e895993…
append: e8 事件哈希 c60db8cdf712cdf8…
append: e9 事件哈希 ecf5da20a8ec18dd…
append: e10 事件哈希 469c154497e89f4c…
append: e11 事件哈希 618bd1e5f3b1b3ac…
append: e12 事件哈希 3302e0f333629652…
append: e13 事件哈希 d7d6b0125d4b3676…
append: e14 事件哈希 71805e3dd08d3341…
append: e15 事件哈希 587cc18d8d4c0431…
append: e16 事件哈希 e61db93802983395…
append: e17 事件哈希 47145f9218dce45d…
append: e18 事件哈希 9ea8a230e6ea68ea…
append: e19 事件哈希 9ae805b856c58c70…
append: e20 事件哈希 8ebcda83a9d25eb0…
append: e21 事件哈希 abc392febdc66a5f…
append: e22 事件哈希 992bad668d106faf…
append: e23 事件哈希 cadabee1f793131d…
append: e24 事件哈希 c9852babdaef09f8…
append: e25 事件哈希 dedc4f69d587c01b…
append: e26 事件哈希 ba1e62a038445166…
append: e27 事件哈希 d64d78676f498d3e…
append: e28 事件哈希 690c20238f64aca0…
append: e29 事件哈希 9b35d72d8903674c…
append: e30 事件哈希 8d45c492e75ae8e5…
append: e31 事件哈希 e2593f019d785e52…
append: e32 事件哈希 adbc585a8416b4cf…
append: e33 事件哈希 71520ab0a1942f06…
append: e34 事件哈希 fb21f744805124bb…
append: e35 事件哈希 5dc76ecfa3f9724c…
append: e36 事件哈希 6e4345ebcda20736…
append: e37 事件哈希 92e7db633eb30908…
append: e38 事件哈希 50e775d1b23394f5…
append: e39 事件哈希 44a3055233959338…
append: e40 事件哈希 1db206ead2f0f09a…
append: e41 事件哈希 92caebe002e27384…
append: e42 事件哈希 e06197491e336c6b…
append: e43 事件哈希 9eb66eca560d0643…
append: e44 事件哈希 f42e6204397222ed…
append: e45 事件哈希 25a622a8394c7f36…
append: e46 事件哈希 a2e2c9f5dbf2e32a…
append: e47 事件哈希 406f4eaea6b110a2…
append: e48 事件哈希 7e90512a5f47ee13…
append: e49 事件哈希 804099ceccf1fd76…
append: e50 事件哈希 65e684df687c9f43…
append: e51 事件哈希 6a5613384272e269…
append: e52 事件哈希 4d6c0d9d6db3d21a…
append: e53 事件哈希 8b51e35635acc212…
append: e54 事件哈希 a7c0f5de54ea38d8…
append: e55 事件哈希 966de9e22ef361ac…
append: e56 事件哈希 6485c65ef01086c7…
append: e57 事件哈希 fca23e438cc83a3e…
append: e58 事件哈希 121dde89122040f4…
append: e59 事件哈希 b97568effbb8d0c2…
append: e60 事件哈希 aff9a50a711fc0cf…
append: e61 事件哈希 c1526aa8762f5c83…
append: e62 事件哈希 72ee7e7e81a091f1…
append: e63 事件哈希 f6e6c2eeee179d5b…
append: e64 事件哈希 44e052d99fb57575…
append: e65 事件哈希 cd27a546cff175fa…
append: e66 事件哈希 ee9b7ddbabbd9c65…
append: e67 事件哈希 a057563be8d22298…
append: e68 事件哈希 72baf8d71b7e6f44…
append: e69 事件哈希 93c481154f9beb0f…
append: e70 事件哈希 793ba14495a4952c…
append: e71 事件哈希 f69dc3fcce13df84…
append: e72 事件哈希 92ebd37c4cf46aa0…
append: e73 事件哈希 6609dc6dc4cec3b0…
append: e74 事件哈希 4c9e0ac575d092a0…
append: e75 事件哈希 af1794b7f0f092c7…
append: e76 事件哈希 d528be6465424191…
append: e77 事件哈希 1b037bee550995ab…
append: e78 事件哈希 55398646d8dd4b26…
append: e79 事件哈希 abb16b0bdc2b0701…
[PLS s5] kw召回=0.95 任务召回=0.88 links+0 首链@GNone doctor=OK
build: 生成 spec.md / 提示词速查.md / citations.md → D:\临时工作区\大审查-工作包-20260909\衔尾蛇\sandbox\lib-x7-PLS-s6（手改生成区=违例）
install: L2 + [] → D:\临时工作区\大审查-工作包-20260909\衔尾蛇\sandbox\lib-x7-PLS-s6
  交付内容体 29 个（含 {SLOT} 待填文件 11 个——按 install 指南填槽）
  待填槽文件（示例）: modules/m-core/install.md, modules/m-core/template/ROOT-README.md, modules/m-index/install.md, modules/m-index/template/knowledge/_index.md, modules/m-tools/install.md…
  Merkle 根（排除 state.json）: c13b332f64c0feadc87d98285aa80e258e32c0d7967fb0afbe44a7d1a87854cf
  请将此根抄录至人侧（公理E）
append: e0 事件哈希 89d2831927d1ae63…
append: e1 事件哈希 31533129e4881262…
append: e2 事件哈希 c67d1737cb0dad4c…
append: e3 事件哈希 1e135be58c1e9c18…
append: e4 事件哈希 6d2c96e4e7bf0296…
append: e5 事件哈希 14dade9ca05672a8…
append: e6 事件哈希 f9a5cfa27d420827…
append: e7 事件哈希 f2d3edddeec40b0a…
append: e8 事件哈希 a6b887a5043e596b…
append: e9 事件哈希 7833cfc068108b1e…
append: e10 事件哈希 fa338ae7a3be0d9b…
append: e11 事件哈希 a0f39e6073b3a7fb…
append: e12 事件哈希 e3cda3c8b09054dc…
append: e13 事件哈希 d7587848980c1d5e…
append: e14 事件哈希 2782f6cd8780d7c1…
append: e15 事件哈希 ffbf0051ea04048f…
append: e16 事件哈希 e720fe1dec4731ba…
append: e17 事件哈希 0dc2c0425595a633…
append: e18 事件哈希 1ecbd66ad6fa2c05…
append: e19 事件哈希 8ec0f03b8a6f0472…
append: e20 事件哈希 36e9117d0db7c785…
append: e21 事件哈希 d816ed121c7b0db9…
append: e22 事件哈希 5ce3b276e453adc1…
append: e23 事件哈希 6243fcdb72ad24a9…
append: e24 事件哈希 51a16c3b2bf8c57f…
append: e25 事件哈希 25dc993de1f96b21…
append: e26 事件哈希 d682a525ed7c20b1…
append: e27 事件哈希 750b4d06fdf13105…
append: e28 事件哈希 de3feaf8eebd90b3…
append: e29 事件哈希 eb0a0062e3dc8eb5…
append: e30 事件哈希 21f37c83d14e3f1e…
append: e31 事件哈希 ffda8ff4debafe98…
append: e32 事件哈希 a328c54ace3594b1…
append: e33 事件哈希 fe5f4c249e12f407…
append: e34 事件哈希 dbbdbee78949f965…
append: e35 事件哈希 80843fa1151aa587…
append: e36 事件哈希 afda016e37e5a716…
append: e37 事件哈希 3fd8fb1039acc095…
append: e38 事件哈希 6d2eaba5a74efe85…
append: e39 事件哈希 57ad973ba734853b…
append: e40 事件哈希 dfc9eaf72f1a1f80…
append: e41 事件哈希 157021337ae0e887…
append: e42 事件哈希 ed920ff04b447291…
append: e43 事件哈希 52b79fb942437fea…
append: e44 事件哈希 2220b592903affea…
append: e45 事件哈希 a4b6306a47f477aa…
append: e46 事件哈希 e04c0212673d513c…
append: e47 事件哈希 208cf154d00035a8…
append: e48 事件哈希 40c6d2a41e4582eb…
append: e49 事件哈希 e1586e07c57d3cfd…
append: e50 事件哈希 be00cf48f6779100…
append: e51 事件哈希 dfda3c1df1c4f218…
append: e52 事件哈希 3bf24704dcc11f71…
append: e53 事件哈希 ac63f12330aecccf…
append: e54 事件哈希 32997fdee28e4704…
append: e55 事件哈希 fecc59eee8a33b4f…
append: e56 事件哈希 487158b01260a1ee…
append: e57 事件哈希 dee984da63d6df6a…
append: e58 事件哈希 d1b4771b995200c7…
append: e59 事件哈希 e3ab250cb7e3a920…
append: e60 事件哈希 fd71c41b0ba4a31b…
append: e61 事件哈希 631141cb751bb3be…
append: e62 事件哈希 80b328188562ddab…
append: e63 事件哈希 855c24c9913efa0f…
append: e64 事件哈希 89a7ebb4cce7fee0…
append: e65 事件哈希 f0c1360781d7aeec…
append: e66 事件哈希 e31faf0df02eb6a6…
append: e67 事件哈希 1dda7b424825fd5f…
append: e68 事件哈希 e76b70c6da64efaf…
append: e69 事件哈希 ab899bb16d7a02ac…
append: e70 事件哈希 4bd229e8a29997e0…
append: e71 事件哈希 bbb85bbb389f5856…
append: e72 事件哈希 a5d7332c52d86f5e…
append: e73 事件哈希 2bf8e12eb7c81f89…
append: e74 事件哈希 1f2a7a035fb3bd53…
append: e75 事件哈希 86a99f20c7c91822…
append: e76 事件哈希 29561f56fea0fbf6…
append: e77 事件哈希 7d113835e29d9a97…
append: e78 事件哈希 42689e6f95616587…
append: e79 事件哈希 3e3386a8cb8a987b…
[PLS s6] kw召回=1.00 任务召回=1.00 links+2 首链@G20 doctor=OK
build: 生成 spec.md / 提示词速查.md / citations.md → D:\临时工作区\大审查-工作包-20260909\衔尾蛇\sandbox\lib-x7-PLS-s7（手改生成区=违例）
install: L2 + [] → D:\临时工作区\大审查-工作包-20260909\衔尾蛇\sandbox\lib-x7-PLS-s7
  交付内容体 29 个（含 {SLOT} 待填文件 11 个——按 install 指南填槽）
  待填槽文件（示例）: modules/m-core/install.md, modules/m-core/template/ROOT-README.md, modules/m-index/install.md, modules/m-index/template/knowledge/_index.md, modules/m-tools/install.md…
  Merkle 根（排除 state.json）: 46ddc07ab124bd399d00bcb3bb51c5bb1bb3dfff29b1c98339ecf22d5609ac47
  请将此根抄录至人侧（公理E）
append: e0 事件哈希 89d2831927d1ae63…
append: e1 事件哈希 31533129e4881262…
append: e2 事件哈希 9bd4eaaa2343b73e…
append: e3 事件哈希 badd00fc3ec8ec09…
append: e4 事件哈希 5704d0136f18c999…
append: e5 事件哈希 ffaa03d2349b1ba4…
append: e6 事件哈希 aeb0220e9a7defea…
append: e7 事件哈希 fafaf08388d2672d…
append: e8 事件哈希 5dbeda3482721dc3…
append: e9 事件哈希 c92aa0ac58ec1162…
append: e10 事件哈希 0021d8002e507b29…
append: e11 事件哈希 9328284f6aa0fa82…
append: e12 事件哈希 e180f8a4de635171…
append: e13 事件哈希 307073ca1fa363bb…
append: e14 事件哈希 7a2afa28788de178…
append: e15 事件哈希 f1d4622b4605046c…
append: e16 事件哈希 ddae788bab539c46…
append: e17 事件哈希 eba9164be903e919…
append: e18 事件哈希 e8faa7d10e7b758b…
append: e19 事件哈希 6678f208f9e9c2ec…
append: e20 事件哈希 50e50674f42e9ebb…
append: e21 事件哈希 379d6f7b14ccafa3…
append: e22 事件哈希 312315eb3295a674…
append: e23 事件哈希 0d6d9059af30e1b4…
append: e24 事件哈希 ce31fc8246dc1f99…
append: e25 事件哈希 9159d880ac095371…
append: e26 事件哈希 faf718e9a3800756…
append: e27 事件哈希 0499bcf641d37e7d…
append: e28 事件哈希 d556555be6fcfed2…
append: e29 事件哈希 f69fe97e95cac275…
append: e30 事件哈希 b15fa741bb98f6be…
append: e31 事件哈希 05f09543a04594d3…
append: e32 事件哈希 6e5d9ec4e12f674b…
append: e33 事件哈希 c3b194d535c513f7…
append: e34 事件哈希 d0cbb8d220f15ab4…
append: e35 事件哈希 5e3e54a74e2b0ff7…
append: e36 事件哈希 63ac9daab6b03cc6…
append: e37 事件哈希 49b27dae5f2772d2…
append: e38 事件哈希 80290c6ac1b7c93f…
append: e39 事件哈希 38835b6006b359b0…
append: e40 事件哈希 56df016154d40a65…
append: e41 事件哈希 5b0aec5b620e3f24…
append: e42 事件哈希 b6b8bc0059e6da09…
append: e43 事件哈希 965dcf2620a1cc8e…
append: e44 事件哈希 303e01763c518fdd…
append: e45 事件哈希 93155f697f1812d3…
append: e46 事件哈希 89ebc0bf3430930d…
append: e47 事件哈希 abcac7e356357bf0…
append: e48 事件哈希 969e85faed97a35a…
append: e49 事件哈希 2d45ff3dff89a82e…
append: e50 事件哈希 2374824dd5093407…
append: e51 事件哈希 ab380188c2b2c995…
append: e52 事件哈希 6ad4232b8466abf6…
append: e53 事件哈希 e0a851cab3ea4804…
append: e54 事件哈希 8f480a374dc74988…
append: e55 事件哈希 08369079a0db17c7…
append: e56 事件哈希 8dd14b7ac67765a3…
append: e57 事件哈希 1a84a496d72470a0…
append: e58 事件哈希 e7107a790c84bca5…
append: e59 事件哈希 d0ccd0eb2a69c0bb…
append: e60 事件哈希 8fdce51c44b41f6a…
append: e61 事件哈希 bd52779a07138abf…
append: e62 事件哈希 d4f27ca3c82171f5…
append: e63 事件哈希 0b8a55331cddb8b3…
append: e64 事件哈希 6a34691e0046a827…
append: e65 事件哈希 d223a593ffbbd4e7…
append: e66 事件哈希 6734c56acc2bfab9…
append: e67 事件哈希 9d1dd6fb0abb2028…
append: e68 事件哈希 30af959f5608607d…
append: e69 事件哈希 62763fb19b36dd68…
append: e70 事件哈希 4a2334a3dfeb057e…
append: e71 事件哈希 4e800715e5ec2591…
append: e72 事件哈希 5324ac79a4d2d077…
append: e73 事件哈希 38797edb559c1b4a…
append: e74 事件哈希 d22602544a966e71…
append: e75 事件哈希 7a7618ec03be9c86…
append: e76 事件哈希 ebd8c0b1ec8f3ccf…
append: e77 事件哈希 a30e93d8393a3a95…
append: e78 事件哈希 c8ce022d0ac08030…
append: e79 事件哈希 151d68dc5dd6c542…
[PLS s7] kw召回=1.00 任务召回=1.00 links+1 首链@G25 doctor=OK
build: 生成 spec.md / 提示词速查.md / citations.md → D:\临时工作区\大审查-工作包-20260909\衔尾蛇\sandbox\lib-x7-PLS-s8（手改生成区=违例）
install: L2 + [] → D:\临时工作区\大审查-工作包-20260909\衔尾蛇\sandbox\lib-x7-PLS-s8
  交付内容体 29 个（含 {SLOT} 待填文件 11 个——按 install 指南填槽）
  待填槽文件（示例）: modules/m-core/install.md, modules/m-core/template/ROOT-README.md, modules/m-index/install.md, modules/m-index/template/knowledge/_index.md, modules/m-tools/install.md…
  Merkle 根（排除 state.json）: 10bf2311be1b31e76246323c79d11a1a28af6beff632671cea312278322d980d
  请将此根抄录至人侧（公理E）
append: e0 事件哈希 89d2831927d1ae63…
append: e1 事件哈希 31533129e4881262…
append: e2 事件哈希 c67d1737cb0dad4c…
append: e3 事件哈希 49e2d628342b227c…
append: e4 事件哈希 3e4e5f1bcd9aefdd…
append: e5 事件哈希 17334de1c3d66b6d…
append: e6 事件哈希 35ba63e565731fb7…
append: e7 事件哈希 b76654c54a68cff4…
append: e8 事件哈希 5b641178695d1e78…
append: e9 事件哈希 9d4aa085cce40d95…
append: e10 事件哈希 b897ea9ff2a8aa42…
append: e11 事件哈希 f853482131ecafde…
append: e12 事件哈希 a4424c4160c85a83…
append: e13 事件哈希 72f1bcdd7b166066…
append: e14 事件哈希 5bfa4817c9e8b5db…
append: e15 事件哈希 2db4663ed001937c…
append: e16 事件哈希 ead7113f7741bc9f…
append: e17 事件哈希 f45f4a061a2ec5b5…
append: e18 事件哈希 a90bbc30512a9dbb…
append: e19 事件哈希 238c46895e213c03…
append: e20 事件哈希 6c0df11d19ae40be…
append: e21 事件哈希 79726e5461bea588…
append: e22 事件哈希 5e24efef5f19332f…
append: e23 事件哈希 23b3fabb5bd197b2…
append: e24 事件哈希 e19baab13903f922…
append: e25 事件哈希 6b17ba6ae88bfcd6…
append: e26 事件哈希 2e4188ee68fe4b8b…
append: e27 事件哈希 727ee938d1781ae1…
append: e28 事件哈希 d87ad3d6432019ae…
append: e29 事件哈希 db96fe23b2415e38…
append: e30 事件哈希 2f371e90088267b6…
append: e31 事件哈希 2ffcd65145c3d6ca…
append: e32 事件哈希 d5b494946abd3a2c…
append: e33 事件哈希 d616b9ef8d6e4343…
append: e34 事件哈希 3d19bb621fcac1fa…
append: e35 事件哈希 21989ddfe28202d4…
append: e36 事件哈希 899d5cc9966c2291…
append: e37 事件哈希 ae9199c7ee94c0c7…
append: e38 事件哈希 599383c40d9be1e0…
append: e39 事件哈希 895328b1a310afd0…
append: e40 事件哈希 13654f23e680fa8b…
append: e41 事件哈希 e9b36e5d9a50fd16…
append: e42 事件哈希 36e78149ded031ca…
append: e43 事件哈希 79d711b710cffe98…
append: e44 事件哈希 e4b8a9de51cfe668…
append: e45 事件哈希 f0f48944f472a08e…
append: e46 事件哈希 8a8ba54ca278064a…
append: e47 事件哈希 888db1d4699ae55f…
append: e48 事件哈希 ef3d9d1c62cd4a63…
append: e49 事件哈希 e86704d0c4fd99a0…
append: e50 事件哈希 79f0f4a5670f0422…
append: e51 事件哈希 2b58ab6550900f02…
append: e52 事件哈希 cf362594a0f10b86…
append: e53 事件哈希 06234f4802734505…
append: e54 事件哈希 c40bdc5730ff17ee…
append: e55 事件哈希 abdc773f21ed8000…
append: e56 事件哈希 85f9bc98568fe830…
append: e57 事件哈希 f88e7fa528b986d9…
append: e58 事件哈希 9493d31dccdc8a2f…
append: e59 事件哈希 ac4d4e73fdba3d26…
append: e60 事件哈希 f3f2fce8f605cb9b…
append: e61 事件哈希 02f719b4892fe561…
append: e62 事件哈希 ef644c7406be816c…
append: e63 事件哈希 35c772dda784bffc…
append: e64 事件哈希 cf3cacc09fc8e31a…
append: e65 事件哈希 a8ea1fb3741f23cd…
append: e66 事件哈希 7556f52ded99ede9…
append: e67 事件哈希 40ed479a3c2d9784…
append: e68 事件哈希 2d2dc3e3703d47c4…
append: e69 事件哈希 0994ced3c14e233a…
append: e70 事件哈希 1a079c72fef152f2…
append: e71 事件哈希 a20678e19bc1766d…
append: e72 事件哈希 f3dc3a6e60280eef…
append: e73 事件哈希 1c1702b8c84b6729…
append: e74 事件哈希 68e36c86cd15c96b…
append: e75 事件哈希 f8341a33526100e3…
append: e76 事件哈希 4fe1d778a1fca0a1…
append: e77 事件哈希 e827402f1e9dcc9e…
append: e78 事件哈希 d6f763a27f60361c…
append: e79 事件哈希 a55cc6d7a3b83047…
[PLS s8] kw召回=0.95 任务召回=0.75 links+1 首链@G20 doctor=OK
P: kw召回均值=0.99 任务召回均值=1.00 links+0 受伤种子=无 首链均值@GNone doctor 8/8
PL: kw召回均值=0.97 任务召回均值=0.95 links+33 受伤种子=[5, 8] 首链均值@G5.0 doctor 8/8
PLS: kw召回均值=0.97 任务召回均值=0.95 links+12 受伤种子=[5, 8] 首链均值@G18.57 doctor 8/8
判定：NOT SUPPORTED（门未消除伤害）；收益面保真 ✓；机制保真 ✓（提议被延迟）
X7 完成 119.3s → data/x7_summary.json
