Error executing Neo4j query: {neo4j_code: Neo.ClientError.Schema.EquivalentSchemaRuleAlreadyExists} {message: An equivalent index already exists, 'Index( id=13, name='has_episode_uuid', type='RANGE', schema=()-[:HAS_EPISODE {uuid}]-(), indexProvider='range-1.0' )'.} {gql_status: 50N42} {gql_status_description: error: general processing exception - unexpected error. Unexpected error has occurred. See debug log for details.}
CREATE INDEX has_episode_uuid IF NOT EXISTS FOR ()-[e:HAS_EPISODE]-() ON (e.uuid)
parameter keys: []
Error executing Neo4j query: {neo4j_code: Neo.ClientError.Schema.EquivalentSchemaRuleAlreadyExists} {message: An equivalent index already exists, 'Index( id=15, name='community_uuid', type='RANGE', schema=(:Community {uuid}), indexProvider='range-1.0' )'.} {gql_status: 50N42} {gql_status_description: error: general processing exception - unexpected error. Unexpected error has occurred. See debug log for details.}
CREATE INDEX community_uuid IF NOT EXISTS FOR (n:Community) ON (n.uuid)
parameter keys: []
Error executing Neo4j query: {neo4j_code: Neo.ClientError.Schema.EquivalentSchemaRuleAlreadyExists} {message: An equivalent index already exists, 'Index( id=8, name='relation_uuid', type='RANGE', schema=()-[:RELATES_TO {uuid}]-(), indexProvider='range-1.0' )'.} {gql_status: 50N42} {gql_status_description: error: general processing exception - unexpected error. Unexpected error has occurred. See debug log for details.}
CREATE INDEX relation_uuid IF NOT EXISTS FOR ()-[e:RELATES_TO]-() ON (e.uuid)
parameter keys: []
Error executing Neo4j query: {neo4j_code: Neo.ClientError.Schema.EquivalentSchemaRuleAlreadyExists} {message: An equivalent index already exists, 'Index( id=17, name='name_entity_index', type='RANGE', schema=(:Entity {name}), indexProvider='range-1.0' )'.} {gql_status: 50N42} {gql_status_description: error: general processing exception - unexpected error. Unexpected error has occurred. See debug log for details.}
CREATE INDEX name_entity_index IF NOT EXISTS FOR (n:Entity) ON (n.name)
parameter keys: []
Error executing Neo4j query: {neo4j_code: Neo.ClientError.Schema.EquivalentSchemaRuleAlreadyExists} {message: An equivalent index already exists, 'Index( id=6, name='has_member_uuid', type='RANGE', schema=()-[:HAS_MEMBER {uuid}]-(), indexProvider='range-1.0' )'.} {gql_status: 50N42} {gql_status_description: error: general processing exception - unexpected error. Unexpected error has occurred. See debug log for details.}
CREATE INDEX has_member_uuid IF NOT EXISTS FOR ()-[e:HAS_MEMBER]-() ON (e.uuid)
parameter keys: []
Error executing Neo4j query: {neo4j_code: Neo.ClientError.Schema.EquivalentSchemaRuleAlreadyExists} {message: An equivalent index already exists, 'Index( id=5, name='has_episode_group_id', type='RANGE', schema=()-[:HAS_EPISODE {group_id}]-(), indexProvider='range-1.0' )'.} {gql_status: 50N42} {gql_status_description: error: general processing exception - unexpected error. Unexpected error has occurred. See debug log for details.}
CREATE INDEX has_episode_group_id IF NOT EXISTS FOR ()-[e:HAS_EPISODE]-() ON (e.group_id)
parameter keys: []
Error executing Neo4j query: {neo4j_code: Neo.ClientError.Schema.EquivalentSchemaRuleAlreadyExists} {message: An equivalent index already exists, 'Index( id=10, name='community_group_id', type='RANGE', schema=(:Community {group_id}), indexProvider='range-1.0' )'.} {gql_status: 50N42} {gql_status_description: error: general processing exception - unexpected error. Unexpected error has occurred. See debug log for details.}
CREATE INDEX community_group_id IF NOT EXISTS FOR (n:Community) ON (n.group_id)
parameter keys: []
Error executing Neo4j query: {neo4j_code: Neo.ClientError.Schema.EquivalentSchemaRuleAlreadyExists} {message: An equivalent index already exists, 'Index( id=4, name='mention_uuid', type='RANGE', schema=()-[:MENTIONS {uuid}]-(), indexProvider='range-1.0' )'.} {gql_status: 50N42} {gql_status_description: error: general processing exception - unexpected error. Unexpected error has occurred. See debug log for details.}
CREATE INDEX mention_uuid IF NOT EXISTS FOR ()-[e:MENTIONS]-() ON (e.uuid)
parameter keys: []
Error executing Neo4j query: {neo4j_code: Neo.ClientError.Schema.EquivalentSchemaRuleAlreadyExists} {message: An equivalent index already exists, 'Index( id=3, name='next_episode_group_id', type='RANGE', schema=()-[:NEXT_EPISODE {group_id}]-(), indexProvider='range-1.0' )'.} {gql_status: 50N42} {gql_status_description: error: general processing exception - unexpected error. Unexpected error has occurred. See debug log for details.}
CREATE INDEX next_episode_group_id IF NOT EXISTS FOR ()-[e:NEXT_EPISODE]-() ON (e.group_id)
parameter keys: []
Error executing Neo4j query: {neo4j_code: Neo.ClientError.Schema.EquivalentSchemaRuleAlreadyExists} {message: An equivalent index already exists, 'Index( id=12, name='next_episode_uuid', type='RANGE', schema=()-[:NEXT_EPISODE {uuid}]-(), indexProvider='range-1.0' )'.} {gql_status: 50N42} {gql_status_description: error: general processing exception - unexpected error. Unexpected error has occurred. See debug log for details.}
CREATE INDEX next_episode_uuid IF NOT EXISTS FOR ()-[e:NEXT_EPISODE]-() ON (e.uuid)
parameter keys: []
Error executing Neo4j query: {neo4j_code: Neo.ClientError.Schema.EquivalentSchemaRuleAlreadyExists} {message: An equivalent index already exists, 'Index( id=9, name='episode_uuid', type='RANGE', schema=(:Episodic {uuid}), indexProvider='range-1.0' )'.} {gql_status: 50N42} {gql_status_description: error: general processing exception - unexpected error. Unexpected error has occurred. See debug log for details.}
CREATE INDEX episode_uuid IF NOT EXISTS FOR (n:Episodic) ON (n.uuid)
parameter keys: []
Error executing Neo4j query: {neo4j_code: Neo.ClientError.Schema.EquivalentSchemaRuleAlreadyExists} {message: An equivalent index already exists, 'Index( id=11, name='saga_name', type='RANGE', schema=(:Saga {name}), indexProvider='range-1.0' )'.} {gql_status: 50N42} {gql_status_description: error: general processing exception - unexpected error. Unexpected error has occurred. See debug log for details.}
CREATE INDEX saga_name IF NOT EXISTS FOR (n:Saga) ON (n.name)
parameter keys: []
Error executing Neo4j query: {neo4j_code: Neo.ClientError.Schema.EquivalentSchemaRuleAlreadyExists} {message: An equivalent index already exists, 'Index( id=19, name='saga_uuid', type='RANGE', schema=(:Saga {uuid}), indexProvider='range-1.0' )'.} {gql_status: 50N42} {gql_status_description: error: general processing exception - unexpected error. Unexpected error has occurred. See debug log for details.}
CREATE INDEX saga_uuid IF NOT EXISTS FOR (n:Saga) ON (n.uuid)
parameter keys: []
Error executing Neo4j query: {neo4j_code: Neo.ClientError.Schema.EquivalentSchemaRuleAlreadyExists} {message: An equivalent index already exists, 'Index( id=16, name='saga_group_id', type='RANGE', schema=(:Saga {group_id}), indexProvider='range-1.0' )'.} {gql_status: 50N42} {gql_status_description: error: general processing exception - unexpected error. Unexpected error has occurred. See debug log for details.}
CREATE INDEX saga_group_id IF NOT EXISTS FOR (n:Saga) ON (n.group_id)
parameter keys: []
Error executing Neo4j query: {neo4j_code: Neo.ClientError.Schema.EquivalentSchemaRuleAlreadyExists} {message: An equivalent index already exists, 'Index( id=22, name='mention_group_id', type='RANGE', schema=()-[:MENTIONS {group_id}]-(), indexProvider='range-1.0' )'.} {gql_status: 50N42} {gql_status_description: error: general processing exception - unexpected error. Unexpected error has occurred. See debug log for details.}
CREATE INDEX mention_group_id IF NOT EXISTS FOR ()-[e:MENTIONS]-() ON (e.group_id)
parameter keys: []
Error executing Neo4j query: {neo4j_code: Neo.ClientError.Schema.EquivalentSchemaRuleAlreadyExists} {message: An equivalent index already exists, 'Index( id=23, name='entity_uuid', type='RANGE', schema=(:Entity {uuid}), indexProvider='range-1.0' )'.} {gql_status: 50N42} {gql_status_description: error: general processing exception - unexpected error. Unexpected error has occurred. See debug log for details.}
CREATE INDEX entity_uuid IF NOT EXISTS FOR (n:Entity) ON (n.uuid)
parameter keys: []
Error executing Neo4j query: {neo4j_code: Neo.ClientError.Schema.EquivalentSchemaRuleAlreadyExists} {message: An equivalent index already exists, 'Index( id=7, name='entity_group_id', type='RANGE', schema=(:Entity {group_id}), indexProvider='range-1.0' )'.} {gql_status: 50N42} {gql_status_description: error: general processing exception - unexpected error. Unexpected error has occurred. See debug log for details.}
CREATE INDEX entity_group_id IF NOT EXISTS FOR (n:Entity) ON (n.group_id)
parameter keys: []
Error executing Neo4j query: {neo4j_code: Neo.ClientError.Schema.EquivalentSchemaRuleAlreadyExists} {message: An equivalent index already exists, 'Index( id=18, name='created_at_entity_index', type='RANGE', schema=(:Entity {created_at}), indexProvider='range-1.0' )'.} {gql_status: 50N42} {gql_status_description: error: general processing exception - unexpected error. Unexpected error has occurred. See debug log for details.}
CREATE INDEX created_at_entity_index IF NOT EXISTS FOR (n:Entity) ON (n.created_at)
parameter keys: []
Error executing Neo4j query: {neo4j_code: Neo.ClientError.Schema.EquivalentSchemaRuleAlreadyExists} {message: An equivalent index already exists, 'Index( id=14, name='episode_group_id', type='RANGE', schema=(:Episodic {group_id}), indexProvider='range-1.0' )'.} {gql_status: 50N42} {gql_status_description: error: general processing exception - unexpected error. Unexpected error has occurred. See debug log for details.}
CREATE INDEX episode_group_id IF NOT EXISTS FOR (n:Episodic) ON (n.group_id)
parameter keys: []
Error executing Neo4j query: {neo4j_code: Neo.ClientError.Schema.EquivalentSchemaRuleAlreadyExists} {message: An equivalent index already exists, 'Index( id=25, name='valid_at_episodic_index', type='RANGE', schema=(:Episodic {valid_at}), indexProvider='range-1.0' )'.} {gql_status: 50N42} {gql_status_description: error: general processing exception - unexpected error. Unexpected error has occurred. See debug log for details.}
CREATE INDEX valid_at_episodic_index IF NOT EXISTS FOR (n:Episodic) ON (n.valid_at)
parameter keys: []
Error executing Neo4j query: {neo4j_code: Neo.ClientError.Schema.EquivalentSchemaRuleAlreadyExists} {message: An equivalent index already exists, 'Index( id=21, name='created_at_episodic_index', type='RANGE', schema=(:Episodic {created_at}), indexProvider='range-1.0' )'.} {gql_status: 50N42} {gql_status_description: error: general processing exception - unexpected error. Unexpected error has occurred. See debug log for details.}
CREATE INDEX created_at_episodic_index IF NOT EXISTS FOR (n:Episodic) ON (n.created_at)
parameter keys: []
Error executing Neo4j query: {neo4j_code: Neo.ClientError.Schema.EquivalentSchemaRuleAlreadyExists} {message: An equivalent index already exists, 'Index( id=26, name='expired_at_edge_index', type='RANGE', schema=()-[:RELATES_TO {expired_at}]-(), indexProvider='range-1.0' )'.} {gql_status: 50N42} {gql_status_description: error: general processing exception - unexpected error. Unexpected error has occurred. See debug log for details.}
CREATE INDEX expired_at_edge_index IF NOT EXISTS FOR ()-[e:RELATES_TO]-() ON (e.expired_at)
parameter keys: []
Error executing Neo4j query: {neo4j_code: Neo.ClientError.Schema.EquivalentSchemaRuleAlreadyExists} {message: An equivalent index already exists, 'Index( id=24, name='invalid_at_edge_index', type='RANGE', schema=()-[:RELATES_TO {invalid_at}]-(), indexProvider='range-1.0' )'.} {gql_status: 50N42} {gql_status_description: error: general processing exception - unexpected error. Unexpected error has occurred. See debug log for details.}
CREATE INDEX invalid_at_edge_index IF NOT EXISTS FOR ()-[e:RELATES_TO]-() ON (e.invalid_at)
parameter keys: []
Error executing Neo4j query: {neo4j_code: Neo.ClientError.Schema.EquivalentSchemaRuleAlreadyExists} {message: An equivalent index already exists, 'Index( id=20, name='created_at_edge_index', type='RANGE', schema=()-[:RELATES_TO {created_at}]-(), indexProvider='range-1.0' )'.} {gql_status: 50N42} {gql_status_description: error: general processing exception - unexpected error. Unexpected error has occurred. See debug log for details.}
CREATE INDEX created_at_edge_index IF NOT EXISTS FOR ()-[e:RELATES_TO]-() ON (e.created_at)
parameter keys: []
Error executing Neo4j query: {neo4j_code: Neo.ClientError.Schema.EquivalentSchemaRuleAlreadyExists} {message: An equivalent index already exists, 'Index( id=32, name='valid_at_edge_index', type='RANGE', schema=()-[:RELATES_TO {valid_at}]-(), indexProvider='range-1.0' )'.} {gql_status: 50N42} {gql_status_description: error: general processing exception - unexpected error. Unexpected error has occurred. See debug log for details.}
CREATE INDEX valid_at_edge_index IF NOT EXISTS FOR ()-[e:RELATES_TO]-() ON (e.valid_at)
parameter keys: []
Error executing Neo4j query: {neo4j_code: Neo.ClientError.Schema.EquivalentSchemaRuleAlreadyExists} {message: An equivalent index already exists, 'Index( id=29, name='episode_content', type='FULLTEXT', schema=(:Episodic {content, source, source_description, group_id}), indexProvider='fulltext-1.0' )'.} {gql_status: 50N42} {gql_status_description: error: general processing exception - unexpected error. Unexpected error has occurred. See debug log for details.}
CREATE FULLTEXT INDEX episode_content IF NOT EXISTS
        FOR (e:Episodic) ON EACH [e.content, e.source, e.source_description, e.group_id]
parameter keys: []
Error executing Neo4j query: {neo4j_code: Neo.ClientError.Schema.EquivalentSchemaRuleAlreadyExists} {message: An equivalent index already exists, 'Index( id=28, name='node_name_and_summary', type='FULLTEXT', schema=(:Entity {name, summary, group_id}), indexProvider='fulltext-1.0' )'.} {gql_status: 50N42} {gql_status_description: error: general processing exception - unexpected error. Unexpected error has occurred. See debug log for details.}
CREATE FULLTEXT INDEX node_name_and_summary IF NOT EXISTS
        FOR (n:Entity) ON EACH [n.name, n.summary, n.group_id]
parameter keys: []
Error executing Neo4j query: {neo4j_code: Neo.ClientError.Schema.EquivalentSchemaRuleAlreadyExists} {message: An equivalent index already exists, 'Index( id=31, name='relation_group_id', type='RANGE', schema=()-[:RELATES_TO {group_id}]-(), indexProvider='range-1.0' )'.} {gql_status: 50N42} {gql_status_description: error: general processing exception - unexpected error. Unexpected error has occurred. See debug log for details.}
CREATE INDEX relation_group_id IF NOT EXISTS FOR ()-[e:RELATES_TO]-() ON (e.group_id)
parameter keys: []
Error executing Neo4j query: {neo4j_code: Neo.ClientError.Schema.EquivalentSchemaRuleAlreadyExists} {message: An equivalent index already exists, 'Index( id=27, name='community_name', type='FULLTEXT', schema=(:Community {name, group_id}), indexProvider='fulltext-1.0' )'.} {gql_status: 50N42} {gql_status_description: error: general processing exception - unexpected error. Unexpected error has occurred. See debug log for details.}
CREATE FULLTEXT INDEX community_name IF NOT EXISTS
        FOR (n:Community) ON EACH [n.name, n.group_id]
parameter keys: []
[init] indices/constraints built
Error executing Neo4j query: {neo4j_code: Neo.ClientError.Schema.EquivalentSchemaRuleAlreadyExists} {message: An equivalent index already exists, 'Index( id=30, name='name_edge_index', type='RANGE', schema=()-[:RELATES_TO {name}]-(), indexProvider='range-1.0' )'.} {gql_status: 50N42} {gql_status_description: error: general processing exception - unexpected error. Unexpected error has occurred. See debug log for details.}
CREATE INDEX name_edge_index IF NOT EXISTS FOR ()-[e:RELATES_TO]-() ON (e.name)
parameter keys: []
Error executing Neo4j query: {neo4j_code: Neo.ClientError.Schema.EquivalentSchemaRuleAlreadyExists} {message: An equivalent index already exists, 'Index( id=33, name='edge_name_and_fact', type='FULLTEXT', schema=()-[:RELATES_TO {name, fact, group_id}]-(), indexProvider='fulltext-1.0' )'.} {gql_status: 50N42} {gql_status_description: error: general processing exception - unexpected error. Unexpected error has occurred. See debug log for details.}
CREATE FULLTEXT INDEX edge_name_and_fact IF NOT EXISTS
        FOR ()-[e:RELATES_TO]-() ON EACH [e.name, e.fact, e.group_id]
parameter keys: []
Traceback (most recent call last):
  File "D:\zcode专用！！！！危险！！！！！！！！！\正典库构建系统\P1执行区\step0-抽取精度实验\脚本\run_tier2_pipeline.py", line 109, in <module>
    asyncio.run(main())
  File "C:\Users\26672\AppData\Roaming\uv\python\cpython-3.12.14-windows-x86_64-none\Lib\asyncio\runners.py", line 195, in run
    return runner.run(main)
           ^^^^^^^^^^^^^^^^
  File "C:\Users\26672\AppData\Roaming\uv\python\cpython-3.12.14-windows-x86_64-none\Lib\asyncio\runners.py", line 118, in run
    return self._loop.run_until_complete(task)
           ^^^^^^^^^^^^^^^^^^^^^^^^^^^^^^^^^^^
  File "C:\Users\26672\AppData\Roaming\uv\python\cpython-3.12.14-windows-x86_64-none\Lib\asyncio\base_events.py", line 691, in run_until_complete
    return future.result()
           ^^^^^^^^^^^^^^^
  File "D:\zcode专用！！！！危险！！！！！！！！！\正典库构建系统\P1执行区\step0-抽取精度实验\脚本\run_tier2_pipeline.py", line 65, in main
    async with driver.session(database="neo4j") as s:
               ^^^^^^
UnboundLocalError: cannot access local variable 'driver' where it is not associated with a value
