distinct: 348  总量: 1790
== 取值频次（全量） ==
  780  人物
  119  技能魔法
   42  人物(迷宫生物)
   42  人物(知性魔法)
   37  道具(剑)
   33  概念
   30  人物(四十守护者)
   27  物品
   25  地点
   23  技能
   19  人物(千年前·始祖)
   18  人物(迷宫六十层守护者)
   17  技能(次元魔法)
   13  人物(魔石人类)
   13  人物(传说·正义的使徒)
   11  人物(使徒)
   10  地点(迷宫)
   10  组织
    9  魔法(风系)
    9  道具(魔石)
    9  概念(称号)
    8  魔法(次元系)
    7  地点(国/势力)
    7  地点(迷宫层)
    6  人物(传说)
    6  道具(魔剑)
    6  技能(风魔法)
    6  技能(光魔法)
    5  魔法(次元魔术)
    5  怪物(风龙)
    5  道具(防具)
    5  人物(五十之守护者)
    4  魔法(光属性·诺斯菲)
    4  人物(千年前·守护骑士)
    4  人物(迷宫62层怪物)
    4  人物(传说·圣人/莱文教缔造者)
    4  人物(锻冶师)
    4  人物(吸血种)
    4  物品(魔剑)
    4  地点(国)
    4  地点(迷宫都市)
    4  地点(港口城市)
    4  设施(魔导船)
    3  组织(联盟)
    3  魔法(冬系妨害)
    3  技能(莱纳·风魔法)
    3  魔法(次元魔法)
    3  组织(公会)
    3  道具(魔法戒指·MP储存)
    3  魔法(术式)
    3  人物(魔法使)
    3  人物(迷宫五十层守护者)
    3  人物(传说·背叛的使徒)
    3  物品(武具)
    3  组织(贵族家门)
    3  称号
    3  物品(剑)
    2  魔法(技能)
    2  技能(涡波固有)
    2  魔法(强化·辅助)
    2  魔法(转移)
    2  技能(生产)
    2  地点(魔王城内)
    2  魔法(次元属性·涡波·攻击魔力)
    2  人物(新人探索者·原奴隶)
    2  人物(艾德所称呼的战场少女)
    2  人物(南军·无名职务称呼)
    2  人物(迷宫怪物·31层)
    2  魔法(防壁)
    2  人物(迷宫63层怪物)
    2  技能(锻冶系)
    2  地点(迷宫阶层)
    2  人物(魔人·『支配之王』)
    2  人物(群体)
    2  人物(莉帕的创造者·千年前)
    2  人物(军人)
    2  人物(兽人·猫耳少女)
    2  人物(迷宫64层怪物·精灵)
    2  道具(魔法道具·戒指)
    2  组织(宗教)
    2  技能(剑技)
    2  人物(迷宫怪物·Boss)
    2  称号·传说
    2  地点(人工空间·记忆收束城市)
    2  魔法(次元魔术·最高等)
    2  人物(南方联盟士官)
    2  人物(千年前之王·据艾德)
    2  人物(魔石人类·神圣魔法使)
    2  怪物
    2  人物(迷宫61层怪物·精灵)
    2  技能(固有技能)
    2  地点(城堡·司令部)
    2  魔法(水晶系·涡波)
    2  地点(佩艾希亚城内)
    2  技能(收纳)
    2  魔法(次元系·战斗支援)
    2  魔法(鲜血魔法)
    2  魔法(光系)
    2  物品(武器)
    2  技能(冰结魔法)
    2  道具(靴)
    2  地点(迷宫里侧再现都市)
    2  国家
    2  家名·宅邸(伊丽莎白・沃尔斯本家)
    2  道具(手套)
    2  魔法(炎系·拉丝缇娅拉)
    2  道具(船只)
    2  种族(魔物)
    1  魔法(龙系·声)
    1  人物/存在(北方同盟盟主·称号)
    1  人物(世界奉还阵召唤怪物)
    1  人物(守护者·风之理的盗窃者)
    1  人物(罗德养亲·兽人)
    1  物品(魔石道具)
    1  技能(剑技·共鸣)
    1  魔法(据点设置)
    1  人物(本土大型怪物)
    1  魔法(魅惑之光·先天咒术式)
    1  技能(固有)
    1  魔法(斯诺使用)
    1  怪物(五十五层断崖带·鸟型)
    1  武器(光属性·长枪)
    1  设施(情报收集场所)
    1  载体(世界奉还阵载体)
    1  道具(迷宫拾得剑)
    1  怪物(五十五层·风属性·狼型)
    1  技能(拉丝缇娅拉固有)
    1  技能(异空间魔法)
    1  人物(阿雷亚斯家当主·元剑圣)
    1  道具(魔石船)
    1  人物(长生种·龙种)
    1  物品(魔石)
    1  地点(迷宫·空洞层)
    1  技能(固有·正体不明)
    1  魔法(暗系妨害)
    1  人物(千年前·将军)
    1  人物(魔石人类·群体)
    1  怪物(迷宫·白蛇)
    1  载具(船)
    1  魔法(风系大魔法)
    1  怪物(迷宫·人形铠甲)
    1  人物(大空洞产出怪物)
    1  人物(迷宫65层怪物)
    1  魔法(火焰系奥义)
    1  人物(迷宫外怪物)
    1  守护者称号(暗之理)
    1  地点(迷宫·罗德的阶层)
    1  魔法(冰结系)
    1  人物(怪物)
    1  怪物(迷宫六十六层支配者)
    1  道具(手记)
    1  魔法(风系妨害)
    1  魔法体系(光属性)
    1  人物/存在(称号·千年前的敌对者)
    1  人物(长生种·树人)
    1  地点(佩艾希亚城内·绘画)
    1  怪物(迷宫·鱼形)
    1  人物(佩艾希亚·骑士·贝丝酱成年态)
    1  组织(国家联合)
    1  人物(骑士·诺斯菲三骑士之一)
    1  地点(涡波的原世界)
    1  技能(魔力干涉)
    1  人物(魔法屋店员·精灵耳)
    1  人物(已逝·原文未命名)
    1  人物(传闻称号)
    1  魔法(维度系)
    1  魔法(风属性·罗德·武器构筑)
    1  魔法(暗系强化)
    1  魔法(风属性·罗德)
    1  魔法(转移门)
    1  魔法(次元魔术·空间断层)
    1  技能(鉴定/察知)
    1  技能(分析魔法)
    1  魔法(热系·加速)
    1  魔法(冻结系)
    1  道具(怪物掉落)
    1  人物(守护者)
    1  人物(奴隶商人·地下商人)
    1  人物(莱纳的主君)
    1  人物(魔人·北境老夫妇·缇缇养祖父)
    1  人物(联合国军·无专名职务称呼)
    1  人物(弗茨亚茨大圣堂神官)
    1  怪物(39层植物型)
    1  技能(物品收纳)
    1  人物(公主)
    1  人物(佩艾希亚·兽人女性·粮铺)
    1  人物(理的盗窃者)
    1  地点(城堡·迷宫第66层里侧)
    1  人物(罗德幼年·回忆像)
    1  魔法(风)
    1  魔法(应用技术)
    1  地点(过去王国·于迷宫66层里侧重现)
    1  魔法(玛利亚炎系)
    1  道具(迷宫拾得轻盔)
    1  魔法(龙系)
    1  道具(戒指)
    1  人物(军人·舰队指挥官)
    1  组织(讨伐小队)
    1  魔法(次元收纳)
    1  魔法(振动球)
    1  地名
    1  技能(移动加速·涡波)
    1  人物(传说·使徒)
    1  魔法(系统)
    1  技能(风属性轻量咏唱)
    1  道具(魔导书)
    1  怪物(水栖)
    1  魔法(次元魔术·派生应用)
    1  守护者称号(地之理)
    1  人物(迷宫建造者·身份不明)
    1  魔法(精神系妨害)
    1  魔法(重力系)
    1  技能(玛利亚)
    1  人物(酒馆女性店员)
    1  技能(指挥系·涡波)
    1  技能(莱纳·神圣魔法)
    1  魔法(冲击)
    1  人物(职务称呼·劳拉维亚魔法屋经理)
    1  组织(弗茨亚茨骑士团)
    1  人物(瓦尔德的酒馆看板娘)
    1  道具(首饰)
    1  魔法(探知)
    1  魔法(冰结系攻击)
    1  人物(职务称呼)
    1  技能(前『？？？』)
    1  魔法(龙系·风)
    1  人物(集体称呼·据缇缇)
    1  怪物(鸟型)
    1  人物(王)
    1  家族(贵族武门)
    1  道具(武器)
    1  魔法(次元属性·涡波·支援)
    1  人物(王族公主)
    1  地点(千年前·王国)
    1  道具(迷宫拾得防具)
    1  人物(魔石人类·再诞容器)
    1  技能(感知·涡波)
    1  人物(莱纳体内之魂)
    1  人物(兽人·锻冶师)
    1  魔法(神圣·共鸣光矢)
    1  载具(客船)
    1  人物(恶德商人·奴隶商)
    1  人物(怪物·迷宫第六十六层)
    1  魔法(剑技)
    1  人物(千年前始祖)
    1  地点(城市)
    1  魔法(攻击)
    1  地点(迷宫内·罗德居城)
    1  魔法(次元系妨害)
    1  道具(守护者魔石)
    1  技能(涡波后天·服饰系)
    1  道具
    1  称号(罗德·缇缇)
    1  魔法(阵)
    1  魔法(次元)
    1  概念(货币)
    1  魔法(火炎)
    1  技能(精神魔法)
    1  地点·国家形态(佩艾希亚时间轴再现)
    1  生物(军用骑乘)
    1  地点(佩艾希亚·城堡中央玉座之殿)
    1  称号(相川涡波·守护者们的称呼)
    1  技能(风)
    1  道具(敕令文书)
    1  道具(圣遗物)
    1  魔法(即死)
    1  魔法(鲜血系·借取)
    1  魔法(移动)
    1  地点(灾变地形)
    1  技能(感知系)
    1  魔法(复合魔法)
    1  物种(树木)
    1  技术
    1  魔法(次元属性·涡波·魔法战特化)
    1  魔法(四人共鸣)
    1  魔法(次元系·未来视)
    1  魔法(光系·防御)
    1  魔法(风系·共鸣)
    1  技能(兽人变身)
    1  理(风之理·被盗窃)
    1  道具(法衣)
    1  地点(千年前·北方诸国)
    1  魔法(涡波)
    1  魔法(空间)
    1  设定(现状)
    1  魔法(地属性·基础)
    1  设定(人物状态)
    1  地点(佩艾希亚·罗德出身设施)
    1  技能招式(飞踢)
    1  魔法(联络)
    1  魔法(变身能力·塞拉)
    1  魔法(水晶系·剑)
    1  地点(国家)
    1  道具(短剑)
    1  地点(千年前北方国家)
    1  技能(魔法)
    1  地点(河川)
    1  道具(武具)
    1  技能武术(流派)
    1  技能魔法(风弹系)
    1  魔法
    1  物品(魔法道具)
    1  技能招式(喊名)
    1  咒术(罗德之风咏唱)
    1  道具(诅咒剑)
    1  设施(移动剧场)
    1  设定(世界)
    1  地点(弗茨亚茨本国)
    1  道具(魔法道具)
    1  魔法(次元系·穿透·涡波)
    1  魔法(中级风魔法)
    1  魔法(冻结)
    1  系统机能(状态栏表示)
    1  地点(迷宫阶层·BOSS层)
    1  道具(衣物)
    1  宗教(大陆信仰)
    1  魔法(知性魔法·莉帕)
    1  技能(鉴定)
    1  组织(佩艾希亚·千年前王国近卫)
    1  魔法(水晶·地之理)
    1  魔法(暗系·莉帕)
    1  技能招式(风弹)
    1  魔法(次元系·涡波)
    1  物品(矿物)
    1  魔法(火焰系)
    1  技能(欺骗系)
    1  地点(魔王城)
    1  道具(联络媒介·树木)
    1  魔法(鲜血·复合)
    1  地点(大陆)
    1  地点(佩艾希亚·魔王城王座大厅)
    1  战争
    1  技能魔法(流派)
    1  设定(现象·世界之毒)
    1  载具(魔石船)
    1  地点(第二迷宫都市·本土中央)
    1  魔法(神圣系)
    1  圣遗物(血液)
    1  技能魔法(风属性大魔法)
    1  传闻·概念
    1  地点(迷宫·六十六层里侧)
    1  地点·媒介物
    1  现象
    1  地点·纪念物
    1  地点·王国
    1  种族
    1  称号·存在阶位
    1  种族·社会范畴
== 包含对（粒度纪律违反候选） ==
'人物'(780) ⊂ '人物(知性魔法)'(42)
'人物'(780) ⊂ '人物(迷宫生物)'(42)
'人物'(780) ⊂ '人物(四十守护者)'(30)
'人物'(780) ⊂ '人物(千年前·始祖)'(19)
'人物'(780) ⊂ '人物(迷宫六十层守护者)'(18)
'人物'(780) ⊂ '人物(传说·正义的使徒)'(13)
'人物'(780) ⊂ '人物(魔石人类)'(13)
'人物'(780) ⊂ '人物(使徒)'(11)
'人物'(780) ⊂ '人物(传说)'(6)
'人物'(780) ⊂ '人物(五十之守护者)'(5)
'人物'(780) ⊂ '人物(传说·圣人/莱文教缔造者)'(4)
'人物'(780) ⊂ '人物(千年前·守护骑士)'(4)
'人物'(780) ⊂ '人物(吸血种)'(4)
'人物'(780) ⊂ '人物(迷宫62层怪物)'(4)
'人物'(780) ⊂ '人物(锻冶师)'(4)
'人物'(780) ⊂ '人物(传说·背叛的使徒)'(3)
'人物'(780) ⊂ '人物(迷宫五十层守护者)'(3)
'人物'(780) ⊂ '人物(魔法使)'(3)
'人物'(780) ⊂ '人物(兽人·猫耳少女)'(2)
'人物'(780) ⊂ '人物(军人)'(2)
'人物'(780) ⊂ '人物(千年前之王·据艾德)'(2)
'人物'(780) ⊂ '人物(南军·无名职务称呼)'(2)
'人物'(780) ⊂ '人物(南方联盟士官)'(2)
'人物'(780) ⊂ '人物(新人探索者·原奴隶)'(2)
'人物'(780) ⊂ '人物(群体)'(2)
'人物'(780) ⊂ '人物(艾德所称呼的战场少女)'(2)
'人物'(780) ⊂ '人物(莉帕的创造者·千年前)'(2)
'人物'(780) ⊂ '人物(迷宫61层怪物·精灵)'(2)
'人物'(780) ⊂ '人物(迷宫63层怪物)'(2)
'人物'(780) ⊂ '人物(迷宫64层怪物·精灵)'(2)
'人物'(780) ⊂ '人物(迷宫怪物·31层)'(2)
'人物'(780) ⊂ '人物(迷宫怪物·Boss)'(2)
'人物'(780) ⊂ '人物(魔人·『支配之王』)'(2)
'人物'(780) ⊂ '人物(魔石人类·神圣魔法使)'(2)
'人物'(780) ⊂ '人物(世界奉还阵召唤怪物)'(1)
'人物'(780) ⊂ '人物(传说·使徒)'(1)
'人物'(780) ⊂ '人物(传闻称号)'(1)
'人物'(780) ⊂ '人物(佩艾希亚·兽人女性·粮铺)'(1)
'人物'(780) ⊂ '人物(佩艾希亚·骑士·贝丝酱成年态)'(1)
'人物'(780) ⊂ '人物(公主)'(1)
'人物'(780) ⊂ '人物(兽人·锻冶师)'(1)
'人物'(780) ⊂ '人物(军人·舰队指挥官)'(1)
'人物'(780) ⊂ '人物(千年前·将军)'(1)
'人物'(780) ⊂ '人物(千年前始祖)'(1)
'人物'(780) ⊂ '人物(大空洞产出怪物)'(1)
'人物'(780) ⊂ '人物(奴隶商人·地下商人)'(1)
'人物'(780) ⊂ '人物(守护者)'(1)
'人物'(780) ⊂ '人物(守护者·风之理的盗窃者)'(1)
'人物'(780) ⊂ '人物(已逝·原文未命名)'(1)
'人物'(780) ⊂ '人物(弗茨亚茨大圣堂神官)'(1)
'人物'(780) ⊂ '人物(怪物)'(1)
'人物'(780) ⊂ '人物(怪物·迷宫第六十六层)'(1)
'人物'(780) ⊂ '人物(恶德商人·奴隶商)'(1)
'人物'(780) ⊂ '人物(本土大型怪物)'(1)
'人物'(780) ⊂ '人物(王)'(1)
'人物'(780) ⊂ '人物(王族公主)'(1)
'人物'(780) ⊂ '人物(理的盗窃者)'(1)
'人物'(780) ⊂ '人物(瓦尔德的酒馆看板娘)'(1)
'人物'(780) ⊂ '人物(罗德养亲·兽人)'(1)
'人物'(780) ⊂ '人物(罗德幼年·回忆像)'(1)
'人物'(780) ⊂ '人物(职务称呼)'(1)
'人物'(780) ⊂ '人物(职务称呼·劳拉维亚魔法屋经理)'(1)
'人物'(780) ⊂ '人物(联合国军·无专名职务称呼)'(1)
'人物'(780) ⊂ '人物(莱纳体内之魂)'(1)
'人物'(780) ⊂ '人物(莱纳的主君)'(1)
'人物'(780) ⊂ '人物(迷宫65层怪物)'(1)
'人物'(780) ⊂ '人物(迷宫外怪物)'(1)
'人物'(780) ⊂ '人物(迷宫建造者·身份不明)'(1)
'人物'(780) ⊂ '人物(酒馆女性店员)'(1)
'人物'(780) ⊂ '人物(长生种·树人)'(1)
'人物'(780) ⊂ '人物(长生种·龙种)'(1)
'人物'(780) ⊂ '人物(阿雷亚斯家当主·元剑圣)'(1)
'人物'(780) ⊂ '人物(集体称呼·据缇缇)'(1)
'人物'(780) ⊂ '人物(骑士·诺斯菲三骑士之一)'(1)
'人物'(780) ⊂ '人物(魔人·北境老夫妇·缇缇养祖父)'(1)
'人物'(780) ⊂ '人物(魔法屋店员·精灵耳)'(1)
'人物'(780) ⊂ '人物(魔石人类·再诞容器)'(1)
'人物'(780) ⊂ '人物(魔石人类·群体)'(1)
'人物'(780) ⊂ '人物/存在(北方同盟盟主·称号)'(1)
'人物'(780) ⊂ '人物/存在(称号·千年前的敌对者)'(1)
'人物'(780) ⊂ '设定(人物状态)'(1)
'技能魔法'(119) ⊂ '技能魔法(流派)'(1)
'技能魔法'(119) ⊂ '技能魔法(风属性大魔法)'(1)
'技能魔法'(119) ⊂ '技能魔法(风弹系)'(1)
'概念'(33) ⊂ '概念(称号)'(9)
'概念'(33) ⊂ '传闻·概念'(1)
'概念'(33) ⊂ '概念(货币)'(1)
'物品'(27) ⊂ '物品(魔剑)'(4)
'物品'(27) ⊂ '物品(剑)'(3)
'物品'(27) ⊂ '物品(武具)'(3)
'物品'(27) ⊂ '物品(武器)'(2)
'物品'(27) ⊂ '技能(物品收纳)'(1)
'物品'(27) ⊂ '物品(矿物)'(1)
'物品'(27) ⊂ '物品(魔法道具)'(1)
'物品'(27) ⊂ '物品(魔石)'(1)
'物品'(27) ⊂ '物品(魔石道具)'(1)
'地点'(25) ⊂ '地点(迷宫)'(10)
'地点'(25) ⊂ '地点(国/势力)'(7)
'地点'(25) ⊂ '地点(迷宫层)'(7)
'地点'(25) ⊂ '地点(国)'(4)
'地点'(25) ⊂ '地点(港口城市)'(4)
'地点'(25) ⊂ '地点(迷宫都市)'(4)
'地点'(25) ⊂ '地点(人工空间·记忆收束城市)'(2)
'地点'(25) ⊂ '地点(佩艾希亚城内)'(2)
'地点'(25) ⊂ '地点(城堡·司令部)'(2)
'地点'(25) ⊂ '地点(迷宫里侧再现都市)'(2)
'地点'(25) ⊂ '地点(迷宫阶层)'(2)
'地点'(25) ⊂ '地点(魔王城内)'(2)
'地点'(25) ⊂ '地点(佩艾希亚·城堡中央玉座之殿)'(1)
'地点'(25) ⊂ '地点(佩艾希亚·罗德出身设施)'(1)
'地点'(25) ⊂ '地点(佩艾希亚·魔王城王座大厅)'(1)
'地点'(25) ⊂ '地点(佩艾希亚城内·绘画)'(1)
'地点'(25) ⊂ '地点(千年前·北方诸国)'(1)
'地点'(25) ⊂ '地点(千年前·王国)'(1)
'地点'(25) ⊂ '地点(千年前北方国家)'(1)
'地点'(25) ⊂ '地点(国家)'(1)
'地点'(25) ⊂ '地点(城堡·迷宫第66层里侧)'(1)
'地点'(25) ⊂ '地点(城市)'(1)
'地点'(25) ⊂ '地点(大陆)'(1)
'地点'(25) ⊂ '地点(弗茨亚茨本国)'(1)
'地点'(25) ⊂ '地点(河川)'(1)
'地点'(25) ⊂ '地点(涡波的原世界)'(1)
'地点'(25) ⊂ '地点(灾变地形)'(1)
'地点'(25) ⊂ '地点(第二迷宫都市·本土中央)'(1)
'地点'(25) ⊂ '地点(过去王国·于迷宫66层里侧重现)'(1)
'地点'(25) ⊂ '地点(迷宫·六十六层里侧)'(1)
'地点'(25) ⊂ '地点(迷宫·空洞层)'(1)
'地点'(25) ⊂ '地点(迷宫·罗德的阶层)'(1)
'地点'(25) ⊂ '地点(迷宫内·罗德居城)'(1)
'地点'(25) ⊂ '地点(迷宫阶层·BOSS层)'(1)
'地点'(25) ⊂ '地点(魔王城)'(1)
'地点'(25) ⊂ '地点·国家形态(佩艾希亚时间轴再现)'(1)
'地点'(25) ⊂ '地点·媒介物'(1)
'地点'(25) ⊂ '地点·王国'(1)
'地点'(25) ⊂ '地点·纪念物'(1)
'技能'(23) ⊂ '技能魔法'(119)
'技能'(23) ⊂ '技能(次元魔法)'(17)
'技能'(23) ⊂ '技能(光魔法)'(6)
'技能'(23) ⊂ '技能(风魔法)'(6)
'技能'(23) ⊂ '技能(莱纳·风魔法)'(3)
'技能'(23) ⊂ '技能(冰结魔法)'(2)
'技能'(23) ⊂ '技能(剑技)'(2)
'技能'(23) ⊂ '技能(固有技能)'(2)
'技能'(23) ⊂ '技能(收纳)'(2)
'技能'(23) ⊂ '技能(涡波固有)'(2)
'技能'(23) ⊂ '技能(生产)'(2)
'技能'(23) ⊂ '技能(锻冶系)'(2)
'技能'(23) ⊂ '魔法(技能)'(2)
'技能'(23) ⊂ '技能(兽人变身)'(1)
'技能'(23) ⊂ '技能(分析魔法)'(1)
'技能'(23) ⊂ '技能(前『？？？』)'(1)
'技能'(23) ⊂ '技能(剑技·共鸣)'(1)
'技能'(23) ⊂ '技能(固有)'(1)
'技能'(23) ⊂ '技能(固有·正体不明)'(1)
'技能'(23) ⊂ '技能(异空间魔法)'(1)
'技能'(23) ⊂ '技能(感知·涡波)'(1)
'技能'(23) ⊂ '技能(感知系)'(1)
'技能'(23) ⊂ '技能(拉丝缇娅拉固有)'(1)
'技能'(23) ⊂ '技能(指挥系·涡波)'(1)
'技能'(23) ⊂ '技能(欺骗系)'(1)
'技能'(23) ⊂ '技能(涡波后天·服饰系)'(1)
'技能'(23) ⊂ '技能(物品收纳)'(1)
'技能'(23) ⊂ '技能(玛利亚)'(1)
'技能'(23) ⊂ '技能(移动加速·涡波)'(1)
'技能'(23) ⊂ '技能(精神魔法)'(1)
'技能'(23) ⊂ '技能(莱纳·神圣魔法)'(1)
'技能'(23) ⊂ '技能(鉴定)'(1)
'技能'(23) ⊂ '技能(鉴定/察知)'(1)
'技能'(23) ⊂ '技能(风)'(1)
'技能'(23) ⊂ '技能(风属性轻量咏唱)'(1)
'技能'(23) ⊂ '技能(魔力干涉)'(1)
'技能'(23) ⊂ '技能(魔法)'(1)
'技能'(23) ⊂ '技能招式(喊名)'(1)
'技能'(23) ⊂ '技能招式(风弹)'(1)
'技能'(23) ⊂ '技能招式(飞踢)'(1)
'技能'(23) ⊂ '技能武术(流派)'(1)
'技能'(23) ⊂ '技能魔法(流派)'(1)
'技能'(23) ⊂ '技能魔法(风属性大魔法)'(1)
'技能'(23) ⊂ '技能魔法(风弹系)'(1)
'人物(魔石人类)'(13) ⊂ '人物(魔石人类·神圣魔法使)'(2)
'人物(魔石人类)'(13) ⊂ '人物(魔石人类·再诞容器)'(1)
'人物(魔石人类)'(13) ⊂ '人物(魔石人类·群体)'(1)
'地点(迷宫)'(10) ⊂ '地点(迷宫层)'(7)
'地点(迷宫)'(10) ⊂ '地点(迷宫都市)'(4)
'地点(迷宫)'(10) ⊂ '地点(迷宫里侧再现都市)'(2)
'地点(迷宫)'(10) ⊂ '地点(迷宫阶层)'(2)
'地点(迷宫)'(10) ⊂ '地点(迷宫·六十六层里侧)'(1)
'地点(迷宫)'(10) ⊂ '地点(迷宫·空洞层)'(1)
'地点(迷宫)'(10) ⊂ '地点(迷宫·罗德的阶层)'(1)
'地点(迷宫)'(10) ⊂ '地点(迷宫内·罗德居城)'(1)
'地点(迷宫)'(10) ⊂ '地点(迷宫阶层·BOSS层)'(1)
'组织'(10) ⊂ '组织(公会)'(3)
'组织'(10) ⊂ '组织(联盟)'(3)
'组织'(10) ⊂ '组织(贵族家门)'(3)
'组织'(10) ⊂ '组织(宗教)'(2)
'组织'(10) ⊂ '组织(佩艾希亚·千年前王国近卫)'(1)
'组织'(10) ⊂ '组织(国家联合)'(1)
'组织'(10) ⊂ '组织(弗茨亚茨骑士团)'(1)
'组织'(10) ⊂ '组织(讨伐小队)'(1)
'道具(魔石)'(9) ⊂ '道具(魔石船)'(1)
'魔法(风系)'(9) ⊂ '魔法(风系·共鸣)'(1)
'魔法(风系)'(9) ⊂ '魔法(风系大魔法)'(1)
'魔法(风系)'(9) ⊂ '魔法(风系妨害)'(1)
'魔法(次元系)'(8) ⊂ '魔法(次元系·战斗支援)'(2)
'魔法(次元系)'(8) ⊂ '魔法(次元系·未来视)'(1)
'魔法(次元系)'(8) ⊂ '魔法(次元系·涡波)'(1)
'魔法(次元系)'(8) ⊂ '魔法(次元系·穿透·涡波)'(1)
'魔法(次元系)'(8) ⊂ '魔法(次元系妨害)'(1)
'人物(传说)'(6) ⊂ '人物(传说·正义的使徒)'(13)
'人物(传说)'(6) ⊂ '人物(传说·圣人/莱文教缔造者)'(4)
'人物(传说)'(6) ⊂ '人物(传说·背叛的使徒)'(3)
'人物(传说)'(6) ⊂ '人物(传说·使徒)'(1)
'魔法(次元魔术)'(5) ⊂ '魔法(次元魔术·最高等)'(2)
'魔法(次元魔术)'(5) ⊂ '魔法(次元魔术·派生应用)'(1)
'魔法(次元魔术)'(5) ⊂ '魔法(次元魔术·空间断层)'(1)
'地点(国)'(4) ⊂ '地点(国/势力)'(7)
'地点(国)'(4) ⊂ '地点(国家)'(1)
'称号'(3) ⊂ '概念(称号)'(9)
'称号'(3) ⊂ '称号·传说'(2)
'称号'(3) ⊂ '人物(传闻称号)'(1)
'称号'(3) ⊂ '人物/存在(北方同盟盟主·称号)'(1)
'称号'(3) ⊂ '人物/存在(称号·千年前的敌对者)'(1)
'称号'(3) ⊂ '守护者称号(地之理)'(1)
'称号'(3) ⊂ '守护者称号(暗之理)'(1)
'称号'(3) ⊂ '称号(相川涡波·守护者们的称呼)'(1)
'称号'(3) ⊂ '称号(罗德·缇缇)'(1)
'称号'(3) ⊂ '称号·存在阶位'(1)
'人物(军人)'(2) ⊂ '人物(军人·舰队指挥官)'(1)
'国家'(2) ⊂ '地点(千年前北方国家)'(1)
'国家'(2) ⊂ '地点(国家)'(1)
'国家'(2) ⊂ '地点·国家形态(佩艾希亚时间轴再现)'(1)
'国家'(2) ⊂ '组织(国家联合)'(1)
'地点(佩艾希亚城内)'(2) ⊂ '地点(佩艾希亚城内·绘画)'(1)
'地点(迷宫阶层)'(2) ⊂ '地点(迷宫阶层·BOSS层)'(1)
'怪物'(2) ⊂ '怪物(风龙)'(5)
'怪物'(2) ⊂ '人物(迷宫62层怪物)'(4)
'怪物'(2) ⊂ '人物(迷宫61层怪物·精灵)'(2)
'怪物'(2) ⊂ '人物(迷宫63层怪物)'(2)
'怪物'(2) ⊂ '人物(迷宫64层怪物·精灵)'(2)
'怪物'(2) ⊂ '人物(迷宫怪物·31层)'(2)
'怪物'(2) ⊂ '人物(迷宫怪物·Boss)'(2)
'怪物'(2) ⊂ '人物(世界奉还阵召唤怪物)'(1)
'怪物'(2) ⊂ '人物(大空洞产出怪物)'(1)
'怪物'(2) ⊂ '人物(怪物)'(1)
'怪物'(2) ⊂ '人物(怪物·迷宫第六十六层)'(1)
'怪物'(2) ⊂ '人物(本土大型怪物)'(1)
'怪物'(2) ⊂ '人物(迷宫65层怪物)'(1)
'怪物'(2) ⊂ '人物(迷宫外怪物)'(1)
'怪物'(2) ⊂ '怪物(39层植物型)'(1)
'怪物'(2) ⊂ '怪物(五十五层·风属性·狼型)'(1)
'怪物'(2) ⊂ '怪物(五十五层断崖带·鸟型)'(1)
'怪物'(2) ⊂ '怪物(水栖)'(1)
'怪物'(2) ⊂ '怪物(迷宫·人形铠甲)'(1)
'怪物'(2) ⊂ '怪物(迷宫·白蛇)'(1)
'怪物'(2) ⊂ '怪物(迷宫·鱼形)'(1)
'怪物'(2) ⊂ '怪物(迷宫六十六层支配者)'(1)
'怪物'(2) ⊂ '怪物(鸟型)'(1)
'怪物'(2) ⊂ '道具(怪物掉落)'(1)
'技能(剑技)'(2) ⊂ '技能(剑技·共鸣)'(1)
'魔法(光系)'(2) ⊂ '魔法(光系·防御)'(1)
'魔法(转移)'(2) ⊂ '魔法(转移门)'(1)
'人物(守护者)'(1) ⊂ '人物(守护者·风之理的盗窃者)'(1)
'人物(怪物)'(1) ⊂ '人物(怪物·迷宫第六十六层)'(1)
'人物(王)'(1) ⊂ '人物(王族公主)'(1)
'人物(职务称呼)'(1) ⊂ '人物(职务称呼·劳拉维亚魔法屋经理)'(1)
'地点(魔王城)'(1) ⊂ '地点(魔王城内)'(2)
'技术'(1) ⊂ '魔法(应用技术)'(1)
'技能(固有)'(1) ⊂ '技能(固有技能)'(2)
'技能(固有)'(1) ⊂ '技能(固有·正体不明)'(1)
'技能(鉴定)'(1) ⊂ '技能(鉴定/察知)'(1)
'技能(风)'(1) ⊂ '技能(风魔法)'(6)
'技能(风)'(1) ⊂ '技能(风属性轻量咏唱)'(1)
'物品(魔石)'(1) ⊂ '物品(魔石道具)'(1)
'现象'(1) ⊂ '设定(现象·世界之毒)'(1)
'种族'(1) ⊂ '种族(魔物)'(2)
'种族'(1) ⊂ '种族·社会范畴'(1)
'道具'(1) ⊂ '道具(剑)'(37)
'道具'(1) ⊂ '道具(魔石)'(9)
'道具'(1) ⊂ '道具(魔剑)'(6)
'道具'(1) ⊂ '道具(防具)'(5)
'道具'(1) ⊂ '道具(魔法戒指·MP储存)'(3)
'道具'(1) ⊂ '道具(手套)'(2)
'道具'(1) ⊂ '道具(船只)'(2)
'道具'(1) ⊂ '道具(靴)'(2)
'道具'(1) ⊂ '道具(魔法道具·戒指)'(2)
'道具'(1) ⊂ '物品(魔法道具)'(1)
'道具'(1) ⊂ '物品(魔石道具)'(1)
'道具'(1) ⊂ '道具(圣遗物)'(1)
'道具'(1) ⊂ '道具(守护者魔石)'(1)
'道具'(1) ⊂ '道具(怪物掉落)'(1)
'道具'(1) ⊂ '道具(戒指)'(1)
'道具'(1) ⊂ '道具(手记)'(1)
'道具'(1) ⊂ '道具(敕令文书)'(1)
'道具'(1) ⊂ '道具(武具)'(1)
'道具'(1) ⊂ '道具(武器)'(1)
'道具'(1) ⊂ '道具(法衣)'(1)
'道具'(1) ⊂ '道具(短剑)'(1)
'道具'(1) ⊂ '道具(联络媒介·树木)'(1)
'道具'(1) ⊂ '道具(衣物)'(1)
'道具'(1) ⊂ '道具(诅咒剑)'(1)
'道具'(1) ⊂ '道具(迷宫拾得剑)'(1)
'道具'(1) ⊂ '道具(迷宫拾得轻盔)'(1)
'道具'(1) ⊂ '道具(迷宫拾得防具)'(1)
'道具'(1) ⊂ '道具(首饰)'(1)
'道具'(1) ⊂ '道具(魔导书)'(1)
'道具'(1) ⊂ '道具(魔法道具)'(1)
'道具'(1) ⊂ '道具(魔石船)'(1)
'道具(魔法道具)'(1) ⊂ '道具(魔法道具·戒指)'(2)
'魔法'(1) ⊂ '技能魔法'(119)
'魔法'(1) ⊂ '人物(知性魔法)'(42)
'魔法'(1) ⊂ '技能(次元魔法)'(17)
'魔法'(1) ⊂ '魔法(风系)'(9)
'魔法'(1) ⊂ '魔法(次元系)'(8)
'魔法'(1) ⊂ '技能(光魔法)'(6)
'魔法'(1) ⊂ '技能(风魔法)'(6)
'魔法'(1) ⊂ '魔法(次元魔术)'(5)
'魔法'(1) ⊂ '魔法(光属性·诺斯菲)'(4)
'魔法'(1) ⊂ '人物(魔法使)'(3)
'魔法'(1) ⊂ '技能(莱纳·风魔法)'(3)
'魔法'(1) ⊂ '道具(魔法戒指·MP储存)'(3)
'魔法'(1) ⊂ '魔法(冬系妨害)'(3)
'魔法'(1) ⊂ '魔法(术式)'(3)
'魔法'(1) ⊂ '魔法(次元魔法)'(3)
'魔法'(1) ⊂ '人物(魔石人类·神圣魔法使)'(2)
'魔法'(1) ⊂ '技能(冰结魔法)'(2)
'魔法'(1) ⊂ '道具(魔法道具·戒指)'(2)
'魔法'(1) ⊂ '魔法(光系)'(2)
'魔法'(1) ⊂ '魔法(强化·辅助)'(2)
'魔法'(1) ⊂ '魔法(技能)'(2)
'魔法'(1) ⊂ '魔法(次元属性·涡波·攻击魔力)'(2)
'魔法'(1) ⊂ '魔法(次元系·战斗支援)'(2)
'魔法'(1) ⊂ '魔法(次元魔术·最高等)'(2)
'魔法'(1) ⊂ '魔法(水晶系·涡波)'(2)
'魔法'(1) ⊂ '魔法(炎系·拉丝缇娅拉)'(2)
'魔法'(1) ⊂ '魔法(转移)'(2)
'魔法'(1) ⊂ '魔法(防壁)'(2)
'魔法'(1) ⊂ '魔法(鲜血魔法)'(2)
'魔法'(1) ⊂ '人物(职务称呼·劳拉维亚魔法屋经理)'(1)
'魔法'(1) ⊂ '人物(魔法屋店员·精灵耳)'(1)
'魔法'(1) ⊂ '技能(分析魔法)'(1)
'魔法'(1) ⊂ '技能(异空间魔法)'(1)
'魔法'(1) ⊂ '技能(精神魔法)'(1)
'魔法'(1) ⊂ '技能(莱纳·神圣魔法)'(1)
'魔法'(1) ⊂ '技能(魔法)'(1)
'魔法'(1) ⊂ '技能魔法(流派)'(1)
'魔法'(1) ⊂ '技能魔法(风属性大魔法)'(1)
'魔法'(1) ⊂ '技能魔法(风弹系)'(1)
'魔法'(1) ⊂ '物品(魔法道具)'(1)
'魔法'(1) ⊂ '道具(魔法道具)'(1)
'魔法'(1) ⊂ '魔法(中级风魔法)'(1)
'魔法'(1) ⊂ '魔法(光系·防御)'(1)
'魔法'(1) ⊂ '魔法(冰结系)'(1)
'魔法'(1) ⊂ '魔法(冰结系攻击)'(1)
'魔法'(1) ⊂ '魔法(冲击)'(1)
'魔法'(1) ⊂ '魔法(冻结)'(1)
'魔法'(1) ⊂ '魔法(冻结系)'(1)
'魔法'(1) ⊂ '魔法(剑技)'(1)
'魔法'(1) ⊂ '魔法(即死)'(1)
'魔法'(1) ⊂ '魔法(变身能力·塞拉)'(1)
'魔法'(1) ⊂ '魔法(四人共鸣)'(1)
'魔法'(1) ⊂ '魔法(地属性·基础)'(1)
'魔法'(1) ⊂ '魔法(复合魔法)'(1)
'魔法'(1) ⊂ '魔法(应用技术)'(1)
'魔法'(1) ⊂ '魔法(振动球)'(1)
'魔法'(1) ⊂ '魔法(据点设置)'(1)
'魔法'(1) ⊂ '魔法(探知)'(1)
'魔法'(1) ⊂ '魔法(攻击)'(1)
'魔法'(1) ⊂ '魔法(斯诺使用)'(1)
'魔法'(1) ⊂ '魔法(暗系·莉帕)'(1)
'魔法'(1) ⊂ '魔法(暗系妨害)'(1)
'魔法'(1) ⊂ '魔法(暗系强化)'(1)
'魔法'(1) ⊂ '魔法(次元)'(1)
'魔法'(1) ⊂ '魔法(次元属性·涡波·支援)'(1)
'魔法'(1) ⊂ '魔法(次元属性·涡波·魔法战特化)'(1)
'魔法'(1) ⊂ '魔法(次元收纳)'(1)
'魔法'(1) ⊂ '魔法(次元系·未来视)'(1)
'魔法'(1) ⊂ '魔法(次元系·涡波)'(1)
'魔法'(1) ⊂ '魔法(次元系·穿透·涡波)'(1)
'魔法'(1) ⊂ '魔法(次元系妨害)'(1)
'魔法'(1) ⊂ '魔法(次元魔术·派生应用)'(1)
'魔法'(1) ⊂ '魔法(次元魔术·空间断层)'(1)
'魔法'(1) ⊂ '魔法(水晶·地之理)'(1)
'魔法'(1) ⊂ '魔法(水晶系·剑)'(1)
'魔法'(1) ⊂ '魔法(涡波)'(1)
'魔法'(1) ⊂ '魔法(火炎)'(1)
'魔法'(1) ⊂ '魔法(火焰系)'(1)
'魔法'(1) ⊂ '魔法(火焰系奥义)'(1)
'魔法'(1) ⊂ '魔法(热系·加速)'(1)
'魔法'(1) ⊂ '魔法(玛利亚炎系)'(1)
'魔法'(1) ⊂ '魔法(知性魔法·莉帕)'(1)
'魔法'(1) ⊂ '魔法(神圣·共鸣光矢)'(1)
'魔法'(1) ⊂ '魔法(神圣系)'(1)
'魔法'(1) ⊂ '魔法(移动)'(1)
'魔法'(1) ⊂ '魔法(空间)'(1)
'魔法'(1) ⊂ '魔法(精神系妨害)'(1)
'魔法'(1) ⊂ '魔法(系统)'(1)
'魔法'(1) ⊂ '魔法(维度系)'(1)
'魔法'(1) ⊂ '魔法(联络)'(1)
'魔法'(1) ⊂ '魔法(转移门)'(1)
'魔法'(1) ⊂ '魔法(重力系)'(1)
'魔法'(1) ⊂ '魔法(阵)'(1)
'魔法'(1) ⊂ '魔法(风)'(1)
'魔法'(1) ⊂ '魔法(风属性·罗德)'(1)
'魔法'(1) ⊂ '魔法(风属性·罗德·武器构筑)'(1)
'魔法'(1) ⊂ '魔法(风系·共鸣)'(1)
'魔法'(1) ⊂ '魔法(风系大魔法)'(1)
'魔法'(1) ⊂ '魔法(风系妨害)'(1)
'魔法'(1) ⊂ '魔法(魅惑之光·先天咒术式)'(1)
'魔法'(1) ⊂ '魔法(鲜血·复合)'(1)
'魔法'(1) ⊂ '魔法(鲜血系·借取)'(1)
'魔法'(1) ⊂ '魔法(龙系)'(1)
'魔法'(1) ⊂ '魔法(龙系·声)'(1)
'魔法'(1) ⊂ '魔法(龙系·风)'(1)
'魔法'(1) ⊂ '魔法体系(光属性)'(1)
'魔法(冰结系)'(1) ⊂ '魔法(冰结系攻击)'(1)
'魔法(冻结)'(1) ⊂ '魔法(冻结系)'(1)
'魔法(次元)'(1) ⊂ '魔法(次元系)'(8)
'魔法(次元)'(1) ⊂ '魔法(次元魔术)'(5)
'魔法(次元)'(1) ⊂ '魔法(次元魔法)'(3)
'魔法(次元)'(1) ⊂ '魔法(次元属性·涡波·攻击魔力)'(2)
'魔法(次元)'(1) ⊂ '魔法(次元系·战斗支援)'(2)
'魔法(次元)'(1) ⊂ '魔法(次元魔术·最高等)'(2)
'魔法(次元)'(1) ⊂ '魔法(次元属性·涡波·支援)'(1)
'魔法(次元)'(1) ⊂ '魔法(次元属性·涡波·魔法战特化)'(1)
'魔法(次元)'(1) ⊂ '魔法(次元收纳)'(1)
'魔法(次元)'(1) ⊂ '魔法(次元系·未来视)'(1)
'魔法(次元)'(1) ⊂ '魔法(次元系·涡波)'(1)
'魔法(次元)'(1) ⊂ '魔法(次元系·穿透·涡波)'(1)
'魔法(次元)'(1) ⊂ '魔法(次元系妨害)'(1)
'魔法(次元)'(1) ⊂ '魔法(次元魔术·派生应用)'(1)
'魔法(次元)'(1) ⊂ '魔法(次元魔术·空间断层)'(1)
'魔法(火焰系)'(1) ⊂ '魔法(火焰系奥义)'(1)
'魔法(风)'(1) ⊂ '魔法(风系)'(9)
'魔法(风)'(1) ⊂ '技能魔法(风属性大魔法)'(1)
'魔法(风)'(1) ⊂ '技能魔法(风弹系)'(1)
'魔法(风)'(1) ⊂ '魔法(风属性·罗德)'(1)
'魔法(风)'(1) ⊂ '魔法(风属性·罗德·武器构筑)'(1)
'魔法(风)'(1) ⊂ '魔法(风系·共鸣)'(1)
'魔法(风)'(1) ⊂ '魔法(风系大魔法)'(1)
'魔法(风)'(1) ⊂ '魔法(风系妨害)'(1)
'魔法(风属性·罗德)'(1) ⊂ '魔法(风属性·罗德·武器构筑)'(1)
'魔法(龙系)'(1) ⊂ '魔法(龙系·声)'(1)
'魔法(龙系)'(1) ⊂ '魔法(龙系·风)'(1)
